12-19 23:22:26.015  3653  4229 D HeadsetService:  isAudioOn: The number of audio connected devices 0
12-19 23:22:26.015  3653  4229 D HeadsetService: isScoOrCallActive(): Call Active:falseCall is Ringing:falseSCO is Active:false
12-19 23:22:26.015  3653  4229 E HeadsetStateMachine: returning mCurrentState as Connected
12-19 23:22:26.015  3653  4229 D HeadsetService:  isAudioOn: The number of audio connected devices 0
12-19 23:22:26.015  3653  4229 V Avrcp_ext: isPlayStateTobeUpdated: device: 04:CB:88:E2:14:7F
12-19 23:22:26.015  3653  4229 V Avrcp_ext: Single connection exists
12-19 23:22:26.015  3653  4229 V Avrcp_ext: isPlayStateToBeUpdated device is active device
12-19 23:22:26.016  3653  4229 I Avrcp_ext: updatePlayStatusForDevice: device: 04:CB:88:E2:14:7F
12-19 23:22:26.016  3653  4229 V Avrcp_ext: updatePlaybackState (1): old=PlaybackState {state=3, position=3274, buffered position=0, speed=1.0, updated=35893223, actions=2371511, custom actions=[Action:mName=' , mIcon=2131232018, mExtras=null, Action:mName='  "", mIcon=2131232101, mExtras=null, Action:mName=' , mIcon=2131231991, mExtras=null], active item id=80, error=null}(1), new=PlaybackState {state=3, position=3368, buffered position=0, speed=1.0, updated=35893321, actions=2371511, custom actions=[Action:mName=' , mIcon=2131232018, mExtras=null, Action:mName=' , mIcon=2131231991, mExtras=null], active item id=80, error=null}(1)
12-19 23:22:26.016  3653  4229 I Avrcp_ext: Exit updatePlayStatusForDevice
12-19 23:22:26.016  3653  4229 E HeadsetStateMachine: returning mCurrentState as Connected
12-19 23:22:26.016  3653  4229 D HeadsetService:  isAudioOn: The number of audio connected devices 0
12-19 23:22:26.016  3653  4229 D HeadsetService: isScoOrCallActive(): Call Active:falseCall is Ringing:falseSCO is Active:false
12-19 23:22:26.017  3653  4229 E HeadsetStateMachine: returning mCurrentState as Connected
12-19 23:22:26.017  3653  4229 D HeadsetService:  isAudioOn: The number of audio connected devices 0
12-19 23:22:26.017  3653  4229 V Avrcp_ext: isPlayStateTobeUpdated: device: null
12-19 23:22:26.017  3653  4229 V Avrcp_ext: Single connection exists
12-19 23:22:26.017  3653  4229 D Avrcp_ext: Enter sendPlayPosNotificationRsp
12-19 23:22:26.017  3653  4229 D Avrcp_ext: sendPlayPosNotificationRsp: Not registered or requesting.
12-19 23:22:26.017  3653  4229 D Avrcp_ext: Enter sendPlayPosNotificationRsp
12-19 23:22:26.017  3653  4229 D Avrcp_ext: sendPlayPosNotificationRsp: Not registered or requesting.
12-19 23:22:26.017  3653  4229 V Avrcp_ext: Exit updatePlayerStateAndPosition
12-19 23:22:26.017  3653  4229 V Avrcp_ext:  Exit onPlaybackStateChanged
12-19 23:22:26.017  3653  4229 V Avrcp_ext: onPlaybackStateChanged: state PlaybackState {state=3, position=3273, buffered position=0, speed=1.0, updated=35893222, actions=2371511, custom actions=[Action:mName=' , mIcon=2131232018, mExtras=null, Action:mName='  "", mIcon=2131232101, mExtras=null, Action:mName=' , mIcon=2131231991, mExtras=null], active item id=80, error=null}
12-19 23:22:26.021  3653  4229 V Avrcp_ext: updateCurrentMediaState: mMediaController: MediaController (com.google.android.apps.youtube.music@5fb5591) Ultimate Ukrainian summer playlist VOL.1,  ,  
12-19 23:22:26.022  3653  4229 V Avrcp_ext: isMusicActive: true getBluetoothPlayState: 1
12-19 23:22:26.022  3653  4229 V Avrcp_ext: updateCurrentMediaState: get media attributes: 
12-19 23:22:26.026  3653  4235 W bt_btif : btif_a2dp_ctrl_cb: A2DP-CTRL-CHANNEL EVENT UIPC_RX_DATA_READY_EVT
12-19 23:22:26.026  3653  4235 W bt_btif : btif_a2dp_command_ack: ## a2dp ack : A2DP_CTRL_GET_PRESENTATION_POSITION, queued : A2DP_CTRL_CMD_NONE,  status 0 ##
12-19 23:22:26.030  3653  4229 I Avrcp_ext: device found at index 0
12-19 23:22:26.030  3653  4229 V Avrcp_ext: updateCurrentMediaState: addr: [B@f8f1fda
12-19 23:22:26.030  3653  4229 V Avrcp_ext: Media update: id 8080? [MediaAttributes: U1 -  by  (5178000 0/0) ] : [MediaAttributes: U1 - Jm by  (5178000 0/0) ]
12-19 23:22:26.030  3653  4229 V Avrcp_ext: Check if NowPlayingList is updated
12-19 23:22:26.047  3653  4235 W bt_btif : btif_a2dp_ctrl_cb: A2DP-CTRL-CHANNEL EVENT UIPC_RX_DATA_READY_EVT
12-19 23:22:26.047  3653  4235 W bt_btif : btif_a2dp_command_ack: ## a2dp ack : A2DP_CTRL_GET_PRESENTATION_POSITION, queued : A2DP_CTRL_CMD_NONE,  status 0 ##
12-19 23:22:26.067  3653  4229 V Avrcp_ext: newPlayStatus:1mReportedPlayStatus:-1
12-19 23:22:26.068  3653  4229 V Avrcp_ext: updatePlaybackState, state: PlaybackState {state=3, position=3435, buffered position=0, speed=1.0, updated=35893388, actions=2371511, custom actions=[Action:mName=' , mIcon=2131232018, mExtras=null, Action:mName=' , mIcon=2131231991, mExtras=null], active item id=80, error=null} device: null
12-19 23:22:26.068  3653  4235 W bt_btif : btif_a2dp_ctrl_cb: A2DP-CTRL-CHANNEL EVENT UIPC_RX_DATA_READY_EVT
12-19 23:22:26.068  3653  4235 W bt_btif : btif_a2dp_command_ack: ## a2dp ack : A2DP_CTRL_GET_PRESENTATION_POSITION, queued : A2DP_CTRL_CMD_NONE,  status 0 ##
12-19 23:22:26.071  3653  4229 V Avrcp_ext: Device: JBL T460BT : old state: PlaybackState {state=3, position=3368, buffered position=0, speed=1.0, updated=35893321, actions=2371511, custom actions=[Action:mName=' , mIcon=2131232018, mExtras=null, Action:mName=' , mIcon=2131231991, mExtras=null], active item id=80, error=null}
12-19 23:22:26.071  3653  4229 V Avrcp_ext: Device: no name: 
12-19 23:22:26.071  3653  4229 V Avrcp_ext: updatePlayerStateAndPosition, old=PlaybackState {state=3, position=3368, buffered position=0, speed=1.0, updated=35893321, actions=2371511, custom actions=[Action:mName=' , mIcon=2131232018, mExtras=null, Action:mName=' , mIcon=2131231991, mExtras=null], active item id=80, error=null}, state=PlaybackState {state=3, position=3435, buffered position=0, speed=1.0, updated=35893388, actions=2371511, custom actions=[Action:mName=' , mIcon=2131232018, mExtras=null, Action:mName=' , mIcon=2131231991, mExtras=null], active item id=80, error=null}
12-19 23:22:26.071  3653  4229 V Avrcp_ext: old state = PlaybackState {state=3, position=3368, buffered position=0, speed=1.0, updated=35893321, actions=2371511, custom actions=[Action:mName=' , mIcon=2131232018, mExtras=null, Action:mName=' , mIcon=2131231991, mExtras=null], active item id=80, error=null}, new state= PlaybackState {state=3, position=3435, buffered position=0, speed=1.0, updated=35893388, actions=2371511, custom actions=[Action:mName=' , mIcon=2131232018, mExtras=null, Action:mName=' , mIcon=2131231991, mExtras=null], active item id=80, error=null}
12-19 23:22:26.071  3653  4229 D HeadsetService: getHeadsetService(): returning com.android.bluetooth.hfp.HeadsetService@f37c22b
12-19 23:22:26.072  3653  4229 E HeadsetStateMachine: returning mCurrentState as Connected
12-19 23:22:26.072  3653  4229 D HeadsetService:  isAudioOn: The number of audio connected devices 0
12-19 23:22:26.072  3653  4229 D HeadsetService: isScoOrCallActive(): Call Active:falseCall is Ringing:falseSCO is Active:false
12-19 23:22:26.072  3653  4229 E HeadsetStateMachine: returning mCurrentState as Connected
12-19 23:22:26.072  3653  4229 D HeadsetService:  isAudioOn: The number of audio connected devices 0
12-19 23:22:26.072  3653  4229 V Avrcp_ext: isPlayStateTobeUpdated: device: 04:CB:88:E2:14:7F
12-19 23:22:26.072  3653  4229 V Avrcp_ext: Single connection exists
12-19 23:22:26.072  3653  4229 V Avrcp_ext: isPlayStateToBeUpdated device is active device
12-19 23:22:26.072  3653  4229 I Avrcp_ext: updatePlayStatusForDevice: device: 04:CB:88:E2:14:7F
12-19 23:22:26.072  3653  4229 V Avrcp_ext: updatePlaybackState (1): old=PlaybackState {state=3, position=3368, buffered position=0, speed=1.0, updated=35893321, actions=2371511, custom actions=[Action:mName=' , mIcon=2131232018, mExtras=null, Action:mName=' , mIcon=2131231991, mExtras=null], active item id=80, error=null}(1), new=PlaybackState {state=3, position=3435, buffered position=0, speed=1.0, updated=35893388, actions=2371511, custom actions=[Action:mName=' , mIcon=2131232018, mExtras=null, Action:mName=' , mIcon=2131231991, mExtras=null], active item id=80, error=null}(1)
12-19 23:22:26.072  3653  4229 I Avrcp_ext: Exit updatePlayStatusForDevice
12-19 23:22:26.073  3653  4229 E HeadsetStateMachine: returning mCurrentState as Connected
12-19 23:22:26.073  3653  4229 D HeadsetService:  isAudioOn: The number of audio connected devices 0
12-19 23:22:26.073  3653  4229 D HeadsetService: isScoOrCallActive(): Call Active:falseCall is Ringing:falseSCO is Active:false
12-19 23:22:26.074  3653  4229 E HeadsetStateMachine: returning mCurrentState as Connected
12-19 23:22:26.074  3653  4229 D HeadsetService:  isAudioOn: The number of audio connected devices 0
12-19 23:22:26.074  3653  4229 V Avrcp_ext: isPlayStateTobeUpdated: device: null
12-19 23:22:26.074  3653  4229 V Avrcp_ext: Single connection exists
12-19 23:22:26.074  3653  4229 D Avrcp_ext: Enter sendPlayPosNotificationRsp
12-19 23:22:26.074  3653  4229 D Avrcp_ext: sendPlayPosNotificationRsp: Not registered or requesting.
12-19 23:22:26.074  3653  4229 D Avrcp_ext: Enter sendPlayPosNotificationRsp
12-19 23:22:26.074  3653  4229 D Avrcp_ext: sendPlayPosNotificationRsp: Not registered or requesting.
12-19 23:22:26.074  3653  4229 V Avrcp_ext: Exit updatePlayerStateAndPosition
12-19 23:22:26.074  3653  4229 V Avrcp_ext:  Exit onPlaybackStateChanged
12-19 23:22:26.074  3653  4229 V Avrcp_ext: onPlaybackStateChanged: state PlaybackState {state=3, position=3273, buffered position=0, speed=1.0, updated=35893226, actions=2371511, custom actions=[Action:mName=' , mIcon=2131232018, mExtras=null, Action:mName=' , mIcon=2131231991, mExtras=null], active item id=80, error=null}
12-19 23:22:26.080  3653  4229 V Avrcp_ext: updateCurrentMediaState: mMediaController: MediaController (com.google.android.apps.youtube.music@5fb5591) Ultimate Ukrainian summer playlist VOL.1,  ,  
12-19 23:22:26.081  3653  4229 V Avrcp_ext: isMusicActive: true getBluetoothPlayState: 1
12-19 23:22:26.082  3653  4229 V Avrcp_ext: updateCurrentMediaState: get media attributes: 
12-19 23:22:26.089  3653  4235 W bt_btif : btif_a2dp_ctrl_cb: A2DP-CTRL-CHANNEL EVENT UIPC_RX_DATA_READY_EVT
12-19 23:22:26.089  3653  4235 W bt_btif : btif_a2dp_command_ack: ## a2dp ack : A2DP_CTRL_GET_PRESENTATION_POSITION, queued : A2DP_CTRL_CMD_NONE,  status 0 ##
12-19 23:22:26.089  3653  4229 I Avrcp_ext: device found at index 0
12-19 23:22:26.089  3653  4229 V Avrcp_ext: updateCurrentMediaState: addr: [B@8412c0b
12-19 23:22:26.090  3653  4229 V Avrcp_ext: Media update: id 8080? [MediaAttributes: U1 -  by  (5178000 0/0) ] : [MediaAttributes: U1 - Jm by  (5178000 0/0) ]
12-19 23:22:26.090  3653  4229 V Avrcp_ext: Check if NowPlayingList is updated
12-19 23:22:26.097  3678  3678 W StaticLayout: maxLineHeight should not be -1.  maxLines:1 lineCount:1
12-19 23:22:26.098  3678  3678 I chatty  : uid=10038(com.android.systemui) identical 2 lines
12-19 23:22:26.099  3678  3678 W StaticLayout: maxLineHeight should not be -1.  maxLines:1 lineCount:1
12-19 23:22:26.110  3653  4235 W bt_btif : btif_a2dp_ctrl_cb: A2DP-CTRL-CHANNEL EVENT UIPC_RX_DATA_READY_EVT
12-19 23:22:26.110  3653  4235 W bt_btif : btif_a2dp_command_ack: ## a2dp ack : A2DP_CTRL_GET_PRESENTATION_POSITION, queued : A2DP_CTRL_CMD_NONE,  status 0 ##
12-19 23:22:26.125  3653  4229 V Avrcp_ext: newPlayStatus:1mReportedPlayStatus:-1
12-19 23:22:26.125  3653  4229 V Avrcp_ext: updatePlaybackState, state: PlaybackState {state=3, position=3494, buffered position=0, speed=1.0, updated=35893447, actions=2371511, custom actions=[Action:mName=' , mIcon=2131232018, mExtras=null, Action:mName=' , mIcon=2131231991, mExtras=null], active item id=80, error=null} device: null
12-19 23:22:26.126  3653  4229 V Avrcp_ext: Device: JBL T460BT : old state: PlaybackState {state=3, position=3435, buffered position=0, speed=1.0, updated=35893388, actions=2371511, custom actions=[Action:mName=' , mIcon=2131232018, mExtras=null, Action:mName=' , mIcon=2131231991, mExtras=null], active item id=80, error=null}
12-19 23:22:26.126  3653  4229 V Avrcp_ext: Device: no name: 
12-19 23:22:26.126  3653  4229 V Avrcp_ext: updatePlayerStateAndPosition, old=PlaybackState {state=3, position=3435, buffered position=0, speed=1.0, updated=35893388, actions=2371511, custom actions=[Action:mName=' , mIcon=2131232018, mExtras=null, Action:mName=' , mIcon=2131231991, mExtras=null], active item id=80, error=null}, state=PlaybackState {state=3, position=3494, buffered position=0, speed=1.0, updated=35893447, actions=2371511, custom actions=[Action:mName=' , mIcon=2131232018, mExtras=null, Action:mName=' , mIcon=2131231991, mExtras=null], active item id=80, error=null}
12-19 23:22:26.126  3653  4229 V Avrcp_ext: old state = PlaybackState {state=3, position=3435, buffered position=0, speed=1.0, updated=35893388, actions=2371511, custom actions=[Action:mName=' , mIcon=2131232018, mExtras=null, Action:mName=' , mIcon=2131231991, mExtras=null], active item id=80, error=null}, new state= PlaybackState {state=3, position=3494, buffered position=0, speed=1.0, updated=35893447, actions=2371511, custom actions=[Action:mName=' , mIcon=2131232018, mExtras=null, Action:mName=' , mIcon=2131231991, mExtras=null], active item id=80, error=null}
12-19 23:22:26.126  3653  4229 D HeadsetService: getHeadsetService(): returning com.android.bluetooth.hfp.HeadsetService@f37c22b
12-19 23:22:26.126  3653  4229 E HeadsetStateMachine: returning mCurrentState as Connected
12-19 23:22:26.126  3653  4229 D HeadsetService:  isAudioOn: The number of audio connected devices 0
12-19 23:22:26.126  3653  4229 D HeadsetService: isScoOrCallActive(): Call Active:falseCall is Ringing:falseSCO is Active:false
12-19 23:22:26.127  3653  4229 E HeadsetStateMachine: returning mCurrentState as Connected
12-19 23:22:26.127  3653  4229 D HeadsetService:  isAudioOn: The number of audio connected devices 0
12-19 23:22:26.127  3653  4229 V Avrcp_ext: isPlayStateTobeUpdated: device: 04:CB:88:E2:14:7F
12-19 23:22:26.127  3653  4229 V Avrcp_ext: Single connection exists
12-19 23:22:26.127  3653  4229 V Avrcp_ext: isPlayStateToBeUpdated device is active device
12-19 23:22:26.127  3653  4229 I Avrcp_ext: updatePlayStatusForDevice: device: 04:CB:88:E2:14:7F
12-19 23:22:26.127  3653  4229 V Avrcp_ext: updatePlaybackState (1): old=PlaybackState {state=3, position=3435, buffered position=0, speed=1.0, updated=35893388, actions=2371511, custom actions=[Action:mName=' , mIcon=2131232018, mExtras=null, Action:mName=' , mIcon=2131231991, mExtras=null], active item id=80, error=null}(1), new=PlaybackState {state=3, position=3494, buffered position=0, speed=1.0, updated=35893447, actions=2371511, custom actions=[Action:mName=' , mIcon=2131232018, mExtras=null, Action:mName=' , mIcon=2131231991, mExtras=null], active item id=80, error=null}(1)
12-19 23:22:26.127  3653  4229 I Avrcp_ext: Exit updatePlayStatusForDevice
12-19 23:22:26.127  3653  4229 E HeadsetStateMachine: returning mCurrentState as Connected
12-19 23:22:26.127  3653  4229 D HeadsetService:  isAudioOn: The number of audio connected devices 0
12-19 23:22:26.127  3653  4229 D HeadsetService: isScoOrCallActive(): Call Active:falseCall is Ringing:falseSCO is Active:false
12-19 23:22:26.127  3653  4229 E HeadsetStateMachine: returning mCurrentState as Connected
12-19 23:22:26.127  3653  4229 D HeadsetService:  isAudioOn: The number of audio connected devices 0
12-19 23:22:26.127  3653  4229 V Avrcp_ext: isPlayStateTobeUpdated: device: null
12-19 23:22:26.128  3653  4229 V Avrcp_ext: Single connection exists
12-19 23:22:26.128  3653  4229 D Avrcp_ext: Enter sendPlayPosNotificationRsp
12-19 23:22:26.128  3653  4229 D Avrcp_ext: sendPlayPosNotificationRsp: Not registered or requesting.
12-19 23:22:26.128  3653  4229 D Avrcp_ext: Enter sendPlayPosNotificationRsp
12-19 23:22:26.128  3653  4229 D Avrcp_ext: sendPlayPosNotificationRsp: Not registered or requesting.
12-19 23:22:26.128  3653  4229 V Avrcp_ext: Exit updatePlayerStateAndPosition
12-19 23:22:26.128  3653  4229 V Avrcp_ext:  Exit onPlaybackStateChanged
12-19 23:22:26.128  3653  4229 V Avrcp_ext: onPlaybackStateChanged: state PlaybackState {state=3, position=3273, buffered position=0, speed=1.0, updated=35893226, actions=2371511, custom actions=[Action:mName=' , mIcon=2131232018, mExtras=null, Action:mName=' , mIcon=2131231991, mExtras=null], active item id=80, error=null}
12-19 23:22:26.131  3653  4235 W bt_btif : btif_a2dp_ctrl_cb: A2DP-CTRL-CHANNEL EVENT UIPC_RX_DATA_READY_EVT
12-19 23:22:26.131  3653  4235 W bt_btif : btif_a2dp_command_ack: ## a2dp ack : A2DP_CTRL_GET_PRESENTATION_POSITION, queued : A2DP_CTRL_CMD_NONE,  status 0 ##
12-19 23:22:26.133  3653  4229 V Avrcp_ext: updateCurrentMediaState: mMediaController: MediaController (com.google.android.apps.youtube.music@5fb5591) Ultimate Ukrainian summer playlist VOL.1,  ,  
12-19 23:22:26.133  3653  4229 V Avrcp_ext: isMusicActive: true getBluetoothPlayState: 1
12-19 23:22:26.134  3653  4229 V Avrcp_ext: updateCurrentMediaState: get media attributes: 
12-19 23:22:26.141  3653  4235 W bt_btif : btif_a2dp_ctrl_cb: A2DP-CTRL-CHANNEL EVENT UIPC_RX_DATA_READY_EVT
12-19 23:22:26.141  3653  4235 W bt_btif : btif_a2dp_command_ack: ## a2dp ack : A2DP_CTRL_GET_PRESENTATION_POSITION, queued : A2DP_CTRL_CMD_NONE,  status 0 ##
12-19 23:22:26.141  3653  4229 I Avrcp_ext: device found at index 0
12-19 23:22:26.141  3653  4229 V Avrcp_ext: updateCurrentMediaState: addr: [B@aad4ae8
12-19 23:22:26.141  3653  4229 V Avrcp_ext: Media update: id 8080? [MediaAttributes: U1 -  by  (5178000 0/0) ] : [MediaAttributes: U1 - Jm by  (5178000 0/0) ]
12-19 23:22:26.141  3653  4229 V Avrcp_ext: Check if NowPlayingList is updated
12-19 23:22:26.163  3653  4235 W bt_btif : btif_a2dp_ctrl_cb: A2DP-CTRL-CHANNEL EVENT UIPC_RX_DATA_READY_EVT
12-19 23:22:26.163  3653  4235 W bt_btif : btif_a2dp_command_ack: ## a2dp ack : A2DP_CTRL_GET_PRESENTATION_POSITION, queued : A2DP_CTRL_CMD_NONE,  status 0 ##
12-19 23:22:26.178  3653  4229 V Avrcp_ext: newPlayStatus:1mReportedPlayStatus:-1
12-19 23:22:26.178  3653  4229 V Avrcp_ext: updatePlaybackState, state: PlaybackState {state=3, position=3546, buffered position=0, speed=1.0, updated=35893499, actions=2371511, custom actions=[Action:mName=' , mIcon=2131232018, mExtras=null, Action:mName=' , mIcon=2131231991, mExtras=null], active item id=80, error=null} device: null
12-19 23:22:26.179  3653  4229 V Avrcp_ext: Device: JBL T460BT : old state: PlaybackState {state=3, position=3494, buffered position=0, speed=1.0, updated=35893447, actions=2371511, custom actions=[Action:mName=' , mIcon=2131232018, mExtras=null, Action:mName=' , mIcon=2131231991, mExtras=null], active item id=80, error=null}
12-19 23:22:26.179  3653  4229 V Avrcp_ext: Device: no name: 
12-19 23:22:26.179  3653  4229 V Avrcp_ext: updatePlayerStateAndPosition, old=PlaybackState {state=3, position=3494, buffered position=0, speed=1.0, updated=35893447, actions=2371511, custom actions=[Action:mName=' , mIcon=2131232018, mExtras=null, Action:mName=' , mIcon=2131231991, mExtras=null], active item id=80, error=null}, state=PlaybackState {state=3, position=3546, buffered position=0, speed=1.0, updated=35893499, actions=2371511, custom actions=[Action:mName=' , mIcon=2131232018, mExtras=null, Action:mName=' , mIcon=2131231991, mExtras=null], active item id=80, error=null}
12-19 23:22:26.179  3653  4229 V Avrcp_ext: old state = PlaybackState {state=3, position=3494, buffered position=0, speed=1.0, updated=35893447, actions=2371511, custom actions=[Action:mName=' , mIcon=2131232018, mExtras=null, Action:mName=' , mIcon=2131231991, mExtras=null], active item id=80, error=null}, new state= PlaybackState {state=3, position=3546, buffered position=0, speed=1.0, updated=35893499, actions=2371511, custom actions=[Action:mName=' , mIcon=2131232018, mExtras=null, Action:mName=' , mIcon=2131231991, mExtras=null], active item id=80, error=null}
12-19 23:22:26.180  3653  4229 D HeadsetService: getHeadsetService(): returning com.android.bluetooth.hfp.HeadsetService@f37c22b
12-19 23:22:26.180  3653  4229 E HeadsetStateMachine: returning mCurrentState as Connected
12-19 23:22:26.181  3653  4229 D HeadsetService:  isAudioOn: The number of audio connected devices 0
12-19 23:22:26.181  3653  4229 D HeadsetService: isScoOrCallActive(): Call Active:falseCall is Ringing:falseSCO is Active:false
12-19 23:22:26.181  3653  4229 E HeadsetStateMachine: returning mCurrentState as Connected
12-19 23:22:26.181  3653  4229 D HeadsetService:  isAudioOn: The number of audio connected devices 0
12-19 23:22:26.181  3653  4229 V Avrcp_ext: isPlayStateTobeUpdated: device: 04:CB:88:E2:14:7F
12-19 23:22:26.181  3653  4229 V Avrcp_ext: Single connection exists
12-19 23:22:26.181  3653  4229 V Avrcp_ext: isPlayStateToBeUpdated device is active device
12-19 23:22:26.181  3653  4229 I Avrcp_ext: updatePlayStatusForDevice: device: 04:CB:88:E2:14:7F
12-19 23:22:26.181  3653  4229 V Avrcp_ext: updatePlaybackState (1): old=PlaybackState {state=3, position=3494, buffered position=0, speed=1.0, updated=35893447, actions=2371511, custom actions=[Action:mName=' , mIcon=2131232018, mExtras=null, Action:mName=' , mIcon=2131231991, mExtras=null], active item id=80, error=null}(1), new=PlaybackState {state=3, position=3546, buffered position=0, speed=1.0, updated=35893499, actions=2371511, custom actions=[Action:mName=' , mIcon=2131232018, mExtras=null, Action:mName=' , mIcon=2131231991, mExtras=null], active item id=80, error=null}(1)
12-19 23:22:26.181  3653  4229 I Avrcp_ext: Exit updatePlayStatusForDevice
12-19 23:22:26.182  3653  4229 E HeadsetStateMachine: returning mCurrentState as Connected
12-19 23:22:26.182  3653  4229 D HeadsetService:  isAudioOn: The number of audio connected devices 0
12-19 23:22:26.182  3653  4229 D HeadsetService: isScoOrCallActive(): Call Active:falseCall is Ringing:falseSCO is Active:false
12-19 23:22:26.182  3653  4229 E HeadsetStateMachine: returning mCurrentState as Connected
12-19 23:22:26.182  3653  4229 D HeadsetService:  isAudioOn: The number of audio connected devices 0
12-19 23:22:26.182  3653  4229 V Avrcp_ext: isPlayStateTobeUpdated: device: null
12-19 23:22:26.182  3653  4229 V Avrcp_ext: Single connection exists
12-19 23:22:26.182  3653  4229 D Avrcp_ext: Enter sendPlayPosNotificationRsp
12-19 23:22:26.182  3653  4229 D Avrcp_ext: sendPlayPosNotificationRsp: Not registered or requesting.
12-19 23:22:26.182  3653  4229 D Avrcp_ext: Enter sendPlayPosNotificationRsp
12-19 23:22:26.182  3653  4229 D Avrcp_ext: sendPlayPosNotificationRsp: Not registered or requesting.
12-19 23:22:26.182  3653  4229 V Avrcp_ext: Exit updatePlayerStateAndPosition
12-19 23:22:26.182  3653  4229 V Avrcp_ext:  Exit onPlaybackStateChanged
12-19 23:22:26.182  3653  4229 V Avrcp_ext: onPlaybackStateChanged: state PlaybackState {state=3, position=3273, buffered position=0, speed=1.0, updated=35893226, actions=2371511, custom actions=[Action:mName=' , mIcon=2131232018, mExtras=null, Action:mName=' , mIcon=2131231991, mExtras=null], active item id=80, error=null}
12-19 23:22:26.183  3653  4235 W bt_btif : btif_a2dp_ctrl_cb: A2DP-CTRL-CHANNEL EVENT UIPC_RX_DATA_READY_EVT
12-19 23:22:26.183  3653  4235 W bt_btif : btif_a2dp_command_ack: ## a2dp ack : A2DP_CTRL_GET_PRESENTATION_POSITION, queued : A2DP_CTRL_CMD_NONE,  status 0 ##
12-19 23:22:26.186  3653  4229 V Avrcp_ext: updateCurrentMediaState: mMediaController: MediaController (com.google.android.apps.youtube.music@5fb5591) Ultimate Ukrainian summer playlist VOL.1,  ,  
12-19 23:22:26.186  3653  4229 V Avrcp_ext: isMusicActive: true getBluetoothPlayState: 1
12-19 23:22:26.187  3653  4229 V Avrcp_ext: updateCurrentMediaState: get media attributes: 
12-19 23:22:26.194  3653  4229 I Avrcp_ext: device found at index 0
12-19 23:22:26.194  3653  4229 V Avrcp_ext: updateCurrentMediaState: addr: [B@bc501
12-19 23:22:26.194  3653  4229 V Avrcp_ext: Media update: id 8080? [MediaAttributes: U1 -  by  (5178000 0/0) ] : [MediaAttributes: U1 - Jm by  (5178000 0/0) ]
12-19 23:22:26.194  3653  4229 V Avrcp_ext: Check if NowPlayingList is updated
12-19 23:22:26.204  3653  4235 W bt_btif : btif_a2dp_ctrl_cb: A2DP-CTRL-CHANNEL EVENT UIPC_RX_DATA_READY_EVT
12-19 23:22:26.204  3653  4235 W bt_btif : btif_a2dp_command_ack: ## a2dp ack : A2DP_CTRL_GET_PRESENTATION_POSITION, queued : A2DP_CTRL_CMD_NONE,  status 0 ##
12-19 23:22:26.225  3653  4235 W bt_btif : btif_a2dp_ctrl_cb: A2DP-CTRL-CHANNEL EVENT UIPC_RX_DATA_READY_EVT
12-19 23:22:26.225  3653  4235 W bt_btif : btif_a2dp_command_ack: ## a2dp ack : A2DP_CTRL_GET_PRESENTATION_POSITION, queued : A2DP_CTRL_CMD_NONE,  status 0 ##
12-19 23:22:26.229  3653  4229 V Avrcp_ext: newPlayStatus:1mReportedPlayStatus:-1
12-19 23:22:26.229  3653  4229 V Avrcp_ext: updatePlaybackState, state: PlaybackState {state=3, position=3599, buffered position=0, speed=1.0, updated=35893552, actions=2371511, custom actions=[Action:mName=' , mIcon=2131232018, mExtras=null, Action:mName=' , mIcon=2131231991, mExtras=null], active item id=80, error=null} device: null
12-19 23:22:26.230  3653  4229 V Avrcp_ext: Device: JBL T460BT : old state: PlaybackState {state=3, position=3546, buffered position=0, speed=1.0, updated=35893499, actions=2371511, custom actions=[Action:mName=' , mIcon=2131232018, mExtras=null, Action:mName=' , mIcon=2131231991, mExtras=null], active item id=80, error=null}
12-19 23:22:26.230  3653  4229 V Avrcp_ext: Device: no name: 
12-19 23:22:26.230  3653  4229 V Avrcp_ext: updatePlayerStateAndPosition, old=PlaybackState {state=3, position=3546, buffered position=0, speed=1.0, updated=35893499, actions=2371511, custom actions=[Action:mName=' , mIcon=2131232018, mExtras=null, Action:mName=' , mIcon=2131231991, mExtras=null], active item id=80, error=null}, state=PlaybackState {state=3, position=3599, buffered position=0, speed=1.0, updated=35893552, actions=2371511, custom actions=[Action:mName=' , mIcon=2131232018, mExtras=null, Action:mName=' , mIcon=2131231991, mExtras=null], active item id=80, error=null}
12-19 23:22:26.230  3653  4229 V Avrcp_ext: old state = PlaybackState {state=3, position=3546, buffered position=0, speed=1.0, updated=35893499, actions=2371511, custom actions=[Action:mName=' , mIcon=2131232018, mExtras=null, Action:mName=' , mIcon=2131231991, mExtras=null], active item id=80, error=null}, new state= PlaybackState {state=3, position=3599, buffered position=0, speed=1.0, updated=35893552, actions=2371511, custom actions=[Action:mName=' , mIcon=2131232018, mExtras=null, Action:mName=' , mIcon=2131231991, mExtras=null], active item id=80, error=null}
12-19 23:22:26.230  3653  4229 D HeadsetService: getHeadsetService(): returning com.android.bluetooth.hfp.HeadsetService@f37c22b
12-19 23:22:26.231  3653  4229 E HeadsetStateMachine: returning mCurrentState as Connected
12-19 23:22:26.231  3653  4229 D HeadsetService:  isAudioOn: The number of audio connected devices 0
12-19 23:22:26.231  3653  4229 D HeadsetService: isScoOrCallActive(): Call Active:falseCall is Ringing:falseSCO is Active:false
12-19 23:22:26.232  3653  4229 E HeadsetStateMachine: returning mCurrentState as Connected
12-19 23:22:26.232  3653  4229 D HeadsetService:  isAudioOn: The number of audio connected devices 0
12-19 23:22:26.232  3653  4229 V Avrcp_ext: isPlayStateTobeUpdated: device: 04:CB:88:E2:14:7F
12-19 23:22:26.232  3653  4229 V Avrcp_ext: Single connection exists
12-19 23:22:26.232  3653  4229 V Avrcp_ext: isPlayStateToBeUpdated device is active device
12-19 23:22:26.232  3653  4229 I Avrcp_ext: updatePlayStatusForDevice: device: 04:CB:88:E2:14:7F
12-19 23:22:26.232  3653  4229 V Avrcp_ext: updatePlaybackState (1): old=PlaybackState {state=3, position=3546, buffered position=0, speed=1.0, updated=35893499, actions=2371511, custom actions=[Action:mName=' , mIcon=2131232018, mExtras=null, Action:mName=' , mIcon=2131231991, mExtras=null], active item id=80, error=null}(1), new=PlaybackState {state=3, position=3599, buffered position=0, speed=1.0, updated=35893552, actions=2371511, custom actions=[Action:mName=' , mIcon=2131232018, mExtras=null, Action:mName=' , mIcon=2131231991, mExtras=null], active item id=80, error=null}(1)
12-19 23:22:26.232  3653  4229 I Avrcp_ext: Exit updatePlayStatusForDevice
12-19 23:22:26.232  3653  4229 E HeadsetStateMachine: returning mCurrentState as Connected
12-19 23:22:26.232  3653  4229 D HeadsetService:  isAudioOn: The number of audio connected devices 0
12-19 23:22:26.232  3653  4229 D HeadsetService: isScoOrCallActive(): Call Active:falseCall is Ringing:falseSCO is Active:false
12-19 23:22:26.233  3653  4229 E HeadsetStateMachine: returning mCurrentState as Connected
12-19 23:22:26.233  3653  4229 D HeadsetService:  isAudioOn: The number of audio connected devices 0
12-19 23:22:26.233  3653  4229 V Avrcp_ext: isPlayStateTobeUpdated: device: null
12-19 23:22:26.233  3653  4229 V Avrcp_ext: Single connection exists
12-19 23:22:26.233  3653  4229 D Avrcp_ext: Enter sendPlayPosNotificationRsp
12-19 23:22:26.233  3653  4229 D Avrcp_ext: sendPlayPosNotificationRsp: Not registered or requesting.
12-19 23:22:26.233  3653  4229 D Avrcp_ext: Enter sendPlayPosNotificationRsp
12-19 23:22:26.233  3653  4229 D Avrcp_ext: sendPlayPosNotificationRsp: Not registered or requesting.
12-19 23:22:26.233  3653  4229 V Avrcp_ext: Exit updatePlayerStateAndPosition
12-19 23:22:26.233  3653  4229 V Avrcp_ext:  Exit onPlaybackStateChanged
12-19 23:22:26.234  3653  4229 V Avrcp_ext: onQueueChanged: NowPlaying list changed, Queue Size = 1273
12-19 23:22:26.234  3653  4229 D Avrcp_ext: Exit onQueueChanged
12-19 23:22:26.234  3653  4229 V Avrcp_ext: onMetadataChanged
12-19 23:22:26.238  3653  4229 V Avrcp_ext: updateCurrentMediaState: mMediaController: MediaController (com.google.android.apps.youtube.music@5fb5591) Ultimate Ukrainian summer playlist VOL.1,  ,  
12-19 23:22:26.238  3653  4229 V Avrcp_ext: isMusicActive: true getBluetoothPlayState: 1
12-19 23:22:26.238  3653  4229 V Avrcp_ext: updateCurrentMediaState: get media attributes: 
12-19 23:22:26.246  3653  4229 I Avrcp_ext: device found at index 0
12-19 23:22:26.246  3653  4229 V Avrcp_ext: updateCurrentMediaState: addr: [B@acf5fa6
12-19 23:22:26.246  3653  4229 V Avrcp_ext: Media update: id 8080? [MediaAttributes: U1 -  by  (5178000 0/0) ] : [MediaAttributes: U1 - Jm by  (5178000 0/0) ]
12-19 23:22:26.246  3653  4229 V Avrcp_ext: Check if NowPlayingList is updated
12-19 23:22:26.246  3653  4235 W bt_btif : btif_a2dp_ctrl_cb: A2DP-CTRL-CHANNEL EVENT UIPC_RX_DATA_READY_EVT
12-19 23:22:26.246  3653  4235 W bt_btif : btif_a2dp_command_ack: ## a2dp ack : A2DP_CTRL_GET_PRESENTATION_POSITION, queued : A2DP_CTRL_CMD_NONE,  status 0 ##
12-19 23:22:26.267  3653  4235 W bt_btif : btif_a2dp_ctrl_cb: A2DP-CTRL-CHANNEL EVENT UIPC_RX_DATA_READY_EVT
12-19 23:22:26.267  3653  4235 W bt_btif : btif_a2dp_command_ack: ## a2dp ack : A2DP_CTRL_GET_PRESENTATION_POSITION, queued : A2DP_CTRL_CMD_NONE,  status 0 ##
12-19 23:22:26.281  3653  4229 V Avrcp_ext: newPlayStatus:1mReportedPlayStatus:-1
12-19 23:22:26.281  3653  4229 V Avrcp_ext: updatePlaybackState, state: PlaybackState {state=3, position=3651, buffered position=0, speed=1.0, updated=35893604, actions=2371511, custom actions=[Action:mName=' , mIcon=2131232018, mExtras=null, Action:mName=' , mIcon=2131231991, mExtras=null], active item id=80, error=null} device: null
12-19 23:22:26.283  3653  4229 V Avrcp_ext: Device: JBL T460BT : old state: PlaybackState {state=3, position=3599, buffered position=0, speed=1.0, updated=35893552, actions=2371511, custom actions=[Action:mName=' , mIcon=2131232018, mExtras=null, Action:mName=' , mIcon=2131231991, mExtras=null], active item id=80, error=null}
12-19 23:22:26.283  3653  4229 V Avrcp_ext: Device: no name: 
12-19 23:22:26.283  3653  4229 V Avrcp_ext: updatePlayerStateAndPosition, old=PlaybackState {state=3, position=3599, buffered position=0, speed=1.0, updated=35893552, actions=2371511, custom actions=[Action:mName=' , mIcon=2131232018, mExtras=null, Action:mName=' , mIcon=2131231991, mExtras=null], active item id=80, error=null}, state=PlaybackState {state=3, position=3651, buffered position=0, speed=1.0, updated=35893604, actions=2371511, custom actions=[Action:mName=' , mIcon=2131232018, mExtras=null, Action:mName=' , mIcon=2131231991, mExtras=null], active item id=80, error=null}
12-19 23:22:26.283  3653  4229 V Avrcp_ext: old state = PlaybackState {state=3, position=3599, buffered position=0, speed=1.0, updated=35893552, actions=2371511, custom actions=[Action:mName=' , mIcon=2131232018, mExtras=null, Action:mName=' , mIcon=2131231991, mExtras=null], active item id=80, error=null}, new state= PlaybackState {state=3, position=3651, buffered position=0, speed=1.0, updated=35893604, actions=2371511, custom actions=[Action:mName=' , mIcon=2131232018, mExtras=null, Action:mName=' , mIcon=2131231991, mExtras=null], active item id=80, error=null}
12-19 23:22:26.283  3653  4229 D HeadsetService: getHeadsetService(): returning com.android.bluetooth.hfp.HeadsetService@f37c22b
12-19 23:22:26.284  3653  4229 E HeadsetStateMachine: returning mCurrentState as Connected
12-19 23:22:26.284  3653  4229 D HeadsetService:  isAudioOn: The number of audio connected devices 0
12-19 23:22:26.284  3653  4229 D HeadsetService: isScoOrCallActive(): Call Active:falseCall is Ringing:falseSCO is Active:false
12-19 23:22:26.284  3653  4229 E HeadsetStateMachine: returning mCurrentState as Connected
12-19 23:22:26.284  3653  4229 D HeadsetService:  isAudioOn: The number of audio connected devices 0
12-19 23:22:26.284  3653  4229 V Avrcp_ext: isPlayStateTobeUpdated: device: 04:CB:88:E2:14:7F
12-19 23:22:26.284  3653  4229 V Avrcp_ext: Single connection exists
12-19 23:22:26.284  3653  4229 V Avrcp_ext: isPlayStateToBeUpdated device is active device
12-19 23:22:26.284  3653  4229 I Avrcp_ext: updatePlayStatusForDevice: device: 04:CB:88:E2:14:7F
12-19 23:22:26.284  3653  4229 V Avrcp_ext: updatePlaybackState (1): old=PlaybackState {state=3, position=3599, buffered position=0, speed=1.0, updated=35893552, actions=2371511, custom actions=[Action:mName=' , mIcon=2131232018, mExtras=null, Action:mName=' , mIcon=2131231991, mExtras=null], active item id=80, error=null}(1), new=PlaybackState {state=3, position=3651, buffered position=0, speed=1.0, updated=35893604, actions=2371511, custom actions=[Action:mName=' , mIcon=2131232018, mExtras=null, Action:mName=' , mIcon=2131231991, mExtras=null], active item id=80, error=null}(1)
12-19 23:22:26.284  3653  4229 I Avrcp_ext: Exit updatePlayStatusForDevice
12-19 23:22:26.285  3653  4229 E HeadsetStateMachine: returning mCurrentState as Connected
12-19 23:22:26.285  3653  4229 D HeadsetService:  isAudioOn: The number of audio connected devices 0
12-19 23:22:26.285  3653  4229 D HeadsetService: isScoOrCallActive(): Call Active:falseCall is Ringing:falseSCO is Active:false
12-19 23:22:26.286  3653  4229 E HeadsetStateMachine: returning mCurrentState as Connected
12-19 23:22:26.286  3653  4229 D HeadsetService:  isAudioOn: The number of audio connected devices 0
12-19 23:22:26.286  3653  4229 V Avrcp_ext: isPlayStateTobeUpdated: device: null
12-19 23:22:26.286  3653  4229 V Avrcp_ext: Single connection exists
12-19 23:22:26.286  3653  4229 D Avrcp_ext: Enter sendPlayPosNotificationRsp
12-19 23:22:26.286  3653  4229 D Avrcp_ext: sendPlayPosNotificationRsp: Not registered or requesting.
12-19 23:22:26.286  3653  4229 D Avrcp_ext: Enter sendPlayPosNotificationRsp
12-19 23:22:26.286  3653  4229 D Avrcp_ext: sendPlayPosNotificationRsp: Not registered or requesting.
12-19 23:22:26.286  3653  4229 V Avrcp_ext: Exit updatePlayerStateAndPosition
12-19 23:22:26.286  3653  4229 V Avrcp_ext: AvrcpMessageHandler: received message=19
12-19 23:22:26.286  3653  4229 V Avrcp_ext: MSG_NOW_PLAYING_CHANGED_RSP
12-19 23:22:26.287  3653  4235 W bt_btif : btif_a2dp_ctrl_cb: A2DP-CTRL-CHANNEL EVENT UIPC_RX_DATA_READY_EVT
12-19 23:22:26.288  3653  4235 W bt_btif : btif_a2dp_command_ack: ## a2dp ack : A2DP_CTRL_GET_PRESENTATION_POSITION, queued : A2DP_CTRL_CMD_NONE,  status 0 ##
12-19 23:22:26.290  3653  4229 V Avrcp_ext: updateCurrentMediaState: mMediaController: MediaController (com.google.android.apps.youtube.music@5fb5591) Ultimate Ukrainian summer playlist VOL.1,  ,  
12-19 23:22:26.291  3653  4229 V Avrcp_ext: isMusicActive: true getBluetoothPlayState: 1
12-19 23:22:26.291  3653  4229 V Avrcp_ext: updateCurrentMediaState: get media attributes: 
12-19 23:22:26.299  3653  4229 I Avrcp_ext: device found at index 0
12-19 23:22:26.299  3653  4229 V Avrcp_ext: updateCurrentMediaState: addr: [B@9d47de7
12-19 23:22:26.299  3653  4229 V Avrcp_ext: Media update: id 8080? [MediaAttributes: U1 -  by  (5178000 0/0) ] : [MediaAttributes: U1 - Jm by  (5178000 0/0) ]
12-19 23:22:26.300  3653  4229 V Avrcp_ext: Check if NowPlayingList is updated
12-19 23:22:26.308  3653  4235 W bt_btif : btif_a2dp_ctrl_cb: A2DP-CTRL-CHANNEL EVENT UIPC_RX_DATA_READY_EVT
12-19 23:22:26.308  3653  4235 W bt_btif : btif_a2dp_command_ack: ## a2dp ack : A2DP_CTRL_GET_PRESENTATION_POSITION, queued : A2DP_CTRL_CMD_NONE,  status 0 ##
12-19 23:22:26.309  3678  3678 W StaticLayout: maxLineHeight should not be -1.  maxLines:1 lineCount:1
12-19 23:22:26.310  3678  3678 I chatty  : uid=10038(com.android.systemui) identical 2 lines
12-19 23:22:26.310  3678  3678 W StaticLayout: maxLineHeight should not be -1.  maxLines:1 lineCount:1
12-19 23:22:26.329  3653  4235 W bt_btif : btif_a2dp_ctrl_cb: A2DP-CTRL-CHANNEL EVENT UIPC_RX_DATA_READY_EVT
12-19 23:22:26.330  3653  4235 W bt_btif : btif_a2dp_command_ack: ## a2dp ack : A2DP_CTRL_GET_PRESENTATION_POSITION, queued : A2DP_CTRL_CMD_NONE,  status 0 ##
12-19 23:22:26.335  3653  4229 V Avrcp_ext: newPlayStatus:1mReportedPlayStatus:-1
12-19 23:22:26.335  3653  4229 V Avrcp_ext: updatePlaybackState, state: PlaybackState {state=3, position=3704, buffered position=0, speed=1.0, updated=35893657, actions=2371511, custom actions=[Action:mName=' , mIcon=2131232018, mExtras=null, Action:mName=' , mIcon=2131231991, mExtras=null], active item id=80, error=null} device: null
12-19 23:22:26.336  3653  4229 V Avrcp_ext: Device: JBL T460BT : old state: PlaybackState {state=3, position=3651, buffered position=0, speed=1.0, updated=35893604, actions=2371511, custom actions=[Action:mName=' , mIcon=2131232018, mExtras=null, Action:mName=' , mIcon=2131231991, mExtras=null], active item id=80, error=null}
12-19 23:22:26.336  3653  4229 V Avrcp_ext: Device: no name: 
12-19 23:22:26.336  3653  4229 V Avrcp_ext: updatePlayerStateAndPosition, old=PlaybackState {state=3, position=3651, buffered position=0, speed=1.0, updated=35893604, actions=2371511, custom actions=[Action:mName=' , mIcon=2131232018, mExtras=null, Action:mName=' , mIcon=2131231991, mExtras=null], active item id=80, error=null}, state=PlaybackState {state=3, position=3704, buffered position=0, speed=1.0, updated=35893657, actions=2371511, custom actions=[Action:mName=' , mIcon=2131232018, mExtras=null, Action:mName=' , mIcon=2131231991, mExtras=null], active item id=80, error=null}
12-19 23:22:26.336  3653  4229 V Avrcp_ext: old state = PlaybackState {state=3, position=3651, buffered position=0, speed=1.0, updated=35893604, actions=2371511, custom actions=[Action:mName=' , mIcon=2131232018, mExtras=null, Action:mName=' , mIcon=2131231991, mExtras=null], active item id=80, error=null}, new state= PlaybackState {state=3, position=3704, buffered position=0, speed=1.0, updated=35893657, actions=2371511, custom actions=[Action:mName=' , mIcon=2131232018, mExtras=null, Action:mName=' , mIcon=2131231991, mExtras=null], active item id=80, error=null}
12-19 23:22:26.336  3653  4229 D HeadsetService: getHeadsetService(): returning com.android.bluetooth.hfp.HeadsetService@f37c22b
12-19 23:22:26.336  3653  4229 E HeadsetStateMachine: returning mCurrentState as Connected
12-19 23:22:26.336  3653  4229 D HeadsetService:  isAudioOn: The number of audio connected devices 0
12-19 23:22:26.337  3653  4229 D HeadsetService: isScoOrCallActive(): Call Active:falseCall is Ringing:falseSCO is Active:false
12-19 23:22:26.337  3653  4229 E HeadsetStateMachine: returning mCurrentState as Connected
12-19 23:22:26.337  3653  4229 D HeadsetService:  isAudioOn: The number of audio connected devices 0
12-19 23:22:26.337  3653  4229 V Avrcp_ext: isPlayStateTobeUpdated: device: 04:CB:88:E2:14:7F
12-19 23:22:26.337  3653  4229 V Avrcp_ext: Single connection exists
12-19 23:22:26.337  3653  4229 V Avrcp_ext: isPlayStateToBeUpdated device is active device
12-19 23:22:26.337  3653  4229 I Avrcp_ext: updatePlayStatusForDevice: device: 04:CB:88:E2:14:7F
12-19 23:22:26.337  3653  4229 V Avrcp_ext: updatePlaybackState (1): old=PlaybackState {state=3, position=3651, buffered position=0, speed=1.0, updated=35893604, actions=2371511, custom actions=[Action:mName=' , mIcon=2131232018, mExtras=null, Action:mName=' , mIcon=2131231991, mExtras=null], active item id=80, error=null}(1), new=PlaybackState {state=3, position=3704, buffered position=0, speed=1.0, updated=35893657, actions=2371511, custom actions=[Action:mName=' , mIcon=2131232018, mExtras=null, Action:mName=' , mIcon=2131231991, mExtras=null], active item id=80, error=null}(1)
12-19 23:22:26.337  3653  4229 I Avrcp_ext: Exit updatePlayStatusForDevice
12-19 23:22:26.338  3653  4229 E HeadsetStateMachine: returning mCurrentState as Connected
12-19 23:22:26.338  3653  4229 D HeadsetService:  isAudioOn: The number of audio connected devices 0
12-19 23:22:26.338  3653  4229 D HeadsetService: isScoOrCallActive(): Call Active:falseCall is Ringing:falseSCO is Active:false
12-19 23:22:26.338  3653  4229 E HeadsetStateMachine: returning mCurrentState as Connected
12-19 23:22:26.338  3653  4229 D HeadsetService:  isAudioOn: The number of audio connected devices 0
12-19 23:22:26.338  3653  4229 V Avrcp_ext: isPlayStateTobeUpdated: device: null
12-19 23:22:26.338  3653  4229 V Avrcp_ext: Single connection exists
12-19 23:22:26.338  3653  4229 D Avrcp_ext: Enter sendPlayPosNotificationRsp
12-19 23:22:26.338  3653  4229 D Avrcp_ext: sendPlayPosNotificationRsp: Not registered or requesting.
12-19 23:22:26.338  3653  4229 D Avrcp_ext: Enter sendPlayPosNotificationRsp
12-19 23:22:26.338  3653  4229 D Avrcp_ext: sendPlayPosNotificationRsp: Not registered or requesting.
12-19 23:22:26.338  3653  4229 V Avrcp_ext: Exit updatePlayerStateAndPosition
12-19 23:22:26.338  3653  4229 V Avrcp_ext: Exit handleMessage
12-19 23:22:26.351  3653  4235 W bt_btif : btif_a2dp_ctrl_cb: A2DP-CTRL-CHANNEL EVENT UIPC_RX_DATA_READY_EVT
12-19 23:22:26.351  3653  4235 W bt_btif : btif_a2dp_command_ack: ## a2dp ack : A2DP_CTRL_GET_PRESENTATION_POSITION, queued : A2DP_CTRL_CMD_NONE,  status 0 ##
12-19 23:22:26.372  3653  4235 W bt_btif : btif_a2dp_ctrl_cb: A2DP-CTRL-CHANNEL EVENT UIPC_RX_DATA_READY_EVT
12-19 23:22:26.372  3653  4235 W bt_btif : btif_a2dp_command_ack: ## a2dp ack : A2DP_CTRL_GET_PRESENTATION_POSITION, queued : A2DP_CTRL_CMD_NONE,  status 0 ##
12-19 23:22:26.383  3653  4235 W bt_btif : btif_a2dp_ctrl_cb: A2DP-CTRL-CHANNEL EVENT UIPC_RX_DATA_READY_EVT
12-19 23:22:26.383  3653  4235 W bt_btif : btif_a2dp_command_ack: ## a2dp ack : A2DP_CTRL_GET_PRESENTATION_POSITION, queued : A2DP_CTRL_CMD_NONE,  status 0 ##
12-19 23:22:26.404  3653  4235 W bt_btif : btif_a2dp_ctrl_cb: A2DP-CTRL-CHANNEL EVENT UIPC_RX_DATA_READY_EVT
12-19 23:22:26.404  3653  4235 W bt_btif : btif_a2dp_command_ack: ## a2dp ack : A2DP_CTRL_GET_PRESENTATION_POSITION, queued : A2DP_CTRL_CMD_NONE,  status 0 ##
12-19 23:22:26.426  3653  4235 W bt_btif : btif_a2dp_ctrl_cb: A2DP-CTRL-CHANNEL EVENT UIPC_RX_DATA_READY_EVT
12-19 23:22:26.426  3653  4235 W bt_btif : btif_a2dp_command_ack: ## a2dp ack : A2DP_CTRL_GET_PRESENTATION_POSITION, queued : A2DP_CTRL_CMD_NONE,  status 0 ##
12-19 23:22:26.444  4196 30258 E bifa    : Phenotype API error. Event # dhor@fd46bd24, EventCode: 2 [CONTEXT service_id=51 ]
12-19 23:22:26.444  4196 30258 E bifa    : biec: 29506: Failed registering with Android package: com.google.android.apps.youtube.music. Config package already registered with a different Android package: com.google.android.youtube
12-19 23:22:26.444  4196 30258 E bifa    : 	at bigo.c(:com.google.android.gms@224814030@22.48.14 (100408-493411920):46)
12-19 23:22:26.444  4196 30258 E bifa    : 	at bigo.a(:com.google.android.gms@224814030@22.48.14 (100408-493411920):14)
12-19 23:22:26.444  4196 30258 E bifa    : 	at bigg.g(:com.google.android.gms@224814030@22.48.14 (100408-493411920):2)
12-19 23:22:26.444  4196 30258 E bifa    : 	at bifa.e(:com.google.android.gms@224814030@22.48.14 (100408-493411920):4)
12-19 23:22:26.444  4196 30258 E bifa    : 	at bifa.f(:com.google.android.gms@224814030@22.48.14 (100408-493411920):2)
12-19 23:22:26.444  4196 30258 E bifa    : 	at atgy.er(:com.google.android.gms@224814030@22.48.14 (100408-493411920):1)
12-19 23:22:26.444  4196 30258 E bifa    : 	at athe.run(:com.google.android.gms@224814030@22.48.14 (100408-493411920):12)
12-19 23:22:26.444  4196 30258 E bifa    : 	at cmvw.run(:com.google.android.gms@224814030@22.48.14 (100408-493411920):2)
12-19 23:22:26.444  4196 30258 E bifa    : 	at abva.c(:com.google.android.gms@224814030@22.48.14 (100408-493411920):6)
12-19 23:22:26.444  4196 30258 E bifa    : 	at abva.run(:com.google.android.gms@224814030@22.48.14 (100408-493411920):7)
12-19 23:22:26.444  4196 30258 E bifa    : 	at java.util.concurrent.ThreadPoolExecutor.runWorker(ThreadPoolExecutor.java:1167)
12-19 23:22:26.444  4196 30258 E bifa    : 	at java.util.concurrent.ThreadPoolExecutor$Worker.run(ThreadPoolExecutor.java:641)
12-19 23:22:26.444  4196 30258 E bifa    : 	at acae.run(:com.google.android.gms@224814030@22.48.14 (100408-493411920):0)
12-19 23:22:26.444  4196 30258 E bifa    : 	at java.lang.Thread.run(Thread.java:764)
12-19 23:22:26.444  4196 30258 W AsyncOperation: operation=RegisterOperationCall, opStatusCode=29506 [CONTEXT service_id=51 ]
12-19 23:22:26.444  4196 30258 W AsyncOperation: OperationException[Status{statusCode=Failed registering with Android package: com.google.android.apps.youtube.music. Config package already registered with a different Android package: com.google.android.youtube, resolution=null}]
12-19 23:22:26.444  4196 30258 W AsyncOperation: 	at bifa.e(:com.google.android.gms@224814030@22.48.14 (100408-493411920):6)
12-19 23:22:26.444  4196 30258 W AsyncOperation: 	at bifa.f(:com.google.android.gms@224814030@22.48.14 (100408-493411920):2)
12-19 23:22:26.444  4196 30258 W AsyncOperation: 	at atgy.er(:com.google.android.gms@224814030@22.48.14 (100408-493411920):1)
12-19 23:22:26.444  4196 30258 W AsyncOperation: 	at athe.run(:com.google.android.gms@224814030@22.48.14 (100408-493411920):12)
12-19 23:22:26.444  4196 30258 W AsyncOperation: 	at cmvw.run(:com.google.android.gms@224814030@22.48.14 (100408-493411920):2)
12-19 23:22:26.444  4196 30258 W AsyncOperation: 	at abva.c(:com.google.android.gms@224814030@22.48.14 (100408-493411920):6)
12-19 23:22:26.444  4196 30258 W AsyncOperation: 	at abva.run(:com.google.android.gms@224814030@22.48.14 (100408-493411920):7)
12-19 23:22:26.444  4196 30258 W AsyncOperation: 	at java.util.concurrent.ThreadPoolExecutor.runWorker(ThreadPoolExecutor.java:1167)
12-19 23:22:26.444  4196 30258 W AsyncOperation: 	at java.util.concurrent.ThreadPoolExecutor$Worker.run(ThreadPoolExecutor.java:641)
12-19 23:22:26.444  4196 30258 W AsyncOperation: 	at acae.run(:com.google.android.gms@224814030@22.48.14 (100408-493411920):0)
12-19 23:22:26.444  4196 30258 W AsyncOperation: 	at java.lang.Thread.run(Thread.java:764)
12-19 23:22:26.447  3653  4235 W bt_btif : btif_a2dp_ctrl_cb: A2DP-CTRL-CHANNEL EVENT UIPC_RX_DATA_READY_EVT
12-19 23:22:26.447  3653  4235 W bt_btif : btif_a2dp_command_ack: ## a2dp ack : A2DP_CTRL_GET_PRESENTATION_POSITION, queued : A2DP_CTRL_CMD_NONE,  status 0 ##
12-19 23:22:26.468  3653  4235 W bt_btif : btif_a2dp_ctrl_cb: A2DP-CTRL-CHANNEL EVENT UIPC_RX_DATA_READY_EVT
12-19 23:22:26.468  3653  4235 W bt_btif : btif_a2dp_command_ack: ## a2dp ack : A2DP_CTRL_GET_PRESENTATION_POSITION, queued : A2DP_CTRL_CMD_NONE,  status 0 ##
12-19 23:22:26.490  3653  4235 W bt_btif : btif_a2dp_ctrl_cb: A2DP-CTRL-CHANNEL EVENT UIPC_RX_DATA_READY_EVT
12-19 23:22:26.490  3653  4235 W bt_btif : btif_a2dp_command_ack: ## a2dp ack : A2DP_CTRL_GET_PRESENTATION_POSITION, queued : A2DP_CTRL_CMD_NONE,  status 0 ##
12-19 23:22:26.511  3653  4235 W bt_btif : btif_a2dp_ctrl_cb: A2DP-CTRL-CHANNEL EVENT UIPC_RX_DATA_READY_EVT
12-19 23:22:26.511  3653  4235 W bt_btif : btif_a2dp_command_ack: ## a2dp ack : A2DP_CTRL_GET_PRESENTATION_POSITION, queued : A2DP_CTRL_CMD_NONE,  status 0 ##
12-19 23:22:26.532  3653  4235 W bt_btif : btif_a2dp_ctrl_cb: A2DP-CTRL-CHANNEL EVENT UIPC_RX_DATA_READY_EVT
12-19 23:22:26.532  3653  4235 W bt_btif : btif_a2dp_command_ack: ## a2dp ack : A2DP_CTRL_GET_PRESENTATION_POSITION, queued : A2DP_CTRL_CMD_NONE,  status 0 ##
12-19 23:22:26.543  3653  4235 W bt_btif : btif_a2dp_ctrl_cb: A2DP-CTRL-CHANNEL EVENT UIPC_RX_DATA_READY_EVT
12-19 23:22:26.543  3653  4235 W bt_btif : btif_a2dp_command_ack: ## a2dp ack : A2DP_CTRL_GET_PRESENTATION_POSITION, queued : A2DP_CTRL_CMD_NONE,  status 0 ##
12-19 23:22:26.565  3653  4235 W bt_btif : btif_a2dp_ctrl_cb: A2DP-CTRL-CHANNEL EVENT UIPC_RX_DATA_READY_EVT
12-19 23:22:26.565  3653  4235 W bt_btif : btif_a2dp_command_ack: ## a2dp ack : A2DP_CTRL_GET_PRESENTATION_POSITION, queued : A2DP_CTRL_CMD_NONE,  status 0 ##
12-19 23:22:26.607  3653  4235 W bt_btif : btif_a2dp_ctrl_cb: A2DP-CTRL-CHANNEL EVENT UIPC_RX_DATA_READY_EVT
12-19 23:22:26.607  3653  4235 W bt_btif : btif_a2dp_command_ack: ## a2dp ack : A2DP_CTRL_GET_PRESENTATION_POSITION, queued : A2DP_CTRL_CMD_NONE,  status 0 ##
12-19 23:22:26.618  3653  4235 W bt_btif : btif_a2dp_ctrl_cb: A2DP-CTRL-CHANNEL EVENT UIPC_RX_DATA_READY_EVT
