12-19 23:22:22.298  3049  3126 E libprocessgroup: Error encountered killing process cgroup uid 99042 pid 28030: No such file or directory
12-19 23:22:22.301  3653  4235 W bt_btif : btif_a2dp_ctrl_cb: A2DP-CTRL-CHANNEL EVENT UIPC_RX_DATA_READY_EVT
12-19 23:22:22.301  3653  4235 W bt_btif : btif_a2dp_command_ack: ## a2dp ack : A2DP_CTRL_GET_PRESENTATION_POSITION, queued : A2DP_CTRL_CMD_NONE,  status 0 ##
12-19 23:22:22.322  3653  4235 W bt_btif : btif_a2dp_ctrl_cb: A2DP-CTRL-CHANNEL EVENT UIPC_RX_DATA_READY_EVT
12-19 23:22:22.322  3653  4235 W bt_btif : btif_a2dp_command_ack: ## a2dp ack : A2DP_CTRL_GET_PRESENTATION_POSITION, queued : A2DP_CTRL_CMD_NONE,  status 0 ##
12-19 23:22:22.343  3653  4235 W bt_btif : btif_a2dp_ctrl_cb: A2DP-CTRL-CHANNEL EVENT UIPC_RX_DATA_READY_EVT
12-19 23:22:22.343  3653  4235 W bt_btif : btif_a2dp_command_ack: ## a2dp ack : A2DP_CTRL_GET_PRESENTATION_POSITION, queued : A2DP_CTRL_CMD_NONE,  status 0 ##
12-19 23:22:22.363  3653  4235 W bt_btif : btif_a2dp_ctrl_cb: A2DP-CTRL-CHANNEL EVENT UIPC_RX_DATA_READY_EVT
12-19 23:22:22.363  3653  4235 W bt_btif : btif_a2dp_command_ack: ## a2dp ack : A2DP_CTRL_GET_PRESENTATION_POSITION, queued : A2DP_CTRL_CMD_NONE,  status 0 ##
12-19 23:22:22.384  3653  4235 W bt_btif : btif_a2dp_ctrl_cb: A2DP-CTRL-CHANNEL EVENT UIPC_RX_DATA_READY_EVT
12-19 23:22:22.384  3653  4235 W bt_btif : btif_a2dp_command_ack: ## a2dp ack : A2DP_CTRL_GET_PRESENTATION_POSITION, queued : A2DP_CTRL_CMD_NONE,  status 0 ##
12-19 23:22:22.405  3653  4235 W bt_btif : btif_a2dp_ctrl_cb: A2DP-CTRL-CHANNEL EVENT UIPC_RX_DATA_READY_EVT
12-19 23:22:22.405  3653  4235 W bt_btif : btif_a2dp_command_ack: ## a2dp ack : A2DP_CTRL_GET_PRESENTATION_POSITION, queued : A2DP_CTRL_CMD_NONE,  status 0 ##
12-19 23:22:22.416  2373  2373 E /system/bin/tombstoned: Tombstone written to: /data/tombstones/tombstone_06
12-19 23:22:22.416  3049 30499 W ActivityManager:   Force finishing activity org.aappdomain.aapp/org.kivy.android.PythonActivity
12-19 23:22:22.424  3049 30499 D ActivityTrigger: ActivityTrigger activityPauseTrigger 
12-19 23:22:22.426  3653  4235 W bt_btif : btif_a2dp_ctrl_cb: A2DP-CTRL-CHANNEL EVENT UIPC_RX_DATA_READY_EVT
12-19 23:22:22.426  3653  4235 W bt_btif : btif_a2dp_command_ack: ## a2dp ack : A2DP_CTRL_GET_PRESENTATION_POSITION, queued : A2DP_CTRL_CMD_NONE,  status 0 ##
12-19 23:22:22.428 30455 30455 V PythonActivity: onPause()
12-19 23:22:22.428 30455 30455 V SDL     : onPause()
12-19 23:22:22.429 30455 30455 V SDL     : nativePause()
12-19 23:22:22.447  3653  4235 W bt_btif : btif_a2dp_ctrl_cb: A2DP-CTRL-CHANNEL EVENT UIPC_RX_DATA_READY_EVT
12-19 23:22:22.447  3653  4235 W bt_btif : btif_a2dp_command_ack: ## a2dp ack : A2DP_CTRL_GET_PRESENTATION_POSITION, queued : A2DP_CTRL_CMD_NONE,  status 0 ##
12-19 23:22:22.468  3653  4235 W bt_btif : btif_a2dp_ctrl_cb: A2DP-CTRL-CHANNEL EVENT UIPC_RX_DATA_READY_EVT
12-19 23:22:22.468  3653  4235 W bt_btif : btif_a2dp_command_ack: ## a2dp ack : A2DP_CTRL_GET_PRESENTATION_POSITION, queued : A2DP_CTRL_CMD_NONE,  status 0 ##
12-19 23:22:22.488  3653  4235 W bt_btif : btif_a2dp_ctrl_cb: A2DP-CTRL-CHANNEL EVENT UIPC_RX_DATA_READY_EVT
12-19 23:22:22.488  3653  4235 W bt_btif : btif_a2dp_command_ack: ## a2dp ack : A2DP_CTRL_GET_PRESENTATION_POSITION, queued : A2DP_CTRL_CMD_NONE,  status 0 ##
12-19 23:22:22.498  3049 14526 I ActivityManager: Process org.aappdomain.aapp (pid 30455) has died: fore TOP 
12-19 23:22:22.498  3049  5442 I WindowManager: WIN DEATH: Window{65eb64c u0 org.aappdomain.aapp/org.kivy.android.PythonActivity}
12-19 23:22:22.498  3049  3126 W libprocessgroup: kill(-30455, 9) failed: No such process
12-19 23:22:22.510  3653  4235 W bt_btif : btif_a2dp_ctrl_cb: A2DP-CTRL-CHANNEL EVENT UIPC_RX_DATA_READY_EVT
12-19 23:22:22.510  3653  4235 W bt_btif : btif_a2dp_command_ack: ## a2dp ack : A2DP_CTRL_GET_PRESENTATION_POSITION, queued : A2DP_CTRL_CMD_NONE,  status 0 ##
12-19 23:22:22.517  3049 30500 W DropBoxManagerService: Dropping: data_app_native_crash (1786 > 0 bytes)
12-19 23:22:22.526  3049 14526 D ActivityTrigger: activityResumeTrigger: The activity in ApplicationInfo{deba18d com.teslacoilsw.launcher} is now in focus and seems to be in full-screen mode
12-19 23:22:22.526  3049 14526 E ActivityTrigger: activityResumeTrigger: not whiteListedcom.teslacoilsw.launcher/com.teslacoilsw.launcher.NovaLauncher/70057
12-19 23:22:22.529   581   641 E ANDR-PERF-OPTSHANDLER: Perflock resource /sys/class/devfreq/soc:qcom,llccbw/min_freq not supported
12-19 23:22:22.529   581   641 E ANDR-PERF-RESOURCEQS: Failed to apply optimization [12, 0]
12-19 23:22:22.530   581   641 E ANDR-PERF-OPTSHANDLER: Failed to read /sys/class/kgsl/kgsl-3d0/force_no_nap
12-19 23:22:22.530   581   641 E ANDR-PERF-RESOURCEQS: Failed to apply optimization [10, 7]
12-19 23:22:22.530  3653  4235 W bt_btif : btif_a2dp_ctrl_cb: A2DP-CTRL-CHANNEL EVENT UIPC_RX_DATA_READY_EVT
12-19 23:22:22.531  3653  4235 W bt_btif : btif_a2dp_command_ack: ## a2dp ack : A2DP_CTRL_GET_PRESENTATION_POSITION, queued : A2DP_CTRL_CMD_NONE,  status 0 ##
12-19 23:22:22.541  3049  3151 W ActivityManager: setHasOverlayUi called on unknown pid: 30455
12-19 23:22:22.544  2331  2331 I Zygote  : Process 30455 exited due to signal (11)
12-19 23:22:22.545  3049  3123 W BroadcastQueue: Background execution not allowed: receiving Intent { act=android.intent.action.DROPBOX_ENTRY_ADDED flg=0x10 (has extras) } to com.google.android.gms/.stats.service.DropBoxEntryAddedReceiver
12-19 23:22:22.545  3049  3126 W libprocessgroup: kill(-30455, 9) failed: No such process
12-19 23:22:22.545  3049  3126 I libprocessgroup: Successfully killed process cgroup uid 10363 pid 30455 in 47ms
12-19 23:22:22.547  3049  3123 W BroadcastQueue: Background execution not allowed: receiving Intent { act=android.intent.action.DROPBOX_ENTRY_ADDED flg=0x10 (has extras) } to com.google.android.gms/.chimera.GmsIntentOperationService$PersistentTrustedReceiver
12-19 23:22:22.549  3049  5824 D CompatibilityInfo: mCompatibilityFlags - 0
12-19 23:22:22.549  3049  5824 D CompatibilityInfo: applicationDensity - 480
12-19 23:22:22.549  3049  5824 D CompatibilityInfo: applicationScale - 1.0
12-19 23:22:22.551  3653  4235 W bt_btif : btif_a2dp_ctrl_cb: A2DP-CTRL-CHANNEL EVENT UIPC_RX_DATA_READY_EVT
12-19 23:22:22.552  3653  4235 W bt_btif : btif_a2dp_command_ack: ## a2dp ack : A2DP_CTRL_GET_PRESENTATION_POSITION, queued : A2DP_CTRL_CMD_NONE,  status 0 ##
12-19 23:22:22.562  3653  4235 W bt_btif : btif_a2dp_ctrl_cb: A2DP-CTRL-CHANNEL EVENT UIPC_RX_DATA_READY_EVT
12-19 23:22:22.562  3653  4235 W bt_btif : btif_a2dp_command_ack: ## a2dp ack : A2DP_CTRL_GET_PRESENTATION_POSITION, queued : A2DP_CTRL_CMD_NONE,  status 0 ##
12-19 23:22:22.567  3049  5824 D CompatibilityInfo: mCompatibilityFlags - 0
12-19 23:22:22.567  3049  5824 D CompatibilityInfo: applicationDensity - 480
12-19 23:22:22.567  3049  5824 D CompatibilityInfo: applicationScale - 1.0
12-19 23:22:22.570  3049  5824 D CompatibilityInfo: mCompatibilityFlags - 0
12-19 23:22:22.570  3049  5824 D CompatibilityInfo: applicationDensity - 480
12-19 23:22:22.570  3049  5824 D CompatibilityInfo: applicationScale - 1.0
12-19 23:22:22.583  3653  4235 W bt_btif : btif_a2dp_ctrl_cb: A2DP-CTRL-CHANNEL EVENT UIPC_RX_DATA_READY_EVT
12-19 23:22:22.583  3653  4235 W bt_btif : btif_a2dp_command_ack: ## a2dp ack : A2DP_CTRL_GET_PRESENTATION_POSITION, queued : A2DP_CTRL_CMD_NONE,  status 0 ##
12-19 23:22:22.587  3668  3668 I GoogleInputMethodService: GoogleInputMethodService.onFinishInput():3227 
12-19 23:22:22.588  3668  3668 I GoogleInputMethodService: GoogleInputMethodService.updateDeviceLockedStatus():2087 repeatCheckTimes = 0, unlocked = true
12-19 23:22:22.589  3668  3668 I GoogleInputMethodService: GoogleInputMethodService.onStartInput():1877 onStartInput(EditorInfo{inputType=0x0(NULL) imeOptions=0x0 privateImeOptions=null actionName=UNSPECIFIED actionLabel=null actionId=0 initialSelStart=-1 initialSelEnd=-1 initialCapsMode=0x0 hintText=null label=null packageName=com.teslacoilsw.launcher fieldId=-1 fieldName=null extras=null}, false)
12-19 23:22:22.589  3668  3668 I GoogleInputMethodService: GoogleInputMethodService.shouldHideHeaderOnInitialState():4008 ShouldHideHeaderOnInitialState = false
12-19 23:22:22.589  3668  3668 I GoogleInputMethodService: GoogleInputMethodService.updateDeviceLockedStatus():2087 repeatCheckTimes = 2, unlocked = true
12-19 23:22:22.591  3678  3678 D KeyguardUpdateMonitor: received broadcast android.intent.action.BATTERY_CHANGED
12-19 23:22:22.594  3678  3678 D KeyguardUpdateMonitor: handleBatteryUpdate
12-19 23:22:22.606  3653  4235 W bt_btif : btif_a2dp_ctrl_cb: A2DP-CTRL-CHANNEL EVENT UIPC_RX_DATA_READY_EVT
12-19 23:22:22.606  3653  4235 W bt_btif : btif_a2dp_command_ack: ## a2dp ack : A2DP_CTRL_GET_PRESENTATION_POSITION, queued : A2DP_CTRL_CMD_NONE,  status 0 ##
12-19 23:22:22.629  3653  4235 W bt_btif : btif_a2dp_ctrl_cb: A2DP-CTRL-CHANNEL EVENT UIPC_RX_DATA_READY_EVT
12-19 23:22:22.629  3653  4235 W bt_btif : btif_a2dp_command_ack: ## a2dp ack : A2DP_CTRL_GET_PRESENTATION_POSITION, queued : A2DP_CTRL_CMD_NONE,  status 0 ##
12-19 23:22:22.637  4196 30505 E DropBoxUtil: [AppErrors] null InputStream [CONTEXT service_id=254 ]
12-19 23:22:22.637  4196 30505 E DropBoxUtil: java.io.IOException: null InputStream
12-19 23:22:22.637  4196 30505 E DropBoxUtil: 	at bomt.c(:com.google.android.gms@224814030@22.48.14 (100408-493411920):23)
12-19 23:22:22.637  4196 30505 E DropBoxUtil: 	at bokv.apply(:com.google.android.gms@224814030@22.48.14 (100408-493411920):5)
12-19 23:22:22.637  4196 30505 E DropBoxUtil: 	at kkd.apply(:com.google.android.gms@224814030@22.48.14 (100408-493411920):0)
12-19 23:22:22.637  4196 30505 E DropBoxUtil: 	at kkr.apply(:com.google.android.gms@224814030@22.48.14 (100408-493411920):5)
12-19 23:22:22.637  4196 30505 E DropBoxUtil: 	at ceps.a(:com.google.android.gms@224814030@22.48.14 (100408-493411920):0)
12-19 23:22:22.637  4196 30505 E DropBoxUtil: 	at cmvz.a(:com.google.android.gms@224814030@22.48.14 (100408-493411920):2)
12-19 23:22:22.637  4196 30505 E DropBoxUtil: 	at csub.d(:com.google.android.gms@224814030@22.48.14 (100408-493411920):2)
12-19 23:22:22.637  4196 30505 E DropBoxUtil: 	at csud.run(:com.google.android.gms@224814030@22.48.14 (100408-493411920):9)
12-19 23:22:22.637  4196 30505 E DropBoxUtil: 	at csvn.execute(:com.google.android.gms@224814030@22.48.14 (100408-493411920):0)
12-19 23:22:22.637  4196 30505 E DropBoxUtil: 	at cstz.q(:com.google.android.gms@224814030@22.48.14 (100408-493411920):1)
12-19 23:22:22.637  4196 30505 E DropBoxUtil: 	at cstz.gp(:com.google.android.gms@224814030@22.48.14 (100408-493411920):4)
12-19 23:22:22.637  4196 30505 E DropBoxUtil: 	at csud.g(:com.google.android.gms@224814030@22.48.14 (100408-493411920):0)
12-19 23:22:22.637  4196 30505 E DropBoxUtil: 	at cepe.a(:com.google.android.gms@224814030@22.48.14 (100408-493411920):4)
12-19 23:22:22.637  4196 30505 E DropBoxUtil: 	at cmvx.a(:com.google.android.gms@224814030@22.48.14 (100408-493411920):2)
12-19 23:22:22.637  4196 30505 E DropBoxUtil: 	at csvt.a(:com.google.android.gms@224814030@22.48.14 (100408-493411920):4)
12-19 23:22:22.637  4196 30505 E DropBoxUtil: 	at csxu.a(:com.google.android.gms@224814030@22.48.14 (100408-493411920):2)
12-19 23:22:22.637  4196 30505 E DropBoxUtil: 	at cswv.run(:com.google.android.gms@224814030@22.48.14 (100408-493411920):3)
12-19 23:22:22.637  4196 30505 E DropBoxUtil: 	at csxw.run(:com.google.android.gms@224814030@22.48.14 (100408-493411920):0)
12-19 23:22:22.637  4196 30505 E DropBoxUtil: 	at csvv.run(:com.google.android.gms@224814030@22.48.14 (100408-493411920):7)
12-19 23:22:22.637  4196 30505 E DropBoxUtil: 	at csvn.execute(:com.google.android.gms@224814030@22.48.14 (100408-493411920):0)
12-19 23:22:22.637  4196 30505 E DropBoxUtil: 	at csvv.execute(:com.google.android.gms@224814030@22.48.14 (100408-493411920):9)
12-19 23:22:22.637  4196 30505 E DropBoxUtil: 	at cstz.q(:com.google.android.gms@224814030@22.48.14 (100408-493411920):1)
12-19 23:22:22.637  4196 30505 E DropBoxUtil: 	at cstz.gp(:com.google.android.gms@224814030@22.48.14 (100408-493411920):4)
12-19 23:22:22.637  4196 30505 E DropBoxUtil: 	at csvx.c(:com.google.android.gms@224814030@22.48.14 (100408-493411920):5)
12-19 23:22:22.637  4196 30505 E DropBoxUtil: 	at cepj.h(:com.google.android.gms@224814030@22.48.14 (100408-493411920):4)
12-19 23:22:22.637  4196 30505 E DropBoxUtil: 	at cept.a(:com.google.android.gms@224814030@22.48.14 (100408-493411920):0)
12-19 23:22:22.637  4196 30505 E DropBoxUtil: 	at cmvz.a(:com.google.android.gms@224814030@22.48.14 (100408-493411920):2)
12-19 23:22:22.637  4196 30505 E DropBoxUtil: 	at csub.d(:com.google.android.gms@224814030@22.48.14 (100408-493411920):2)
12-19 23:22:22.637  4196 30505 E DropBoxUtil: 	at csud.run(:com.google.android.gms@224814030@22.48.14 (100408-493411920):9)
12-19 23:22:22.637  4196 30505 E DropBoxUtil: 	at csvn.execute(:com.google.android.gms@224814030@22.48.14 (100408-493411920):0)
12-19 23:22:22.637  4196 30505 E DropBoxUtil: 	at cstz.q(:com.google.android.gms@224814030@22.48.14 (100408-493411920):1)
12-19 23:22:22.637  4196 30505 E DropBoxUtil: 	at cstz.gp(:com.google.android.gms@224814030@22.48.14 (100408-493411920):4)
12-19 23:22:22.637  4196 30505 E DropBoxUtil: 	at csud.g(:com.google.android.gms@224814030@22.48.14 (100408-493411920):0)
12-19 23:22:22.637  4196 30505 E DropBoxUtil: 	at cepq.a(:com.google.android.gms@224814030@22.48.14 (100408-493411920):4)
12-19 23:22:22.637  4196 30505 E DropBoxUtil: 	at cmvx.a(:com.google.android.gms@224814030@22.48.14 (100408-493411920):2)
12-19 23:22:22.637  4196 30505 E DropBoxUtil: 	at csvt.a(:com.google.android.gms@224814030@22.48.14 (100408-493411920):4)
12-19 23:22:22.637  4196 30505 E DropBoxUtil: 	at csxu.a(:com.google.android.gms@224814030@22.48.14 (100408-493411920):2)
12-19 23:22:22.637  4196 30505 E DropBoxUtil: 	at cswv.run(:com.google.android.gms@224814030@22.48.14 (100408-493411920):3)
12-19 23:22:22.637  4196 30505 E DropBoxUtil: 	at csxw.run(:com.google.android.gms@224814030@22.48.14 (100408-493411920):0)
12-19 23:22:22.637  4196 30505 E DropBoxUtil: 	at csvv.run(:com.google.android.gms@224814030@22.48.14 (100408-493411920):7)
12-19 23:22:22.637  4196 30505 E DropBoxUtil: 	at csvn.execute(:com.google.android.gms@224814030@22.48.14 (100408-493411920):0)
12-19 23:22:22.637  4196 30505 E DropBoxUtil: 	at csvv.execute(:com.google.android.gms@224814030@22.48.14 (100408-493411920):9)
12-19 23:22:22.637  4196 30505 E DropBoxUtil: 	at cstz.q(:com.google.android.gms@224814030@22.48.14 (100408-493411920):1)
12-19 23:22:22.637  4196 30505 E DropBoxUtil: 	at cstz.gp(:com.google.android.gms@224814030@22.48.14 (100408-493411920):4)
12-19 23:22:22.637  4196 30505 E DropBoxUtil: 	at csvx.c(:com.google.android.gms@224814030@22.48.14 (100408-493411920):5)
12-19 23:22:22.637  4196 30505 E DropBoxUtil: 	at cepy.c(:com.google.android.gms@224814030@22.48.14 (100408-493411920):5)
12-19 23:22:22.637  4196 30505 E DropBoxUtil: 	at cepy.b(:com.google.android.gms@224814030@22.48.14 (100408-493411920):2)
12-19 23:22:22.637  4196 30505 E DropBoxUtil: 	at com.google.android.gms.stats.service.DropBoxEntryAddedChimeraService.a(:com.google.android.gms@224814030@22.48.14 (100408-493411920):33)
12-19 23:22:22.637  4196 30505 E DropBoxUtil: 	at com.google.android.gms.framework.tracing.wrapper.TracingIntentService.onHandleIntent(:com.google.android.gms@224814030@22.48.14 (100408-493411920):1)
12-19 23:22:22.637  4196 30505 E DropBoxUtil: 	at grl.handleMessage(:com.google.android.gms@224814030@22.48.14 (100408-493411920):0)
12-19 23:22:22.637  4196 30505 E DropBoxUtil: 	at android.os.Handler.dispatchMessage(Handler.java:106)
12-19 23:22:22.637  4196 30505 E DropBoxUtil: 	at android.os.Looper.loop(Looper.java:193)
12-19 23:22:22.637  4196 30505 E DropBoxUtil: 	at android.os.HandlerThread.run(HandlerThread.java:65)
12-19 23:22:22.650  3653  4235 W bt_btif : btif_a2dp_ctrl_cb: A2DP-CTRL-CHANNEL EVENT UIPC_RX_DATA_READY_EVT
12-19 23:22:22.650  3653  4235 W bt_btif : btif_a2dp_command_ack: ## a2dp ack : A2DP_CTRL_GET_PRESENTATION_POSITION, queued : A2DP_CTRL_CMD_NONE,  status 0 ##
12-19 23:22:22.670  3653  4235 W bt_btif : btif_a2dp_ctrl_cb: A2DP-CTRL-CHANNEL EVENT UIPC_RX_DATA_READY_EVT
12-19 23:22:22.671  3653  4235 W bt_btif : btif_a2dp_command_ack: ## a2dp ack : A2DP_CTRL_GET_PRESENTATION_POSITION, queued : A2DP_CTRL_CMD_NONE,  status 0 ##
12-19 23:22:22.691  3653  4235 W bt_btif : btif_a2dp_ctrl_cb: A2DP-CTRL-CHANNEL EVENT UIPC_RX_DATA_READY_EVT
12-19 23:22:22.691  3653  4235 W bt_btif : btif_a2dp_command_ack: ## a2dp ack : A2DP_CTRL_GET_PRESENTATION_POSITION, queued : A2DP_CTRL_CMD_NONE,  status 0 ##
12-19 23:22:22.712  3653  4235 W bt_btif : btif_a2dp_ctrl_cb: A2DP-CTRL-CHANNEL EVENT UIPC_RX_DATA_READY_EVT
12-19 23:22:22.712  3653  4235 W bt_btif : btif_a2dp_command_ack: ## a2dp ack : A2DP_CTRL_GET_PRESENTATION_POSITION, queued : A2DP_CTRL_CMD_NONE,  status 0 ##
12-19 23:22:22.733  3653  4235 W bt_btif : btif_a2dp_ctrl_cb: A2DP-CTRL-CHANNEL EVENT UIPC_RX_DATA_READY_EVT
12-19 23:22:22.733  3653  4235 W bt_btif : btif_a2dp_command_ack: ## a2dp ack : A2DP_CTRL_GET_PRESENTATION_POSITION, queued : A2DP_CTRL_CMD_NONE,  status 0 ##
12-19 23:22:22.743  3653  4235 W bt_btif : btif_a2dp_ctrl_cb: A2DP-CTRL-CHANNEL EVENT UIPC_RX_DATA_READY_EVT
12-19 23:22:22.743  3653  4235 W bt_btif : btif_a2dp_command_ack: ## a2dp ack : A2DP_CTRL_GET_PRESENTATION_POSITION, queued : A2DP_CTRL_CMD_NONE,  status 0 ##
12-19 23:22:22.764  3653  4235 W bt_btif : btif_a2dp_ctrl_cb: A2DP-CTRL-CHANNEL EVENT UIPC_RX_DATA_READY_EVT
12-19 23:22:22.764  3653  4235 W bt_btif : btif_a2dp_command_ack: ## a2dp ack : A2DP_CTRL_GET_PRESENTATION_POSITION, queued : A2DP_CTRL_CMD_NONE,  status 0 ##
12-19 23:22:22.785  3653  4235 W bt_btif : btif_a2dp_ctrl_cb: A2DP-CTRL-CHANNEL EVENT UIPC_RX_DATA_READY_EVT
12-19 23:22:22.785  3653  4235 W bt_btif : btif_a2dp_command_ack: ## a2dp ack : A2DP_CTRL_GET_PRESENTATION_POSITION, queued : A2DP_CTRL_CMD_NONE,  status 0 ##
12-19 23:22:22.805  3653  4235 W bt_btif : btif_a2dp_ctrl_cb: A2DP-CTRL-CHANNEL EVENT UIPC_RX_DATA_READY_EVT
12-19 23:22:22.805  3653  4235 W bt_btif : btif_a2dp_command_ack: ## a2dp ack : A2DP_CTRL_GET_PRESENTATION_POSITION, queued : A2DP_CTRL_CMD_NONE,  status 0 ##
12-19 23:22:22.842  3653  4229 V Avrcp_ext: onPlaybackStateChanged: state PlaybackState {state=3, position=87, buffered position=0, speed=1.0, updated=35889499, actions=2371511, custom actions=[Action:mName=' , mIcon=2131232018, mExtras=null, Action:mName='  "", mIcon=2131232101, mExtras=null, Action:mName=' , mIcon=2131231991, mExtras=null, Action:mName=' , mIcon=2131232234, mExtras=null], active item id=80, error=null}
12-19 23:22:22.842  3653  4229 V Avrcp_ext: updateCurrentMediaState: mMediaController: MediaController (com.google.android.apps.youtube.music@5fb5591) Ultimate Ukrainian summer playlist VOL.1,  , Just As I Am
12-19 23:22:22.842  3653  4229 V Avrcp_ext: isMusicActive: true getBluetoothPlayState: 1
12-19 23:22:22.843  3653  4229 V Avrcp_ext: updateCurrentMediaState: get media attributes: 
12-19 23:22:22.843  3653  4229 I Avrcp_ext: device found at index 0
12-19 23:22:22.843  3653  4229 V Avrcp_ext: updateCurrentMediaState: addr: [B@f3a25c9
12-19 23:22:22.843  3653  4229 V Avrcp_ext: Media update: id 7980? [MediaAttributes: U1 - Jm by  (5178000 0/0) ] : [MediaAttributes: Ae - R1 by  (125000 0/0) ]
12-19 23:22:22.843  3653  4229 V Avrcp_ext: Check if NowPlayingList is updated
12-19 23:22:22.846  3653  4235 W bt_btif : btif_a2dp_ctrl_cb: A2DP-CTRL-CHANNEL EVENT UIPC_RX_DATA_READY_EVT
12-19 23:22:22.846  3653  4235 W bt_btif : btif_a2dp_command_ack: ## a2dp ack : A2DP_CTRL_GET_PRESENTATION_POSITION, queued : A2DP_CTRL_CMD_NONE,  status 0 ##
12-19 23:22:22.857  3653  4235 W bt_btif : btif_a2dp_ctrl_cb: A2DP-CTRL-CHANNEL EVENT UIPC_RX_DATA_READY_EVT
12-19 23:22:22.857  3653  4235 W bt_btif : btif_a2dp_command_ack: ## a2dp ack : A2DP_CTRL_GET_PRESENTATION_POSITION, queued : A2DP_CTRL_CMD_NONE,  status 0 ##
12-19 23:22:22.868  3653  4235 W bt_btif : btif_a2dp_ctrl_cb: A2DP-CTRL-CHANNEL EVENT UIPC_RX_DATA_READY_EVT
12-19 23:22:22.868  3653  4235 W bt_btif : btif_a2dp_command_ack: ## a2dp ack : A2DP_CTRL_GET_PRESENTATION_POSITION, queued : A2DP_CTRL_CMD_NONE,  status 0 ##
12-19 23:22:22.872  3653  4229 V Avrcp_ext: newPlayStatus:1mReportedPlayStatus:-1
12-19 23:22:22.872  3653  4229 V Avrcp_ext: Send track changed
12-19 23:22:22.872  3653  4229 V Avrcp_ext: updatePlaybackState, state: PlaybackState {state=3, position=796, buffered position=0, speed=1.0, updated=35890208, actions=2371511, custom actions=[Action:mName=' , mIcon=2131232018, mExtras=null, Action:mName='  "", mIcon=2131232101, mExtras=null, Action:mName=' , mIcon=2131231991, mExtras=null, Action:mName=' , mIcon=2131232234, mExtras=null], active item id=80, error=null} device: null
12-19 23:22:22.873  3653  4229 V Avrcp_ext: Device: JBL T460BT : old state: PlaybackState {state=3, position=124658, buffered position=0, speed=1.0, updated=35889560, actions=2371511, custom actions=[Action:mName=' , mIcon=2131232018, mExtras=null, Action:mName='  "", mIcon=2131232101, mExtras=null, Action:mName=' , mIcon=2131231991, mExtras=null, Action:mName=' , mIcon=2131232234, mExtras=null], active item id=79, error=null}
12-19 23:22:22.873  3653  4229 V Avrcp_ext: Device: no name: 
12-19 23:22:22.873  3653  4229 V Avrcp_ext: updatePlayerStateAndPosition, old=PlaybackState {state=3, position=124658, buffered position=0, speed=1.0, updated=35889560, actions=2371511, custom actions=[Action:mName=' , mIcon=2131232018, mExtras=null, Action:mName='  "", mIcon=2131232101, mExtras=null, Action:mName=' , mIcon=2131231991, mExtras=null, Action:mName=' , mIcon=2131232234, mExtras=null], active item id=79, error=null}, state=PlaybackState {state=3, position=796, buffered position=0, speed=1.0, updated=35890208, actions=2371511, custom actions=[Action:mName=' , mIcon=2131232018, mExtras=null, Action:mName='  "", mIcon=2131232101, mExtras=null, Action:mName=' , mIcon=2131231991, mExtras=null, Action:mName=' , mIcon=2131232234, mExtras=null], active item id=80, error=null}
12-19 23:22:22.873  3653  4229 V Avrcp_ext: old state = PlaybackState {state=3, position=124658, buffered position=0, speed=1.0, updated=35889560, actions=2371511, custom actions=[Action:mName=' , mIcon=2131232018, mExtras=null, Action:mName='  "", mIcon=2131232101, mExtras=null, Action:mName=' , mIcon=2131231991, mExtras=null, Action:mName=' , mIcon=2131232234, mExtras=null], active item id=79, error=null}, new state= PlaybackState {state=3, position=796, buffered position=0, speed=1.0, updated=35890208, actions=2371511, custom actions=[Action:mName=' , mIcon=2131232018, mExtras=null, Action:mName='  "", mIcon=2131232101, mExtras=null, Action:mName=' , mIcon=2131231991, mExtras=null, Action:mName=' , mIcon=2131232234, mExtras=null], active item id=80, error=null}
12-19 23:22:22.873  3653  4229 D HeadsetService: getHeadsetService(): returning com.android.bluetooth.hfp.HeadsetService@f37c22b
12-19 23:22:22.874  3653  4229 E HeadsetStateMachine: returning mCurrentState as Connected
12-19 23:22:22.874  3653  4229 D HeadsetService:  isAudioOn: The number of audio connected devices 0
12-19 23:22:22.874  3653  4229 D HeadsetService: isScoOrCallActive(): Call Active:falseCall is Ringing:falseSCO is Active:false
12-19 23:22:22.874  3653  4229 E HeadsetStateMachine: returning mCurrentState as Connected
12-19 23:22:22.874  3653  4229 D HeadsetService:  isAudioOn: The number of audio connected devices 0
12-19 23:22:22.874  3653  4229 V Avrcp_ext: isPlayStateTobeUpdated: device: 04:CB:88:E2:14:7F
12-19 23:22:22.874  3653  4229 V Avrcp_ext: Single connection exists
12-19 23:22:22.874  3653  4229 V Avrcp_ext: isPlayStateToBeUpdated device is active device
12-19 23:22:22.874  3653  4229 I Avrcp_ext: updatePlayStatusForDevice: device: 04:CB:88:E2:14:7F
12-19 23:22:22.874  3653  4229 V Avrcp_ext: updatePlaybackState (1): old=PlaybackState {state=3, position=124658, buffered position=0, speed=1.0, updated=35889560, actions=2371511, custom actions=[Action:mName=' , mIcon=2131232018, mExtras=null, Action:mName='  "", mIcon=2131232101, mExtras=null, Action:mName=' , mIcon=2131231991, mExtras=null, Action:mName=' , mIcon=2131232234, mExtras=null], active item id=79, error=null}(1), new=PlaybackState {state=3, position=796, buffered position=0, speed=1.0, updated=35890208, actions=2371511, custom actions=[Action:mName=' , mIcon=2131232018, mExtras=null, Action:mName='  "", mIcon=2131232101, mExtras=null, Action:mName=' , mIcon=2131231991, mExtras=null, Action:mName=' , mIcon=2131232234, mExtras=null], active item id=80, error=null}(1)
12-19 23:22:22.874  3653  4229 I Avrcp_ext: Exit updatePlayStatusForDevice
12-19 23:22:22.874  3653  4229 E HeadsetStateMachine: returning mCurrentState as Connected
12-19 23:22:22.875  3653  4229 D HeadsetService:  isAudioOn: The number of audio connected devices 0
12-19 23:22:22.875  3653  4229 D HeadsetService: isScoOrCallActive(): Call Active:falseCall is Ringing:falseSCO is Active:false
12-19 23:22:22.875  3653  4229 E HeadsetStateMachine: returning mCurrentState as Connected
12-19 23:22:22.875  3653  4229 D HeadsetService:  isAudioOn: The number of audio connected devices 0
12-19 23:22:22.875  3653  4229 V Avrcp_ext: isPlayStateTobeUpdated: device: null
12-19 23:22:22.875  3653  4229 V Avrcp_ext: Single connection exists
12-19 23:22:22.875  3653  4229 D Avrcp_ext: Enter sendPlayPosNotificationRsp
12-19 23:22:22.875  3653  4229 D Avrcp_ext: sendPlayPosNotificationRsp: Not registered or requesting.
12-19 23:22:22.875  3653  4229 D Avrcp_ext: Enter sendPlayPosNotificationRsp
12-19 23:22:22.875  3653  4229 D Avrcp_ext: sendPlayPosNotificationRsp: Not registered or requesting.
12-19 23:22:22.875  3653  4229 V Avrcp_ext: Exit updatePlayerStateAndPosition
12-19 23:22:22.875  3653  4229 V Avrcp_ext:  Exit onPlaybackStateChanged
12-19 23:22:22.908  3653  4235 W bt_btif : btif_a2dp_ctrl_cb: A2DP-CTRL-CHANNEL EVENT UIPC_RX_DATA_READY_EVT
12-19 23:22:22.908  3653  4235 W bt_btif : btif_a2dp_command_ack: ## a2dp ack : A2DP_CTRL_GET_PRESENTATION_POSITION, queued : A2DP_CTRL_CMD_NONE,  status 0 ##
12-19 23:22:22.919  3653  4235 W bt_btif : btif_a2dp_ctrl_cb: A2DP-CTRL-CHANNEL EVENT UIPC_RX_DATA_READY_EVT
12-19 23:22:22.919  3653  4235 W bt_btif : btif_a2dp_command_ack: ## a2dp ack : A2DP_CTRL_GET_PRESENTATION_POSITION, queued : A2DP_CTRL_CMD_NONE,  status 0 ##
12-19 23:22:22.940  3653  4235 W bt_btif : btif_a2dp_ctrl_cb: A2DP-CTRL-CHANNEL EVENT UIPC_RX_DATA_READY_EVT
12-19 23:22:22.940  3653  4235 W bt_btif : btif_a2dp_command_ack: ## a2dp ack : A2DP_CTRL_GET_PRESENTATION_POSITION, queued : A2DP_CTRL_CMD_NONE,  status 0 ##
12-19 23:22:22.951  3653  4235 W bt_btif : btif_a2dp_ctrl_cb: A2DP-CTRL-CHANNEL EVENT UIPC_RX_DATA_READY_EVT
12-19 23:22:22.951  3653  4235 W bt_btif : btif_a2dp_command_ack: ## a2dp ack : A2DP_CTRL_GET_PRESENTATION_POSITION, queued : A2DP_CTRL_CMD_NONE,  status 0 ##
12-19 23:22:22.961 14811 14821 I s.youtube.musi: Background concurrent copying GC freed 694866(22MB) AllocSpace objects, 15(2MB) LOS objects, 11% free, 177MB/201MB, paused 1.495ms total 999.523ms
12-19 23:22:22.972  3653  4235 W bt_btif : btif_a2dp_ctrl_cb: A2DP-CTRL-CHANNEL EVENT UIPC_RX_DATA_READY_EVT
12-19 23:22:22.972  3653  4235 W bt_btif : btif_a2dp_command_ack: ## a2dp ack : A2DP_CTRL_GET_PRESENTATION_POSITION, queued : A2DP_CTRL_CMD_NONE,  status 0 ##
12-19 23:22:23.013  3653  4235 W bt_btif : btif_a2dp_ctrl_cb: A2DP-CTRL-CHANNEL EVENT UIPC_RX_DATA_READY_EVT
12-19 23:22:23.013  3653  4235 W bt_btif : btif_a2dp_command_ack: ## a2dp ack : A2DP_CTRL_GET_PRESENTATION_POSITION, queued : A2DP_CTRL_CMD_NONE,  status 0 ##
12-19 23:22:23.024  3653  4235 W bt_btif : btif_a2dp_ctrl_cb: A2DP-CTRL-CHANNEL EVENT UIPC_RX_DATA_READY_EVT
12-19 23:22:23.024  3653  4235 W bt_btif : btif_a2dp_command_ack: ## a2dp ack : A2DP_CTRL_GET_PRESENTATION_POSITION, queued : A2DP_CTRL_CMD_NONE,  status 0 ##
12-19 23:22:23.046  3653  4235 W bt_btif : btif_a2dp_ctrl_cb: A2DP-CTRL-CHANNEL EVENT UIPC_RX_DATA_READY_EVT
12-19 23:22:23.046  3653  4235 W bt_btif : btif_a2dp_command_ack: ## a2dp ack : A2DP_CTRL_GET_PRESENTATION_POSITION, queued : A2DP_CTRL_CMD_NONE,  status 0 ##
12-19 23:22:23.057  3653  4235 W bt_btif : btif_a2dp_ctrl_cb: A2DP-CTRL-CHANNEL EVENT UIPC_RX_DATA_READY_EVT
12-19 23:22:23.057  3653  4235 W bt_btif : btif_a2dp_command_ack: ## a2dp ack : A2DP_CTRL_GET_PRESENTATION_POSITION, queued : A2DP_CTRL_CMD_NONE,  status 0 ##
12-19 23:22:23.067  3653  4235 W bt_btif : btif_a2dp_ctrl_cb: A2DP-CTRL-CHANNEL EVENT UIPC_RX_DATA_READY_EVT
12-19 23:22:23.067  3653  4235 W bt_btif : btif_a2dp_command_ack: ## a2dp ack : A2DP_CTRL_GET_PRESENTATION_POSITION, queued : A2DP_CTRL_CMD_NONE,  status 0 ##
12-19 23:22:23.109  3653  4235 W bt_btif : btif_a2dp_ctrl_cb: A2DP-CTRL-CHANNEL EVENT UIPC_RX_DATA_READY_EVT
12-19 23:22:23.109  3653  4235 W bt_btif : btif_a2dp_command_ack: ## a2dp ack : A2DP_CTRL_GET_PRESENTATION_POSITION, queued : A2DP_CTRL_CMD_NONE,  status 0 ##
12-19 23:22:23.120  3653  4235 W bt_btif : btif_a2dp_ctrl_cb: A2DP-CTRL-CHANNEL EVENT UIPC_RX_DATA_READY_EVT
12-19 23:22:23.120  3653  4235 W bt_btif : btif_a2dp_command_ack: ## a2dp ack : A2DP_CTRL_GET_PRESENTATION_POSITION, queued : A2DP_CTRL_CMD_NONE,  status 0 ##
12-19 23:22:23.142  3653  4235 W bt_btif : btif_a2dp_ctrl_cb: A2DP-CTRL-CHANNEL EVENT UIPC_RX_DATA_READY_EVT
12-19 23:22:23.142  3653  4235 W bt_btif : btif_a2dp_command_ack: ## a2dp ack : A2DP_CTRL_GET_PRESENTATION_POSITION, queued : A2DP_CTRL_CMD_NONE,  status 0 ##
12-19 23:22:23.163  3653  4235 W bt_btif : btif_a2dp_ctrl_cb: A2DP-CTRL-CHANNEL EVENT UIPC_RX_DATA_READY_EVT
12-19 23:22:23.164  3653  4235 W bt_btif : btif_a2dp_command_ack: ## a2dp ack : A2DP_CTRL_GET_PRESENTATION_POSITION, queued : A2DP_CTRL_CMD_NONE,  status 0 ##
12-19 23:22:23.171  3678  3800 D NetworkController.MobileSignalController(5): onSignalStrengthsChanged signalStrength=SignalStrength: 99 0 -120 -160 -120 -160 -1 28 -89 -10 242 2147483647 0 2147483647 99 255 2147483647 gsm|lte use_rsrp_and_rssnr_for_lte_level  [-120, -115, -110, -100] [-113, -103, -97, -89] level=4
12-19 23:22:23.171  3678  3800 D NetworkController.MobileSignalController(5): updateTelephony: hasService=true ss=SignalStrength: 99 0 -120 -160 -120 -160 -1 28 -89 -10 242 2147483647 0 2147483647 99 255 2147483647 gsm|lte use_rsrp_and_rssnr_for_lte_level  [-120, -115, -110, -100] [-113, -103, -97, -89]
12-19 23:22:23.176  3653  4235 W bt_btif : btif_a2dp_ctrl_cb: A2DP-CTRL-CHANNEL EVENT UIPC_RX_DATA_READY_EVT
12-19 23:22:23.176  3653  4235 W bt_btif : btif_a2dp_command_ack: ## a2dp ack : A2DP_CTRL_GET_PRESENTATION_POSITION, queued : A2DP_CTRL_CMD_NONE,  status 0 ##
12-19 23:22:23.198  3653  4235 W bt_btif : btif_a2dp_ctrl_cb: A2DP-CTRL-CHANNEL EVENT UIPC_RX_DATA_READY_EVT
12-19 23:22:23.198  3653  4235 W bt_btif : btif_a2dp_command_ack: ## a2dp ack : A2DP_CTRL_GET_PRESENTATION_POSITION, queued : A2DP_CTRL_CMD_NONE,  status 0 ##
12-19 23:22:23.208  3653  4235 W bt_btif : btif_a2dp_ctrl_cb: A2DP-CTRL-CHANNEL EVENT UIPC_RX_DATA_READY_EVT
12-19 23:22:23.209  3653  4235 W bt_btif : btif_a2dp_command_ack: ## a2dp ack : A2DP_CTRL_GET_PRESENTATION_POSITION, queued : A2DP_CTRL_CMD_NONE,  status 0 ##
12-19 23:22:23.250  3653  4235 W bt_btif : btif_a2dp_ctrl_cb: A2DP-CTRL-CHANNEL EVENT UIPC_RX_DATA_READY_EVT
12-19 23:22:23.251  3653  4235 W bt_btif : btif_a2dp_command_ack: ## a2dp ack : A2DP_CTRL_GET_PRESENTATION_POSITION, queued : A2DP_CTRL_CMD_NONE,  status 0 ##
12-19 23:22:23.272  3653  4235 W bt_btif : btif_a2dp_ctrl_cb: A2DP-CTRL-CHANNEL EVENT UIPC_RX_DATA_READY_EVT
12-19 23:22:23.272  3653  4235 W bt_btif : btif_a2dp_command_ack: ## a2dp ack : A2DP_CTRL_GET_PRESENTATION_POSITION, queued : A2DP_CTRL_CMD_NONE,  status 0 ##
12-19 23:22:23.283  3653  4235 W bt_btif : btif_a2dp_ctrl_cb: A2DP-CTRL-CHANNEL EVENT UIPC_RX_DATA_READY_EVT
12-19 23:22:23.284  3653  4235 W bt_btif : btif_a2dp_command_ack: ## a2dp ack : A2DP_CTRL_GET_PRESENTATION_POSITION, queued : A2DP_CTRL_CMD_NONE,  status 0 ##
12-19 23:22:23.305  3653  4235 W bt_btif : btif_a2dp_ctrl_cb: A2DP-CTRL-CHANNEL EVENT UIPC_RX_DATA_READY_EVT
12-19 23:22:23.305  3653  4235 W bt_btif : btif_a2dp_command_ack: ## a2dp ack : A2DP_CTRL_GET_PRESENTATION_POSITION, queued : A2DP_CTRL_CMD_NONE,  status 0 ##
12-19 23:22:23.327  3653  4235 W bt_btif : btif_a2dp_ctrl_cb: A2DP-CTRL-CHANNEL EVENT UIPC_RX_DATA_READY_EVT
12-19 23:22:23.327  3653  4235 W bt_btif : btif_a2dp_command_ack: ## a2dp ack : A2DP_CTRL_GET_PRESENTATION_POSITION, queued : A2DP_CTRL_CMD_NONE,  status 0 ##
12-19 23:22:23.349  3653  4235 W bt_btif : btif_a2dp_ctrl_cb: A2DP-CTRL-CHANNEL EVENT UIPC_RX_DATA_READY_EVT
12-19 23:22:23.349  3653  4235 W bt_btif : btif_a2dp_command_ack: ## a2dp ack : A2DP_CTRL_GET_PRESENTATION_POSITION, queued : A2DP_CTRL_CMD_NONE,  status 0 ##
12-19 23:22:23.370  3653  4235 W bt_btif : btif_a2dp_ctrl_cb: A2DP-CTRL-CHANNEL EVENT UIPC_RX_DATA_READY_EVT
12-19 23:22:23.370  3653  4235 W bt_btif : btif_a2dp_command_ack: ## a2dp ack : A2DP_CTRL_GET_PRESENTATION_POSITION, queued : A2DP_CTRL_CMD_NONE,  status 0 ##
12-19 23:22:23.381  3653  4235 W bt_btif : btif_a2dp_ctrl_cb: A2DP-CTRL-CHANNEL EVENT UIPC_RX_DATA_READY_EVT
12-19 23:22:23.381  3653  4235 W bt_btif : btif_a2dp_command_ack: ## a2dp ack : A2DP_CTRL_GET_PRESENTATION_POSITION, queued : A2DP_CTRL_CMD_NONE,  status 0 ##
12-19 23:22:23.403  3653  4235 W bt_btif : btif_a2dp_ctrl_cb: A2DP-CTRL-CHANNEL EVENT UIPC_RX_DATA_READY_EVT
12-19 23:22:23.404  3653  4235 W bt_btif : btif_a2dp_command_ack: ## a2dp ack : A2DP_CTRL_GET_PRESENTATION_POSITION, queued : A2DP_CTRL_CMD_NONE,  status 0 ##
12-19 23:22:23.425  3653  4235 W bt_btif : btif_a2dp_ctrl_cb: A2DP-CTRL-CHANNEL EVENT UIPC_RX_DATA_READY_EVT
12-19 23:22:23.426  3653  4235 W bt_btif : btif_a2dp_command_ack: ## a2dp ack : A2DP_CTRL_GET_PRESENTATION_POSITION, queued : A2DP_CTRL_CMD_NONE,  status 0 ##
12-19 23:22:23.447  3653  4235 W bt_btif : btif_a2dp_ctrl_cb: A2DP-CTRL-CHANNEL EVENT UIPC_RX_DATA_READY_EVT
12-19 23:22:23.448  3653  4235 W bt_btif : btif_a2dp_command_ack: ## a2dp ack : A2DP_CTRL_GET_PRESENTATION_POSITION, queued : A2DP_CTRL_CMD_NONE,  status 0 ##
12-19 23:22:23.469  3653  4235 W bt_btif : btif_a2dp_ctrl_cb: A2DP-CTRL-CHANNEL EVENT UIPC_RX_DATA_READY_EVT
12-19 23:22:23.469  3653  4235 W bt_btif : btif_a2dp_command_ack: ## a2dp ack : A2DP_CTRL_GET_PRESENTATION_POSITION, queued : A2DP_CTRL_CMD_NONE,  status 0 ##
12-19 23:22:23.480  3653  4235 W bt_btif : btif_a2dp_ctrl_cb: A2DP-CTRL-CHANNEL EVENT UIPC_RX_DATA_READY_EVT
12-19 23:22:23.480  3653  4235 W bt_btif : btif_a2dp_command_ack: ## a2dp ack : A2DP_CTRL_GET_PRESENTATION_POSITION, queued : A2DP_CTRL_CMD_NONE,  status 0 ##
12-19 23:22:23.501  3653  4235 W bt_btif : btif_a2dp_ctrl_cb: A2DP-CTRL-CHANNEL EVENT UIPC_RX_DATA_READY_EVT
12-19 23:22:23.502  3653  4235 W bt_btif : btif_a2dp_command_ack: ## a2dp ack : A2DP_CTRL_GET_PRESENTATION_POSITION, queued : A2DP_CTRL_CMD_NONE,  status 0 ##
12-19 23:22:23.523  3653  4235 W bt_btif : btif_a2dp_ctrl_cb: A2DP-CTRL-CHANNEL EVENT UIPC_RX_DATA_READY_EVT
12-19 23:22:23.523  3653  4235 W bt_btif : btif_a2dp_command_ack: ## a2dp ack : A2DP_CTRL_GET_PRESENTATION_POSITION, queued : A2DP_CTRL_CMD_NONE,  status 0 ##
12-19 23:22:23.545  3653  4235 W bt_btif : btif_a2dp_ctrl_cb: A2DP-CTRL-CHANNEL EVENT UIPC_RX_DATA_READY_EVT
12-19 23:22:23.545  3653  4235 W bt_btif : btif_a2dp_command_ack: ## a2dp ack : A2DP_CTRL_GET_PRESENTATION_POSITION, queued : A2DP_CTRL_CMD_NONE,  status 0 ##
12-19 23:22:23.567  3653  4235 W bt_btif : btif_a2dp_ctrl_cb: A2DP-CTRL-CHANNEL EVENT UIPC_RX_DATA_READY_EVT
12-19 23:22:23.567  3653  4235 W bt_btif : btif_a2dp_command_ack: ## a2dp ack : A2DP_CTRL_GET_PRESENTATION_POSITION, queued : A2DP_CTRL_CMD_NONE,  status 0 ##
12-19 23:22:23.588  3653  4235 W bt_btif : btif_a2dp_ctrl_cb: A2DP-CTRL-CHANNEL EVENT UIPC_RX_DATA_READY_EVT
12-19 23:22:23.588  3653  4235 W bt_btif : btif_a2dp_command_ack: ## a2dp ack : A2DP_CTRL_GET_PRESENTATION_POSITION, queued : A2DP_CTRL_CMD_NONE,  status 0 ##
12-19 23:22:23.610  3653  4235 W bt_btif : btif_a2dp_ctrl_cb: A2DP-CTRL-CHANNEL EVENT UIPC_RX_DATA_READY_EVT
12-19 23:22:23.610  3653  4235 W bt_btif : btif_a2dp_command_ack: ## a2dp ack : A2DP_CTRL_GET_PRESENTATION_POSITION, queued : A2DP_CTRL_CMD_NONE,  status 0 ##
12-19 23:22:23.631  3653  4235 W bt_btif : btif_a2dp_ctrl_cb: A2DP-CTRL-CHANNEL EVENT UIPC_RX_DATA_READY_EVT
12-19 23:22:23.631  3653  4235 W bt_btif : btif_a2dp_command_ack: ## a2dp ack : A2DP_CTRL_GET_PRESENTATION_POSITION, queued : A2DP_CTRL_CMD_NONE,  status 0 ##
12-19 23:22:23.652  3653  4235 W bt_btif : btif_a2dp_ctrl_cb: A2DP-CTRL-CHANNEL EVENT UIPC_RX_DATA_READY_EVT
12-19 23:22:23.652  3653  4235 W bt_btif : btif_a2dp_command_ack: ## a2dp ack : A2DP_CTRL_GET_PRESENTATION_POSITION, queued : A2DP_CTRL_CMD_NONE,  status 0 ##
12-19 23:22:23.663  3653  4235 W bt_btif : btif_a2dp_ctrl_cb: A2DP-CTRL-CHANNEL EVENT UIPC_RX_DATA_READY_EVT
12-19 23:22:23.663  3653  4235 W bt_btif : btif_a2dp_command_ack: ## a2dp ack : A2DP_CTRL_GET_PRESENTATION_POSITION, queued : A2DP_CTRL_CMD_NONE,  status 0 ##
12-19 23:22:23.685  3653  4235 W bt_btif : btif_a2dp_ctrl_cb: A2DP-CTRL-CHANNEL EVENT UIPC_RX_DATA_READY_EVT
12-19 23:22:23.685  3653  4235 W bt_btif : btif_a2dp_command_ack: ## a2dp ack : A2DP_CTRL_GET_PRESENTATION_POSITION, queued : A2DP_CTRL_CMD_NONE,  status 0 ##
12-19 23:22:23.707  3653  4235 W bt_btif : btif_a2dp_ctrl_cb: A2DP-CTRL-CHANNEL EVENT UIPC_RX_DATA_READY_EVT
12-19 23:22:23.707  3653  4235 W bt_btif : btif_a2dp_command_ack: ## a2dp ack : A2DP_CTRL_GET_PRESENTATION_POSITION, queued : A2DP_CTRL_CMD_NONE,  status 0 ##
12-19 23:22:23.729  3653  4235 W bt_btif : btif_a2dp_ctrl_cb: A2DP-CTRL-CHANNEL EVENT UIPC_RX_DATA_READY_EVT
12-19 23:22:23.729  3653  4235 W bt_btif : btif_a2dp_command_ack: ## a2dp ack : A2DP_CTRL_GET_PRESENTATION_POSITION, queued : A2DP_CTRL_CMD_NONE,  status 0 ##
12-19 23:22:23.751  3653  4235 W bt_btif : btif_a2dp_ctrl_cb: A2DP-CTRL-CHANNEL EVENT UIPC_RX_DATA_READY_EVT
12-19 23:22:23.751  3653  4235 W bt_btif : btif_a2dp_command_ack: ## a2dp ack : A2DP_CTRL_GET_PRESENTATION_POSITION, queued : A2DP_CTRL_CMD_NONE,  status 0 ##
12-19 23:22:23.772  3653  4235 W bt_btif : btif_a2dp_ctrl_cb: A2DP-CTRL-CHANNEL EVENT UIPC_RX_DATA_READY_EVT
12-19 23:22:23.773  3653  4235 W bt_btif : btif_a2dp_command_ack: ## a2dp ack : A2DP_CTRL_GET_PRESENTATION_POSITION, queued : A2DP_CTRL_CMD_NONE,  status 0 ##
12-19 23:22:23.783  3653  4235 W bt_btif : btif_a2dp_ctrl_cb: A2DP-CTRL-CHANNEL EVENT UIPC_RX_DATA_READY_EVT
12-19 23:22:23.783  3653  4235 W bt_btif : btif_a2dp_command_ack: ## a2dp ack : A2DP_CTRL_GET_PRESENTATION_POSITION, queued : A2DP_CTRL_CMD_NONE,  status 0 ##
12-19 23:22:23.805  3653  4235 W bt_btif : btif_a2dp_ctrl_cb: A2DP-CTRL-CHANNEL EVENT UIPC_RX_DATA_READY_EVT
12-19 23:22:23.805  3653  4235 W bt_btif : btif_a2dp_command_ack: ## a2dp ack : A2DP_CTRL_GET_PRESENTATION_POSITION, queued : A2DP_CTRL_CMD_NONE,  status 0 ##
12-19 23:22:23.826  3653  4235 W bt_btif : btif_a2dp_ctrl_cb: A2DP-CTRL-CHANNEL EVENT UIPC_RX_DATA_READY_EVT
12-19 23:22:23.827  3653  4235 W bt_btif : btif_a2dp_command_ack: ## a2dp ack : A2DP_CTRL_GET_PRESENTATION_POSITION, queued : A2DP_CTRL_CMD_NONE,  status 0 ##
12-19 23:22:23.848  3653  4235 W bt_btif : btif_a2dp_ctrl_cb: A2DP-CTRL-CHANNEL EVENT UIPC_RX_DATA_READY_EVT
12-19 23:22:23.848  3653  4235 W bt_btif : btif_a2dp_command_ack: ## a2dp ack : A2DP_CTRL_GET_PRESENTATION_POSITION, queued : A2DP_CTRL_CMD_NONE,  status 0 ##
12-19 23:22:23.869  3653  4235 W bt_btif : btif_a2dp_ctrl_cb: A2DP-CTRL-CHANNEL EVENT UIPC_RX_DATA_READY_EVT
12-19 23:22:23.869  3653  4235 W bt_btif : btif_a2dp_command_ack: ## a2dp ack : A2DP_CTRL_GET_PRESENTATION_POSITION, queued : A2DP_CTRL_CMD_NONE,  status 0 ##
12-19 23:22:23.891  3653  4235 W bt_btif : btif_a2dp_ctrl_cb: A2DP-CTRL-CHANNEL EVENT UIPC_RX_DATA_READY_EVT
12-19 23:22:23.891  3653  4235 W bt_btif : btif_a2dp_command_ack: ## a2dp ack : A2DP_CTRL_GET_PRESENTATION_POSITION, queued : A2DP_CTRL_CMD_NONE,  status 0 ##
12-19 23:22:23.912  3653  4235 W bt_btif : btif_a2dp_ctrl_cb: A2DP-CTRL-CHANNEL EVENT UIPC_RX_DATA_READY_EVT
12-19 23:22:23.912  3653  4235 W bt_btif : btif_a2dp_command_ack: ## a2dp ack : A2DP_CTRL_GET_PRESENTATION_POSITION, queued : A2DP_CTRL_CMD_NONE,  status 0 ##
12-19 23:22:23.923  3653  4235 W bt_btif : btif_a2dp_ctrl_cb: A2DP-CTRL-CHANNEL EVENT UIPC_RX_DATA_READY_EVT
12-19 23:22:23.923  3653  4235 W bt_btif : btif_a2dp_command_ack: ## a2dp ack : A2DP_CTRL_GET_PRESENTATION_POSITION, queued : A2DP_CTRL_CMD_NONE,  status 0 ##
12-19 23:22:23.945  3653  4235 W bt_btif : btif_a2dp_ctrl_cb: A2DP-CTRL-CHANNEL EVENT UIPC_RX_DATA_READY_EVT
12-19 23:22:23.945  3653  4235 W bt_btif : btif_a2dp_command_ack: ## a2dp ack : A2DP_CTRL_GET_PRESENTATION_POSITION, queued : A2DP_CTRL_CMD_NONE,  status 0 ##
12-19 23:22:23.967  3653  4235 W bt_btif : btif_a2dp_ctrl_cb: A2DP-CTRL-CHANNEL EVENT UIPC_RX_DATA_READY_EVT
12-19 23:22:23.967  3653  4235 W bt_btif : btif_a2dp_command_ack: ## a2dp ack : A2DP_CTRL_GET_PRESENTATION_POSITION, queued : A2DP_CTRL_CMD_NONE,  status 0 ##
12-19 23:22:23.988  3653  4235 W bt_btif : btif_a2dp_ctrl_cb: A2DP-CTRL-CHANNEL EVENT UIPC_RX_DATA_READY_EVT
12-19 23:22:23.989  3653  4235 W bt_btif : btif_a2dp_command_ack: ## a2dp ack : A2DP_CTRL_GET_PRESENTATION_POSITION, queued : A2DP_CTRL_CMD_NONE,  status 0 ##
12-19 23:22:24.010  3653  4235 W bt_btif : btif_a2dp_ctrl_cb: A2DP-CTRL-CHANNEL EVENT UIPC_RX_DATA_READY_EVT
12-19 23:22:24.010  3653  4235 W bt_btif : btif_a2dp_command_ack: ## a2dp ack : A2DP_CTRL_GET_PRESENTATION_POSITION, queued : A2DP_CTRL_CMD_NONE,  status 0 ##
12-19 23:22:24.032  3653  4235 W bt_btif : btif_a2dp_ctrl_cb: A2DP-CTRL-CHANNEL EVENT UIPC_RX_DATA_READY_EVT
12-19 23:22:24.033  3653  4235 W bt_btif : btif_a2dp_command_ack: ## a2dp ack : A2DP_CTRL_GET_PRESENTATION_POSITION, queued : A2DP_CTRL_CMD_NONE,  status 0 ##
12-19 23:22:24.054  3653  4235 W bt_btif : btif_a2dp_ctrl_cb: A2DP-CTRL-CHANNEL EVENT UIPC_RX_DATA_READY_EVT
12-19 23:22:24.054  3653  4235 W bt_btif : btif_a2dp_command_ack: ## a2dp ack : A2DP_CTRL_GET_PRESENTATION_POSITION, queued : A2DP_CTRL_CMD_NONE,  status 0 ##
12-19 23:22:24.065  3653  4235 W bt_btif : btif_a2dp_ctrl_cb: A2DP-CTRL-CHANNEL EVENT UIPC_RX_DATA_READY_EVT
12-19 23:22:24.065  3653  4235 W bt_btif : btif_a2dp_command_ack: ## a2dp ack : A2DP_CTRL_GET_PRESENTATION_POSITION, queued : A2DP_CTRL_CMD_NONE,  status 0 ##
12-19 23:22:24.087  3653  4235 W bt_btif : btif_a2dp_ctrl_cb: A2DP-CTRL-CHANNEL EVENT UIPC_RX_DATA_READY_EVT
12-19 23:22:24.087  3653  4235 W bt_btif : btif_a2dp_command_ack: ## a2dp ack : A2DP_CTRL_GET_PRESENTATION_POSITION, queued : A2DP_CTRL_CMD_NONE,  status 0 ##
12-19 23:22:24.109  3653  4235 W bt_btif : btif_a2dp_ctrl_cb: A2DP-CTRL-CHANNEL EVENT UIPC_RX_DATA_READY_EVT
12-19 23:22:24.109  3653  4235 W bt_btif : btif_a2dp_command_ack: ## a2dp ack : A2DP_CTRL_GET_PRESENTATION_POSITION, queued : A2DP_CTRL_CMD_NONE,  status 0 ##
12-19 23:22:24.131  3653  4235 W bt_btif : btif_a2dp_ctrl_cb: A2DP-CTRL-CHANNEL EVENT UIPC_RX_DATA_READY_EVT
12-19 23:22:24.131  3653  4235 W bt_btif : btif_a2dp_command_ack: ## a2dp ack : A2DP_CTRL_GET_PRESENTATION_POSITION, queued : A2DP_CTRL_CMD_NONE,  status 0 ##
12-19 23:22:24.154  3653  4235 W bt_btif : btif_a2dp_ctrl_cb: A2DP-CTRL-CHANNEL EVENT UIPC_RX_DATA_READY_EVT
12-19 23:22:24.154  3653  4235 W bt_btif : btif_a2dp_command_ack: ## a2dp ack : A2DP_CTRL_GET_PRESENTATION_POSITION, queued : A2DP_CTRL_CMD_NONE,  status 0 ##
12-19 23:22:24.165  3653  4235 W bt_btif : btif_a2dp_ctrl_cb: A2DP-CTRL-CHANNEL EVENT UIPC_RX_DATA_READY_EVT
12-19 23:22:24.165  3653  4235 W bt_btif : btif_a2dp_command_ack: ## a2dp ack : A2DP_CTRL_GET_PRESENTATION_POSITION, queued : A2DP_CTRL_CMD_NONE,  status 0 ##
12-19 23:22:24.187  3653  4235 W bt_btif : btif_a2dp_ctrl_cb: A2DP-CTRL-CHANNEL EVENT UIPC_RX_DATA_READY_EVT
12-19 23:22:24.187  3653  4235 W bt_btif : btif_a2dp_command_ack: ## a2dp ack : A2DP_CTRL_GET_PRESENTATION_POSITION, queued : A2DP_CTRL_CMD_NONE,  status 0 ##
12-19 23:22:24.229  3653  4235 W bt_btif : btif_a2dp_ctrl_cb: A2DP-CTRL-CHANNEL EVENT UIPC_RX_DATA_READY_EVT
12-19 23:22:24.229  3653  4235 W bt_btif : btif_a2dp_command_ack: ## a2dp ack : A2DP_CTRL_GET_PRESENTATION_POSITION, queued : A2DP_CTRL_CMD_NONE,  status 0 ##
12-19 23:22:24.240  3653  4235 W bt_btif : btif_a2dp_ctrl_cb: A2DP-CTRL-CHANNEL EVENT UIPC_RX_DATA_READY_EVT
12-19 23:22:24.240  3653  4235 W bt_btif : btif_a2dp_command_ack: ## a2dp ack : A2DP_CTRL_GET_PRESENTATION_POSITION, queued : A2DP_CTRL_CMD_NONE,  status 0 ##
12-19 23:22:24.261  3653  4235 W bt_btif : btif_a2dp_ctrl_cb: A2DP-CTRL-CHANNEL EVENT UIPC_RX_DATA_READY_EVT
12-19 23:22:24.262  3653  4235 W bt_btif : btif_a2dp_command_ack: ## a2dp ack : A2DP_CTRL_GET_PRESENTATION_POSITION, queued : A2DP_CTRL_CMD_NONE,  status 0 ##
12-19 23:22:24.272  3653  4235 W bt_btif : btif_a2dp_ctrl_cb: A2DP-CTRL-CHANNEL EVENT UIPC_RX_DATA_READY_EVT
12-19 23:22:24.272  3653  4235 W bt_btif : btif_a2dp_command_ack: ## a2dp ack : A2DP_CTRL_GET_PRESENTATION_POSITION, queued : A2DP_CTRL_CMD_NONE,  status 0 ##
12-19 23:22:24.283  3653  4235 W bt_btif : btif_a2dp_ctrl_cb: A2DP-CTRL-CHANNEL EVENT UIPC_RX_DATA_READY_EVT
12-19 23:22:24.283  3653  4235 W bt_btif : btif_a2dp_command_ack: ## a2dp ack : A2DP_CTRL_GET_PRESENTATION_POSITION, queued : A2DP_CTRL_CMD_NONE,  status 0 ##
12-19 23:22:24.324  3653  4235 W bt_btif : btif_a2dp_ctrl_cb: A2DP-CTRL-CHANNEL EVENT UIPC_RX_DATA_READY_EVT
12-19 23:22:24.324  3653  4235 W bt_btif : btif_a2dp_command_ack: ## a2dp ack : A2DP_CTRL_GET_PRESENTATION_POSITION, queued : A2DP_CTRL_CMD_NONE,  status 0 ##
12-19 23:22:24.336  3653  4235 W bt_btif : btif_a2dp_ctrl_cb: A2DP-CTRL-CHANNEL EVENT UIPC_RX_DATA_READY_EVT
12-19 23:22:24.336  3653  4235 W bt_btif : btif_a2dp_command_ack: ## a2dp ack : A2DP_CTRL_GET_PRESENTATION_POSITION, queued : A2DP_CTRL_CMD_NONE,  status 0 ##
12-19 23:22:24.357  3653  4235 W bt_btif : btif_a2dp_ctrl_cb: A2DP-CTRL-CHANNEL EVENT UIPC_RX_DATA_READY_EVT
12-19 23:22:24.358  3653  4235 W bt_btif : btif_a2dp_command_ack: ## a2dp ack : A2DP_CTRL_GET_PRESENTATION_POSITION, queued : A2DP_CTRL_CMD_NONE,  status 0 ##
12-19 23:22:24.368  3653  4235 W bt_btif : btif_a2dp_ctrl_cb: A2DP-CTRL-CHANNEL EVENT UIPC_RX_DATA_READY_EVT
12-19 23:22:24.368  3653  4235 W bt_btif : btif_a2dp_command_ack: ## a2dp ack : A2DP_CTRL_GET_PRESENTATION_POSITION, queued : A2DP_CTRL_CMD_NONE,  status 0 ##
12-19 23:22:24.390  3653  4235 W bt_btif : btif_a2dp_ctrl_cb: A2DP-CTRL-CHANNEL EVENT UIPC_RX_DATA_READY_EVT
12-19 23:22:24.390  3653  4235 W bt_btif : btif_a2dp_command_ack: ## a2dp ack : A2DP_CTRL_GET_PRESENTATION_POSITION, queued : A2DP_CTRL_CMD_NONE,  status 0 ##
12-19 23:22:24.432  3653  4235 W bt_btif : btif_a2dp_ctrl_cb: A2DP-CTRL-CHANNEL EVENT UIPC_RX_DATA_READY_EVT
12-19 23:22:24.433  3653  4235 W bt_btif : btif_a2dp_command_ack: ## a2dp ack : A2DP_CTRL_GET_PRESENTATION_POSITION, queued : A2DP_CTRL_CMD_NONE,  status 0 ##
12-19 23:22:24.443  3653  4235 W bt_btif : btif_a2dp_ctrl_cb: A2DP-CTRL-CHANNEL EVENT UIPC_RX_DATA_READY_EVT
12-19 23:22:24.443  3653  4235 W bt_btif : btif_a2dp_command_ack: ## a2dp ack : A2DP_CTRL_GET_PRESENTATION_POSITION, queued : A2DP_CTRL_CMD_NONE,  status 0 ##
12-19 23:22:24.452  3678  3800 D NetworkController.MobileSignalController(5): onSignalStrengthsChanged signalStrength=SignalStrength: 99 0 -120 -160 -120 -160 -1 29 -89 -14 234 2147483647 0 2147483647 99 255 2147483647 gsm|lte use_rsrp_and_rssnr_for_lte_level  [-120, -115, -110, -100] [-113, -103, -97, -89] level=4
12-19 23:22:24.452  3678  3800 D NetworkController.MobileSignalController(5): updateTelephony: hasService=true ss=SignalStrength: 99 0 -120 -160 -120 -160 -1 29 -89 -14 234 2147483647 0 2147483647 99 255 2147483647 gsm|lte use_rsrp_and_rssnr_for_lte_level  [-120, -115, -110, -100] [-113, -103, -97, -89]
12-19 23:22:24.464  3653  4235 W bt_btif : btif_a2dp_ctrl_cb: A2DP-CTRL-CHANNEL EVENT UIPC_RX_DATA_READY_EVT
12-19 23:22:24.465  3653  4235 W bt_btif : btif_a2dp_command_ack: ## a2dp ack : A2DP_CTRL_GET_PRESENTATION_POSITION, queued : A2DP_CTRL_CMD_NONE,  status 0 ##
12-19 23:22:24.486  3653  4235 W bt_btif : btif_a2dp_ctrl_cb: A2DP-CTRL-CHANNEL EVENT UIPC_RX_DATA_READY_EVT
12-19 23:22:24.486  3653  4235 W bt_btif : btif_a2dp_command_ack: ## a2dp ack : A2DP_CTRL_GET_PRESENTATION_POSITION, queued : A2DP_CTRL_CMD_NONE,  status 0 ##
12-19 23:22:24.497  3653  4235 W bt_btif : btif_a2dp_ctrl_cb: A2DP-CTRL-CHANNEL EVENT UIPC_RX_DATA_READY_EVT
12-19 23:22:24.497  3653  4235 W bt_btif : btif_a2dp_command_ack: ## a2dp ack : A2DP_CTRL_GET_PRESENTATION_POSITION, queued : A2DP_CTRL_CMD_NONE,  status 0 ##
12-19 23:22:24.518  3653  4235 W bt_btif : btif_a2dp_ctrl_cb: A2DP-CTRL-CHANNEL EVENT UIPC_RX_DATA_READY_EVT
12-19 23:22:24.519  3653  4235 W bt_btif : btif_a2dp_command_ack: ## a2dp ack : A2DP_CTRL_GET_PRESENTATION_POSITION, queued : A2DP_CTRL_CMD_NONE,  status 0 ##
12-19 23:22:24.529  3653  4235 W bt_btif : btif_a2dp_ctrl_cb: A2DP-CTRL-CHANNEL EVENT UIPC_RX_DATA_READY_EVT
12-19 23:22:24.529  3653  4235 W bt_btif : btif_a2dp_command_ack: ## a2dp ack : A2DP_CTRL_GET_PRESENTATION_POSITION, queued : A2DP_CTRL_CMD_NONE,  status 0 ##
12-19 23:22:24.570  3653  4235 W bt_btif : btif_a2dp_ctrl_cb: A2DP-CTRL-CHANNEL EVENT UIPC_RX_DATA_READY_EVT
12-19 23:22:24.570  3653  4235 W bt_btif : btif_a2dp_command_ack: ## a2dp ack : A2DP_CTRL_GET_PRESENTATION_POSITION, queued : A2DP_CTRL_CMD_NONE,  status 0 ##
12-19 23:22:24.587  3678  3678 D KeyguardUpdateMonitor: received broadcast android.intent.action.BATTERY_CHANGED
12-19 23:22:24.592  3653  4235 W bt_btif : btif_a2dp_ctrl_cb: A2DP-CTRL-CHANNEL EVENT UIPC_RX_DATA_READY_EVT
