12-19 23:22:17.890 30455 30475 I python  : [INFO   ] [View.HomeScreen.home_screen] Initializing, trying to acces id: {'buttons_layo': <WeakProxy to <kivy.uix.boxlayout.BoxLayout object at 0x794c5ed040>>, 'new_ses_btn': <WeakProxy to <kivy.factory.NavigationButton object at 0x794c5f1190>>}
12-19 23:22:17.890  3653  4235 W bt_btif : btif_a2dp_ctrl_cb: A2DP-CTRL-CHANNEL EVENT UIPC_RX_DATA_READY_EVT
12-19 23:22:17.890  3653  4235 W bt_btif : btif_a2dp_command_ack: ## a2dp ack : A2DP_CTRL_GET_PRESENTATION_POSITION, queued : A2DP_CTRL_CMD_NONE,  status 0 ##
12-19 23:22:17.931  3653  4235 W bt_btif : btif_a2dp_ctrl_cb: A2DP-CTRL-CHANNEL EVENT UIPC_RX_DATA_READY_EVT
12-19 23:22:17.931  3653  4235 W bt_btif : btif_a2dp_command_ack: ## a2dp ack : A2DP_CTRL_GET_PRESENTATION_POSITION, queued : A2DP_CTRL_CMD_NONE,  status 0 ##
12-19 23:22:17.939 30455 30475 I python  : [INFO   ] [View.SessionScreen.session_screen] Initializing, kv ids: {'app_bar': <WeakProxy to <kivymd.uix.anchorlayout.MDAnchorLayout object at 0x794c570dd0>>, 'box': <WeakProxy to <kivymd.uix.stacklayout.MDStackLayout object at 0x794c4faeb0>>, 'item_grid': <WeakProxy to <kivymd.uix.gridlayout.MDGridLayout object at 0x794c523820>>, 'buttons_grid': <WeakProxy to <kivymd.uix.gridlayout.MDGridLayout object at 0x794c52ec10>>}
12-19 23:22:17.942  3653  4235 W bt_btif : btif_a2dp_ctrl_cb: A2DP-CTRL-CHANNEL EVENT UIPC_RX_DATA_READY_EVT
12-19 23:22:17.942  3653  4235 W bt_btif : btif_a2dp_command_ack: ## a2dp ack : A2DP_CTRL_GET_PRESENTATION_POSITION, queued : A2DP_CTRL_CMD_NONE,  status 0 ##
12-19 23:22:17.945 30455 30475 I python  : [INFO   ] [w           ] AddDataScreenView inited
12-19 23:22:17.963  3653  4235 W bt_btif : btif_a2dp_ctrl_cb: A2DP-CTRL-CHANNEL EVENT UIPC_RX_DATA_READY_EVT
12-19 23:22:17.963  3653  4235 W bt_btif : btif_a2dp_command_ack: ## a2dp ack : A2DP_CTRL_GET_PRESENTATION_POSITION, queued : A2DP_CTRL_CMD_NONE,  status 0 ##
12-19 23:22:17.973  3653  4235 W bt_btif : btif_a2dp_ctrl_cb: A2DP-CTRL-CHANNEL EVENT UIPC_RX_DATA_READY_EVT
12-19 23:22:17.974  3653  4235 W bt_btif : btif_a2dp_command_ack: ## a2dp ack : A2DP_CTRL_GET_PRESENTATION_POSITION, queued : A2DP_CTRL_CMD_NONE,  status 0 ##
12-19 23:22:17.984  3653  4235 W bt_btif : btif_a2dp_ctrl_cb: A2DP-CTRL-CHANNEL EVENT UIPC_RX_DATA_READY_EVT
12-19 23:22:17.984  3653  4235 W bt_btif : btif_a2dp_command_ack: ## a2dp ack : A2DP_CTRL_GET_PRESENTATION_POSITION, queued : A2DP_CTRL_CMD_NONE,  status 0 ##
12-19 23:22:18.025  3653  4235 W bt_btif : btif_a2dp_ctrl_cb: A2DP-CTRL-CHANNEL EVENT UIPC_RX_DATA_READY_EVT
12-19 23:22:18.025  3653  4235 W bt_btif : btif_a2dp_command_ack: ## a2dp ack : A2DP_CTRL_GET_PRESENTATION_POSITION, queued : A2DP_CTRL_CMD_NONE,  status 0 ##
12-19 23:22:18.036  3653  4235 W bt_btif : btif_a2dp_ctrl_cb: A2DP-CTRL-CHANNEL EVENT UIPC_RX_DATA_READY_EVT
12-19 23:22:18.036  3653  4235 W bt_btif : btif_a2dp_command_ack: ## a2dp ack : A2DP_CTRL_GET_PRESENTATION_POSITION, queued : A2DP_CTRL_CMD_NONE,  status 0 ##
12-19 23:22:18.057  3653  4235 W bt_btif : btif_a2dp_ctrl_cb: A2DP-CTRL-CHANNEL EVENT UIPC_RX_DATA_READY_EVT
12-19 23:22:18.057  3653  4235 W bt_btif : btif_a2dp_command_ack: ## a2dp ack : A2DP_CTRL_GET_PRESENTATION_POSITION, queued : A2DP_CTRL_CMD_NONE,  status 0 ##
12-19 23:22:18.078  3653  4235 W bt_btif : btif_a2dp_ctrl_cb: A2DP-CTRL-CHANNEL EVENT UIPC_RX_DATA_READY_EVT
12-19 23:22:18.078  3653  4235 W bt_btif : btif_a2dp_command_ack: ## a2dp ack : A2DP_CTRL_GET_PRESENTATION_POSITION, queued : A2DP_CTRL_CMD_NONE,  status 0 ##
12-19 23:22:18.089  3653  4235 W bt_btif : btif_a2dp_ctrl_cb: A2DP-CTRL-CHANNEL EVENT UIPC_RX_DATA_READY_EVT
12-19 23:22:18.089  3653  4235 W bt_btif : btif_a2dp_command_ack: ## a2dp ack : A2DP_CTRL_GET_PRESENTATION_POSITION, queued : A2DP_CTRL_CMD_NONE,  status 0 ##
12-19 23:22:18.130  3653  4235 W bt_btif : btif_a2dp_ctrl_cb: A2DP-CTRL-CHANNEL EVENT UIPC_RX_DATA_READY_EVT
12-19 23:22:18.130  3653  4235 W bt_btif : btif_a2dp_command_ack: ## a2dp ack : A2DP_CTRL_GET_PRESENTATION_POSITION, queued : A2DP_CTRL_CMD_NONE,  status 0 ##
12-19 23:22:18.141  3653  4235 W bt_btif : btif_a2dp_ctrl_cb: A2DP-CTRL-CHANNEL EVENT UIPC_RX_DATA_READY_EVT
12-19 23:22:18.141  3653  4235 W bt_btif : btif_a2dp_command_ack: ## a2dp ack : A2DP_CTRL_GET_PRESENTATION_POSITION, queued : A2DP_CTRL_CMD_NONE,  status 0 ##
12-19 23:22:18.162  3653  4235 W bt_btif : btif_a2dp_ctrl_cb: A2DP-CTRL-CHANNEL EVENT UIPC_RX_DATA_READY_EVT
12-19 23:22:18.162  3653  4235 W bt_btif : btif_a2dp_command_ack: ## a2dp ack : A2DP_CTRL_GET_PRESENTATION_POSITION, queued : A2DP_CTRL_CMD_NONE,  status 0 ##
12-19 23:22:18.170 30455 30475 I python  : addDataCard initialization
12-19 23:22:18.176 30455 30475 I python  : [INFO   ] [View.AddDataScreen.add_data_screen] AddDataCard and buttons added
12-19 23:22:18.183  3653  4235 W bt_btif : btif_a2dp_ctrl_cb: A2DP-CTRL-CHANNEL EVENT UIPC_RX_DATA_READY_EVT
12-19 23:22:18.183  3653  4235 W bt_btif : btif_a2dp_command_ack: ## a2dp ack : A2DP_CTRL_GET_PRESENTATION_POSITION, queued : A2DP_CTRL_CMD_NONE,  status 0 ##
12-19 23:22:18.194  3653  4235 W bt_btif : btif_a2dp_ctrl_cb: A2DP-CTRL-CHANNEL EVENT UIPC_RX_DATA_READY_EVT
12-19 23:22:18.194  3653  4235 W bt_btif : btif_a2dp_command_ack: ## a2dp ack : A2DP_CTRL_GET_PRESENTATION_POSITION, queued : A2DP_CTRL_CMD_NONE,  status 0 ##
12-19 23:22:18.206 30455 30475 I python  : [INFO   ] [View.ListSessionsScreen.list_sessions_screen] Inited completed path: /data/data/org.aappdomain.aapp/files/app/assets/data/completed
12-19 23:22:18.207 30455 30475 I python  : [INFO   ] [View.ListSessionsScreen.list_sessions_screen] Inited incomplete path: /data/data/org.aappdomain.aapp/files/app/assets/data
12-19 23:22:18.209 30455 30475 I python  : [WARNING] [Base        ] Unknown <android> provider
12-19 23:22:18.210 30455 30475 I python  : [INFO   ] [Base        ] Start application main loop
12-19 23:22:18.216  3653  4235 W bt_btif : btif_a2dp_ctrl_cb: A2DP-CTRL-CHANNEL EVENT UIPC_RX_DATA_READY_EVT
12-19 23:22:18.216  3653  4235 W bt_btif : btif_a2dp_command_ack: ## a2dp ack : A2DP_CTRL_GET_PRESENTATION_POSITION, queued : A2DP_CTRL_CMD_NONE,  status 0 ##
12-19 23:22:18.229 30455 30475 I python  : [INFO   ] [GL          ] NPOT texture support is available
12-19 23:22:18.237  3653  4235 W bt_btif : btif_a2dp_ctrl_cb: A2DP-CTRL-CHANNEL EVENT UIPC_RX_DATA_READY_EVT
12-19 23:22:18.237  3653  4235 W bt_btif : btif_a2dp_command_ack: ## a2dp ack : A2DP_CTRL_GET_PRESENTATION_POSITION, queued : A2DP_CTRL_CMD_NONE,  status 0 ##
12-19 23:22:18.258  3653  4235 W bt_btif : btif_a2dp_ctrl_cb: A2DP-CTRL-CHANNEL EVENT UIPC_RX_DATA_READY_EVT
12-19 23:22:18.258  3653  4235 W bt_btif : btif_a2dp_command_ack: ## a2dp ack : A2DP_CTRL_GET_PRESENTATION_POSITION, queued : A2DP_CTRL_CMD_NONE,  status 0 ##
12-19 23:22:18.279  3653  4235 W bt_btif : btif_a2dp_ctrl_cb: A2DP-CTRL-CHANNEL EVENT UIPC_RX_DATA_READY_EVT
12-19 23:22:18.279  3653  4235 W bt_btif : btif_a2dp_command_ack: ## a2dp ack : A2DP_CTRL_GET_PRESENTATION_POSITION, queued : A2DP_CTRL_CMD_NONE,  status 0 ##
12-19 23:22:18.290  3653  4235 W bt_btif : btif_a2dp_ctrl_cb: A2DP-CTRL-CHANNEL EVENT UIPC_RX_DATA_READY_EVT
12-19 23:22:18.290  3653  4235 W bt_btif : btif_a2dp_command_ack: ## a2dp ack : A2DP_CTRL_GET_PRESENTATION_POSITION, queued : A2DP_CTRL_CMD_NONE,  status 0 ##
12-19 23:22:18.331  3653  4235 W bt_btif : btif_a2dp_ctrl_cb: A2DP-CTRL-CHANNEL EVENT UIPC_RX_DATA_READY_EVT
12-19 23:22:18.331  3653  4235 W bt_btif : btif_a2dp_command_ack: ## a2dp ack : A2DP_CTRL_GET_PRESENTATION_POSITION, queued : A2DP_CTRL_CMD_NONE,  status 0 ##
12-19 23:22:18.352  3653  4235 W bt_btif : btif_a2dp_ctrl_cb: A2DP-CTRL-CHANNEL EVENT UIPC_RX_DATA_READY_EVT
12-19 23:22:18.352  3653  4235 W bt_btif : btif_a2dp_command_ack: ## a2dp ack : A2DP_CTRL_GET_PRESENTATION_POSITION, queued : A2DP_CTRL_CMD_NONE,  status 0 ##
12-19 23:22:18.362  3653  4235 W bt_btif : btif_a2dp_ctrl_cb: A2DP-CTRL-CHANNEL EVENT UIPC_RX_DATA_READY_EVT
12-19 23:22:18.363  3653  4235 W bt_btif : btif_a2dp_command_ack: ## a2dp ack : A2DP_CTRL_GET_PRESENTATION_POSITION, queued : A2DP_CTRL_CMD_NONE,  status 0 ##
12-19 23:22:18.384  3653  4235 W bt_btif : btif_a2dp_ctrl_cb: A2DP-CTRL-CHANNEL EVENT UIPC_RX_DATA_READY_EVT
12-19 23:22:18.384  3653  4235 W bt_btif : btif_a2dp_command_ack: ## a2dp ack : A2DP_CTRL_GET_PRESENTATION_POSITION, queued : A2DP_CTRL_CMD_NONE,  status 0 ##
12-19 23:22:18.405  3653  4235 W bt_btif : btif_a2dp_ctrl_cb: A2DP-CTRL-CHANNEL EVENT UIPC_RX_DATA_READY_EVT
12-19 23:22:18.405  3653  4235 W bt_btif : btif_a2dp_command_ack: ## a2dp ack : A2DP_CTRL_GET_PRESENTATION_POSITION, queued : A2DP_CTRL_CMD_NONE,  status 0 ##
12-19 23:22:18.426  3653  4235 W bt_btif : btif_a2dp_ctrl_cb: A2DP-CTRL-CHANNEL EVENT UIPC_RX_DATA_READY_EVT
12-19 23:22:18.426  3653  4235 W bt_btif : btif_a2dp_command_ack: ## a2dp ack : A2DP_CTRL_GET_PRESENTATION_POSITION, queued : A2DP_CTRL_CMD_NONE,  status 0 ##
12-19 23:22:18.448  3653  4235 W bt_btif : btif_a2dp_ctrl_cb: A2DP-CTRL-CHANNEL EVENT UIPC_RX_DATA_READY_EVT
12-19 23:22:18.448  3653  4235 W bt_btif : btif_a2dp_command_ack: ## a2dp ack : A2DP_CTRL_GET_PRESENTATION_POSITION, queued : A2DP_CTRL_CMD_NONE,  status 0 ##
12-19 23:22:18.469  3653  4235 W bt_btif : btif_a2dp_ctrl_cb: A2DP-CTRL-CHANNEL EVENT UIPC_RX_DATA_READY_EVT
12-19 23:22:18.470  3653  4235 W bt_btif : btif_a2dp_command_ack: ## a2dp ack : A2DP_CTRL_GET_PRESENTATION_POSITION, queued : A2DP_CTRL_CMD_NONE,  status 0 ##
12-19 23:22:18.491  3653  4235 W bt_btif : btif_a2dp_ctrl_cb: A2DP-CTRL-CHANNEL EVENT UIPC_RX_DATA_READY_EVT
12-19 23:22:18.491  3653  4235 W bt_btif : btif_a2dp_command_ack: ## a2dp ack : A2DP_CTRL_GET_PRESENTATION_POSITION, queued : A2DP_CTRL_CMD_NONE,  status 0 ##
12-19 23:22:18.502  3653  4235 W bt_btif : btif_a2dp_ctrl_cb: A2DP-CTRL-CHANNEL EVENT UIPC_RX_DATA_READY_EVT
12-19 23:22:18.502  3653  4235 W bt_btif : btif_a2dp_command_ack: ## a2dp ack : A2DP_CTRL_GET_PRESENTATION_POSITION, queued : A2DP_CTRL_CMD_NONE,  status 0 ##
12-19 23:22:18.524  3653  4235 W bt_btif : btif_a2dp_ctrl_cb: A2DP-CTRL-CHANNEL EVENT UIPC_RX_DATA_READY_EVT
12-19 23:22:18.525  3653  4235 W bt_btif : btif_a2dp_command_ack: ## a2dp ack : A2DP_CTRL_GET_PRESENTATION_POSITION, queued : A2DP_CTRL_CMD_NONE,  status 0 ##
12-19 23:22:18.546  3653  4235 W bt_btif : btif_a2dp_ctrl_cb: A2DP-CTRL-CHANNEL EVENT UIPC_RX_DATA_READY_EVT
12-19 23:22:18.546  3653  4235 W bt_btif : btif_a2dp_command_ack: ## a2dp ack : A2DP_CTRL_GET_PRESENTATION_POSITION, queued : A2DP_CTRL_CMD_NONE,  status 0 ##
12-19 23:22:18.567  3653  4235 W bt_btif : btif_a2dp_ctrl_cb: A2DP-CTRL-CHANNEL EVENT UIPC_RX_DATA_READY_EVT
12-19 23:22:18.567  3653  4235 W bt_btif : btif_a2dp_command_ack: ## a2dp ack : A2DP_CTRL_GET_PRESENTATION_POSITION, queued : A2DP_CTRL_CMD_NONE,  status 0 ##
12-19 23:22:18.582  3678  3678 D KeyguardUpdateMonitor: received broadcast android.intent.action.BATTERY_CHANGED
12-19 23:22:18.583  3678  3678 D KeyguardUpdateMonitor: handleBatteryUpdate
12-19 23:22:18.588  3653  4235 W bt_btif : btif_a2dp_ctrl_cb: A2DP-CTRL-CHANNEL EVENT UIPC_RX_DATA_READY_EVT
12-19 23:22:18.588  3653  4235 W bt_btif : btif_a2dp_command_ack: ## a2dp ack : A2DP_CTRL_GET_PRESENTATION_POSITION, queued : A2DP_CTRL_CMD_NONE,  status 0 ##
12-19 23:22:18.609  3653  4235 W bt_btif : btif_a2dp_ctrl_cb: A2DP-CTRL-CHANNEL EVENT UIPC_RX_DATA_READY_EVT
12-19 23:22:18.609  3653  4235 W bt_btif : btif_a2dp_command_ack: ## a2dp ack : A2DP_CTRL_GET_PRESENTATION_POSITION, queued : A2DP_CTRL_CMD_NONE,  status 0 ##
12-19 23:22:18.630  3653  4235 W bt_btif : btif_a2dp_ctrl_cb: A2DP-CTRL-CHANNEL EVENT UIPC_RX_DATA_READY_EVT
12-19 23:22:18.630  3653  4235 W bt_btif : btif_a2dp_command_ack: ## a2dp ack : A2DP_CTRL_GET_PRESENTATION_POSITION, queued : A2DP_CTRL_CMD_NONE,  status 0 ##
12-19 23:22:18.651  3653  4235 W bt_btif : btif_a2dp_ctrl_cb: A2DP-CTRL-CHANNEL EVENT UIPC_RX_DATA_READY_EVT
12-19 23:22:18.651  3653  4235 W bt_btif : btif_a2dp_command_ack: ## a2dp ack : A2DP_CTRL_GET_PRESENTATION_POSITION, queued : A2DP_CTRL_CMD_NONE,  status 0 ##
12-19 23:22:18.673  3653  4235 W bt_btif : btif_a2dp_ctrl_cb: A2DP-CTRL-CHANNEL EVENT UIPC_RX_DATA_READY_EVT
12-19 23:22:18.673  3653  4235 W bt_btif : btif_a2dp_command_ack: ## a2dp ack : A2DP_CTRL_GET_PRESENTATION_POSITION, queued : A2DP_CTRL_CMD_NONE,  status 0 ##
12-19 23:22:18.683  3653  4235 W bt_btif : btif_a2dp_ctrl_cb: A2DP-CTRL-CHANNEL EVENT UIPC_RX_DATA_READY_EVT
12-19 23:22:18.683  3653  4235 W bt_btif : btif_a2dp_command_ack: ## a2dp ack : A2DP_CTRL_GET_PRESENTATION_POSITION, queued : A2DP_CTRL_CMD_NONE,  status 0 ##
12-19 23:22:18.704  3653  4235 W bt_btif : btif_a2dp_ctrl_cb: A2DP-CTRL-CHANNEL EVENT UIPC_RX_DATA_READY_EVT
12-19 23:22:18.704  3653  4235 W bt_btif : btif_a2dp_command_ack: ## a2dp ack : A2DP_CTRL_GET_PRESENTATION_POSITION, queued : A2DP_CTRL_CMD_NONE,  status 0 ##
12-19 23:22:18.725  3653  4235 W bt_btif : btif_a2dp_ctrl_cb: A2DP-CTRL-CHANNEL EVENT UIPC_RX_DATA_READY_EVT
12-19 23:22:18.726  3653  4235 W bt_btif : btif_a2dp_command_ack: ## a2dp ack : A2DP_CTRL_GET_PRESENTATION_POSITION, queued : A2DP_CTRL_CMD_NONE,  status 0 ##
12-19 23:22:18.747  3653  4235 W bt_btif : btif_a2dp_ctrl_cb: A2DP-CTRL-CHANNEL EVENT UIPC_RX_DATA_READY_EVT
12-19 23:22:18.747  3653  4235 W bt_btif : btif_a2dp_command_ack: ## a2dp ack : A2DP_CTRL_GET_PRESENTATION_POSITION, queued : A2DP_CTRL_CMD_NONE,  status 0 ##
12-19 23:22:18.768  3653  4235 W bt_btif : btif_a2dp_ctrl_cb: A2DP-CTRL-CHANNEL EVENT UIPC_RX_DATA_READY_EVT
12-19 23:22:18.769  3653  4235 W bt_btif : btif_a2dp_command_ack: ## a2dp ack : A2DP_CTRL_GET_PRESENTATION_POSITION, queued : A2DP_CTRL_CMD_NONE,  status 0 ##
12-19 23:22:18.790  3653  4235 W bt_btif : btif_a2dp_ctrl_cb: A2DP-CTRL-CHANNEL EVENT UIPC_RX_DATA_READY_EVT
12-19 23:22:18.790  3653  4235 W bt_btif : btif_a2dp_command_ack: ## a2dp ack : A2DP_CTRL_GET_PRESENTATION_POSITION, queued : A2DP_CTRL_CMD_NONE,  status 0 ##
12-19 23:22:18.795  3049  3049 V SettingsProvider: Notifying for 0: content://settings/system/screen_brightness
12-19 23:22:18.811  3653  4235 W bt_btif : btif_a2dp_ctrl_cb: A2DP-CTRL-CHANNEL EVENT UIPC_RX_DATA_READY_EVT
12-19 23:22:18.812  3653  4235 W bt_btif : btif_a2dp_command_ack: ## a2dp ack : A2DP_CTRL_GET_PRESENTATION_POSITION, queued : A2DP_CTRL_CMD_NONE,  status 0 ##
12-19 23:22:18.823  3653  4235 W bt_btif : btif_a2dp_ctrl_cb: A2DP-CTRL-CHANNEL EVENT UIPC_RX_DATA_READY_EVT
12-19 23:22:18.823  3653  4235 W bt_btif : btif_a2dp_command_ack: ## a2dp ack : A2DP_CTRL_GET_PRESENTATION_POSITION, queued : A2DP_CTRL_CMD_NONE,  status 0 ##
12-19 23:22:18.844  3653  4235 W bt_btif : btif_a2dp_ctrl_cb: A2DP-CTRL-CHANNEL EVENT UIPC_RX_DATA_READY_EVT
12-19 23:22:18.844  3653  4235 W bt_btif : btif_a2dp_command_ack: ## a2dp ack : A2DP_CTRL_GET_PRESENTATION_POSITION, queued : A2DP_CTRL_CMD_NONE,  status 0 ##
12-19 23:22:18.865  3653  4235 W bt_btif : btif_a2dp_ctrl_cb: A2DP-CTRL-CHANNEL EVENT UIPC_RX_DATA_READY_EVT
12-19 23:22:18.866  3653  4235 W bt_btif : btif_a2dp_command_ack: ## a2dp ack : A2DP_CTRL_GET_PRESENTATION_POSITION, queued : A2DP_CTRL_CMD_NONE,  status 0 ##
12-19 23:22:18.887  3653  4235 W bt_btif : btif_a2dp_ctrl_cb: A2DP-CTRL-CHANNEL EVENT UIPC_RX_DATA_READY_EVT
12-19 23:22:18.887  3653  4235 W bt_btif : btif_a2dp_command_ack: ## a2dp ack : A2DP_CTRL_GET_PRESENTATION_POSITION, queued : A2DP_CTRL_CMD_NONE,  status 0 ##
12-19 23:22:18.908  3653  4235 W bt_btif : btif_a2dp_ctrl_cb: A2DP-CTRL-CHANNEL EVENT UIPC_RX_DATA_READY_EVT
12-19 23:22:18.908  3653  4235 W bt_btif : btif_a2dp_command_ack: ## a2dp ack : A2DP_CTRL_GET_PRESENTATION_POSITION, queued : A2DP_CTRL_CMD_NONE,  status 0 ##
12-19 23:22:18.930  3653  4235 W bt_btif : btif_a2dp_ctrl_cb: A2DP-CTRL-CHANNEL EVENT UIPC_RX_DATA_READY_EVT
12-19 23:22:18.931  3653  4235 W bt_btif : btif_a2dp_command_ack: ## a2dp ack : A2DP_CTRL_GET_PRESENTATION_POSITION, queued : A2DP_CTRL_CMD_NONE,  status 0 ##
12-19 23:22:18.952  3653  4235 W bt_btif : btif_a2dp_ctrl_cb: A2DP-CTRL-CHANNEL EVENT UIPC_RX_DATA_READY_EVT
12-19 23:22:18.952  3653  4235 W bt_btif : btif_a2dp_command_ack: ## a2dp ack : A2DP_CTRL_GET_PRESENTATION_POSITION, queued : A2DP_CTRL_CMD_NONE,  status 0 ##
12-19 23:22:18.973  3653  4235 W bt_btif : btif_a2dp_ctrl_cb: A2DP-CTRL-CHANNEL EVENT UIPC_RX_DATA_READY_EVT
12-19 23:22:18.973  3653  4235 W bt_btif : btif_a2dp_command_ack: ## a2dp ack : A2DP_CTRL_GET_PRESENTATION_POSITION, queued : A2DP_CTRL_CMD_NONE,  status 0 ##
12-19 23:22:18.984  3653  4235 W bt_btif : btif_a2dp_ctrl_cb: A2DP-CTRL-CHANNEL EVENT UIPC_RX_DATA_READY_EVT
12-19 23:22:18.984  3653  4235 W bt_btif : btif_a2dp_command_ack: ## a2dp ack : A2DP_CTRL_GET_PRESENTATION_POSITION, queued : A2DP_CTRL_CMD_NONE,  status 0 ##
12-19 23:22:19.006  3653  4235 W bt_btif : btif_a2dp_ctrl_cb: A2DP-CTRL-CHANNEL EVENT UIPC_RX_DATA_READY_EVT
12-19 23:22:19.006  3653  4235 W bt_btif : btif_a2dp_command_ack: ## a2dp ack : A2DP_CTRL_GET_PRESENTATION_POSITION, queued : A2DP_CTRL_CMD_NONE,  status 0 ##
12-19 23:22:19.028  3653  4235 W bt_btif : btif_a2dp_ctrl_cb: A2DP-CTRL-CHANNEL EVENT UIPC_RX_DATA_READY_EVT
12-19 23:22:19.028  3653  4235 W bt_btif : btif_a2dp_command_ack: ## a2dp ack : A2DP_CTRL_GET_PRESENTATION_POSITION, queued : A2DP_CTRL_CMD_NONE,  status 0 ##
12-19 23:22:19.050  3653  4235 W bt_btif : btif_a2dp_ctrl_cb: A2DP-CTRL-CHANNEL EVENT UIPC_RX_DATA_READY_EVT
12-19 23:22:19.050  3653  4235 W bt_btif : btif_a2dp_command_ack: ## a2dp ack : A2DP_CTRL_GET_PRESENTATION_POSITION, queued : A2DP_CTRL_CMD_NONE,  status 0 ##
12-19 23:22:19.091  3653  4235 W bt_btif : btif_a2dp_ctrl_cb: A2DP-CTRL-CHANNEL EVENT UIPC_RX_DATA_READY_EVT
12-19 23:22:19.091  3653  4235 W bt_btif : btif_a2dp_command_ack: ## a2dp ack : A2DP_CTRL_GET_PRESENTATION_POSITION, queued : A2DP_CTRL_CMD_NONE,  status 0 ##
12-19 23:22:19.102  3653  4235 W bt_btif : btif_a2dp_ctrl_cb: A2DP-CTRL-CHANNEL EVENT UIPC_RX_DATA_READY_EVT
12-19 23:22:19.102  3653  4235 W bt_btif : btif_a2dp_command_ack: ## a2dp ack : A2DP_CTRL_GET_PRESENTATION_POSITION, queued : A2DP_CTRL_CMD_NONE,  status 0 ##
12-19 23:22:19.112  3653  4235 W bt_btif : btif_a2dp_ctrl_cb: A2DP-CTRL-CHANNEL EVENT UIPC_RX_DATA_READY_EVT
12-19 23:22:19.112  3653  4235 W bt_btif : btif_a2dp_command_ack: ## a2dp ack : A2DP_CTRL_GET_PRESENTATION_POSITION, queued : A2DP_CTRL_CMD_NONE,  status 0 ##
12-19 23:22:19.123  3653  4235 W bt_btif : btif_a2dp_ctrl_cb: A2DP-CTRL-CHANNEL EVENT UIPC_RX_DATA_READY_EVT
12-19 23:22:19.123  3653  4235 W bt_btif : btif_a2dp_command_ack: ## a2dp ack : A2DP_CTRL_GET_PRESENTATION_POSITION, queued : A2DP_CTRL_CMD_NONE,  status 0 ##
12-19 23:22:19.145  3653  4235 W bt_btif : btif_a2dp_ctrl_cb: A2DP-CTRL-CHANNEL EVENT UIPC_RX_DATA_READY_EVT
12-19 23:22:19.145  3653  4235 W bt_btif : btif_a2dp_command_ack: ## a2dp ack : A2DP_CTRL_GET_PRESENTATION_POSITION, queued : A2DP_CTRL_CMD_NONE,  status 0 ##
12-19 23:22:19.186  3653  4235 W bt_btif : btif_a2dp_ctrl_cb: A2DP-CTRL-CHANNEL EVENT UIPC_RX_DATA_READY_EVT
12-19 23:22:19.186  3653  4235 W bt_btif : btif_a2dp_command_ack: ## a2dp ack : A2DP_CTRL_GET_PRESENTATION_POSITION, queued : A2DP_CTRL_CMD_NONE,  status 0 ##
12-19 23:22:19.197  3653  4235 W bt_btif : btif_a2dp_ctrl_cb: A2DP-CTRL-CHANNEL EVENT UIPC_RX_DATA_READY_EVT
12-19 23:22:19.197  3653  4235 W bt_btif : btif_a2dp_command_ack: ## a2dp ack : A2DP_CTRL_GET_PRESENTATION_POSITION, queued : A2DP_CTRL_CMD_NONE,  status 0 ##
12-19 23:22:19.208  3653  4235 W bt_btif : btif_a2dp_ctrl_cb: A2DP-CTRL-CHANNEL EVENT UIPC_RX_DATA_READY_EVT
12-19 23:22:19.208  3653  4235 W bt_btif : btif_a2dp_command_ack: ## a2dp ack : A2DP_CTRL_GET_PRESENTATION_POSITION, queued : A2DP_CTRL_CMD_NONE,  status 0 ##
12-19 23:22:19.249  3653  4235 W bt_btif : btif_a2dp_ctrl_cb: A2DP-CTRL-CHANNEL EVENT UIPC_RX_DATA_READY_EVT
12-19 23:22:19.250  3653  4235 W bt_btif : btif_a2dp_command_ack: ## a2dp ack : A2DP_CTRL_GET_PRESENTATION_POSITION, queued : A2DP_CTRL_CMD_NONE,  status 0 ##
12-19 23:22:19.260  3653  4235 W bt_btif : btif_a2dp_ctrl_cb: A2DP-CTRL-CHANNEL EVENT UIPC_RX_DATA_READY_EVT
12-19 23:22:19.261  3653  4235 W bt_btif : btif_a2dp_command_ack: ## a2dp ack : A2DP_CTRL_GET_PRESENTATION_POSITION, queued : A2DP_CTRL_CMD_NONE,  status 0 ##
12-19 23:22:19.282  3653  4235 W bt_btif : btif_a2dp_ctrl_cb: A2DP-CTRL-CHANNEL EVENT UIPC_RX_DATA_READY_EVT
12-19 23:22:19.282  3653  4235 W bt_btif : btif_a2dp_command_ack: ## a2dp ack : A2DP_CTRL_GET_PRESENTATION_POSITION, queued : A2DP_CTRL_CMD_NONE,  status 0 ##
12-19 23:22:19.293  3653  4235 W bt_btif : btif_a2dp_ctrl_cb: A2DP-CTRL-CHANNEL EVENT UIPC_RX_DATA_READY_EVT
12-19 23:22:19.293  3653  4235 W bt_btif : btif_a2dp_command_ack: ## a2dp ack : A2DP_CTRL_GET_PRESENTATION_POSITION, queued : A2DP_CTRL_CMD_NONE,  status 0 ##
12-19 23:22:19.303  3653  4235 W bt_btif : btif_a2dp_ctrl_cb: A2DP-CTRL-CHANNEL EVENT UIPC_RX_DATA_READY_EVT
12-19 23:22:19.303  3653  4235 W bt_btif : btif_a2dp_command_ack: ## a2dp ack : A2DP_CTRL_GET_PRESENTATION_POSITION, queued : A2DP_CTRL_CMD_NONE,  status 0 ##
12-19 23:22:19.345  3653  4235 W bt_btif : btif_a2dp_ctrl_cb: A2DP-CTRL-CHANNEL EVENT UIPC_RX_DATA_READY_EVT
12-19 23:22:19.345  3653  4235 W bt_btif : btif_a2dp_command_ack: ## a2dp ack : A2DP_CTRL_GET_PRESENTATION_POSITION, queued : A2DP_CTRL_CMD_NONE,  status 0 ##
12-19 23:22:19.356  3653  4235 W bt_btif : btif_a2dp_ctrl_cb: A2DP-CTRL-CHANNEL EVENT UIPC_RX_DATA_READY_EVT
12-19 23:22:19.356  3653  4235 W bt_btif : btif_a2dp_command_ack: ## a2dp ack : A2DP_CTRL_GET_PRESENTATION_POSITION, queued : A2DP_CTRL_CMD_NONE,  status 0 ##
12-19 23:22:19.378  3653  4235 W bt_btif : btif_a2dp_ctrl_cb: A2DP-CTRL-CHANNEL EVENT UIPC_RX_DATA_READY_EVT
12-19 23:22:19.378  3653  4235 W bt_btif : btif_a2dp_command_ack: ## a2dp ack : A2DP_CTRL_GET_PRESENTATION_POSITION, queued : A2DP_CTRL_CMD_NONE,  status 0 ##
12-19 23:22:19.399  3653  4235 W bt_btif : btif_a2dp_ctrl_cb: A2DP-CTRL-CHANNEL EVENT UIPC_RX_DATA_READY_EVT
12-19 23:22:19.399  3653  4235 W bt_btif : btif_a2dp_command_ack: ## a2dp ack : A2DP_CTRL_GET_PRESENTATION_POSITION, queued : A2DP_CTRL_CMD_NONE,  status 0 ##
12-19 23:22:19.410  3653  4235 W bt_btif : btif_a2dp_ctrl_cb: A2DP-CTRL-CHANNEL EVENT UIPC_RX_DATA_READY_EVT
12-19 23:22:19.410  3653  4235 W bt_btif : btif_a2dp_command_ack: ## a2dp ack : A2DP_CTRL_GET_PRESENTATION_POSITION, queued : A2DP_CTRL_CMD_NONE,  status 0 ##
12-19 23:22:19.452  3653  4235 W bt_btif : btif_a2dp_ctrl_cb: A2DP-CTRL-CHANNEL EVENT UIPC_RX_DATA_READY_EVT
12-19 23:22:19.452  3653  4235 W bt_btif : btif_a2dp_command_ack: ## a2dp ack : A2DP_CTRL_GET_PRESENTATION_POSITION, queued : A2DP_CTRL_CMD_NONE,  status 0 ##
12-19 23:22:19.463  3653  4235 W bt_btif : btif_a2dp_ctrl_cb: A2DP-CTRL-CHANNEL EVENT UIPC_RX_DATA_READY_EVT
12-19 23:22:19.463  3653  4235 W bt_btif : btif_a2dp_command_ack: ## a2dp ack : A2DP_CTRL_GET_PRESENTATION_POSITION, queued : A2DP_CTRL_CMD_NONE,  status 0 ##
12-19 23:22:19.485  3653  4235 W bt_btif : btif_a2dp_ctrl_cb: A2DP-CTRL-CHANNEL EVENT UIPC_RX_DATA_READY_EVT
12-19 23:22:19.485  3653  4235 W bt_btif : btif_a2dp_command_ack: ## a2dp ack : A2DP_CTRL_GET_PRESENTATION_POSITION, queued : A2DP_CTRL_CMD_NONE,  status 0 ##
12-19 23:22:19.507  3653  4235 W bt_btif : btif_a2dp_ctrl_cb: A2DP-CTRL-CHANNEL EVENT UIPC_RX_DATA_READY_EVT
12-19 23:22:19.507  3653  4235 W bt_btif : btif_a2dp_command_ack: ## a2dp ack : A2DP_CTRL_GET_PRESENTATION_POSITION, queued : A2DP_CTRL_CMD_NONE,  status 0 ##
12-19 23:22:19.517  3653  4235 W bt_btif : btif_a2dp_ctrl_cb: A2DP-CTRL-CHANNEL EVENT UIPC_RX_DATA_READY_EVT
12-19 23:22:19.518  3653  4235 W bt_btif : btif_a2dp_command_ack: ## a2dp ack : A2DP_CTRL_GET_PRESENTATION_POSITION, queued : A2DP_CTRL_CMD_NONE,  status 0 ##
12-19 23:22:19.540  3653  4235 W bt_btif : btif_a2dp_ctrl_cb: A2DP-CTRL-CHANNEL EVENT UIPC_RX_DATA_READY_EVT
12-19 23:22:19.540  3653  4235 W bt_btif : btif_a2dp_command_ack: ## a2dp ack : A2DP_CTRL_GET_PRESENTATION_POSITION, queued : A2DP_CTRL_CMD_NONE,  status 0 ##
12-19 23:22:19.561  3653  4235 W bt_btif : btif_a2dp_ctrl_cb: A2DP-CTRL-CHANNEL EVENT UIPC_RX_DATA_READY_EVT
12-19 23:22:19.562  3653  4235 W bt_btif : btif_a2dp_command_ack: ## a2dp ack : A2DP_CTRL_GET_PRESENTATION_POSITION, queued : A2DP_CTRL_CMD_NONE,  status 0 ##
12-19 23:22:19.583  3653  4235 W bt_btif : btif_a2dp_ctrl_cb: A2DP-CTRL-CHANNEL EVENT UIPC_RX_DATA_READY_EVT
12-19 23:22:19.583  3653  4235 W bt_btif : btif_a2dp_command_ack: ## a2dp ack : A2DP_CTRL_GET_PRESENTATION_POSITION, queued : A2DP_CTRL_CMD_NONE,  status 0 ##
12-19 23:22:19.585  3678  3678 D KeyguardUpdateMonitor: received broadcast android.intent.action.BATTERY_CHANGED
12-19 23:22:19.588  3678  3678 D KeyguardUpdateMonitor: handleBatteryUpdate
12-19 23:22:19.605  3653  4235 W bt_btif : btif_a2dp_ctrl_cb: A2DP-CTRL-CHANNEL EVENT UIPC_RX_DATA_READY_EVT
12-19 23:22:19.605  3653  4235 W bt_btif : btif_a2dp_command_ack: ## a2dp ack : A2DP_CTRL_GET_PRESENTATION_POSITION, queued : A2DP_CTRL_CMD_NONE,  status 0 ##
12-19 23:22:19.616  3653  4235 W bt_btif : btif_a2dp_ctrl_cb: A2DP-CTRL-CHANNEL EVENT UIPC_RX_DATA_READY_EVT
12-19 23:22:19.616  3653  4235 W bt_btif : btif_a2dp_command_ack: ## a2dp ack : A2DP_CTRL_GET_PRESENTATION_POSITION, queued : A2DP_CTRL_CMD_NONE,  status 0 ##
12-19 23:22:19.637  3653  4235 W bt_btif : btif_a2dp_ctrl_cb: A2DP-CTRL-CHANNEL EVENT UIPC_RX_DATA_READY_EVT
12-19 23:22:19.637  3653  4235 W bt_btif : btif_a2dp_command_ack: ## a2dp ack : A2DP_CTRL_GET_PRESENTATION_POSITION, queued : A2DP_CTRL_CMD_NONE,  status 0 ##
12-19 23:22:19.659  3653  4235 W bt_btif : btif_a2dp_ctrl_cb: A2DP-CTRL-CHANNEL EVENT UIPC_RX_DATA_READY_EVT
12-19 23:22:19.659  3653  4235 W bt_btif : btif_a2dp_command_ack: ## a2dp ack : A2DP_CTRL_GET_PRESENTATION_POSITION, queued : A2DP_CTRL_CMD_NONE,  status 0 ##
12-19 23:22:19.680  3653  4235 W bt_btif : btif_a2dp_ctrl_cb: A2DP-CTRL-CHANNEL EVENT UIPC_RX_DATA_READY_EVT
12-19 23:22:19.680  3653  4235 W bt_btif : btif_a2dp_command_ack: ## a2dp ack : A2DP_CTRL_GET_PRESENTATION_POSITION, queued : A2DP_CTRL_CMD_NONE,  status 0 ##
12-19 23:22:19.702  3653  4235 W bt_btif : btif_a2dp_ctrl_cb: A2DP-CTRL-CHANNEL EVENT UIPC_RX_DATA_READY_EVT
12-19 23:22:19.702  3653  4235 W bt_btif : btif_a2dp_command_ack: ## a2dp ack : A2DP_CTRL_GET_PRESENTATION_POSITION, queued : A2DP_CTRL_CMD_NONE,  status 0 ##
12-19 23:22:19.725  3653  4235 W bt_btif : btif_a2dp_ctrl_cb: A2DP-CTRL-CHANNEL EVENT UIPC_RX_DATA_READY_EVT
12-19 23:22:19.725  3653  4235 W bt_btif : btif_a2dp_command_ack: ## a2dp ack : A2DP_CTRL_GET_PRESENTATION_POSITION, queued : A2DP_CTRL_CMD_NONE,  status 0 ##
12-19 23:22:19.747  3653  4235 W bt_btif : btif_a2dp_ctrl_cb: A2DP-CTRL-CHANNEL EVENT UIPC_RX_DATA_READY_EVT
12-19 23:22:19.747  3653  4235 W bt_btif : btif_a2dp_command_ack: ## a2dp ack : A2DP_CTRL_GET_PRESENTATION_POSITION, queued : A2DP_CTRL_CMD_NONE,  status 0 ##
12-19 23:22:19.769  3653  4235 W bt_btif : btif_a2dp_ctrl_cb: A2DP-CTRL-CHANNEL EVENT UIPC_RX_DATA_READY_EVT
12-19 23:22:19.769  3653  4235 W bt_btif : btif_a2dp_command_ack: ## a2dp ack : A2DP_CTRL_GET_PRESENTATION_POSITION, queued : A2DP_CTRL_CMD_NONE,  status 0 ##
12-19 23:22:19.791  3653  4235 W bt_btif : btif_a2dp_ctrl_cb: A2DP-CTRL-CHANNEL EVENT UIPC_RX_DATA_READY_EVT
12-19 23:22:19.791  3653  4235 W bt_btif : btif_a2dp_command_ack: ## a2dp ack : A2DP_CTRL_GET_PRESENTATION_POSITION, queued : A2DP_CTRL_CMD_NONE,  status 0 ##
12-19 23:22:19.813  3653  4235 W bt_btif : btif_a2dp_ctrl_cb: A2DP-CTRL-CHANNEL EVENT UIPC_RX_DATA_READY_EVT
12-19 23:22:19.813  3653  4235 W bt_btif : btif_a2dp_command_ack: ## a2dp ack : A2DP_CTRL_GET_PRESENTATION_POSITION, queued : A2DP_CTRL_CMD_NONE,  status 0 ##
12-19 23:22:19.824  3653  4235 W bt_btif : btif_a2dp_ctrl_cb: A2DP-CTRL-CHANNEL EVENT UIPC_RX_DATA_READY_EVT
12-19 23:22:19.824  3653  4235 W bt_btif : btif_a2dp_command_ack: ## a2dp ack : A2DP_CTRL_GET_PRESENTATION_POSITION, queued : A2DP_CTRL_CMD_NONE,  status 0 ##
12-19 23:22:19.845  3653  4235 W bt_btif : btif_a2dp_ctrl_cb: A2DP-CTRL-CHANNEL EVENT UIPC_RX_DATA_READY_EVT
12-19 23:22:19.846  3653  4235 W bt_btif : btif_a2dp_command_ack: ## a2dp ack : A2DP_CTRL_GET_PRESENTATION_POSITION, queued : A2DP_CTRL_CMD_NONE,  status 0 ##
12-19 23:22:19.867  3653  4235 W bt_btif : btif_a2dp_ctrl_cb: A2DP-CTRL-CHANNEL EVENT UIPC_RX_DATA_READY_EVT
12-19 23:22:19.867  3653  4235 W bt_btif : btif_a2dp_command_ack: ## a2dp ack : A2DP_CTRL_GET_PRESENTATION_POSITION, queued : A2DP_CTRL_CMD_NONE,  status 0 ##
12-19 23:22:19.889  3653  4235 W bt_btif : btif_a2dp_ctrl_cb: A2DP-CTRL-CHANNEL EVENT UIPC_RX_DATA_READY_EVT
12-19 23:22:19.889  3653  4235 W bt_btif : btif_a2dp_command_ack: ## a2dp ack : A2DP_CTRL_GET_PRESENTATION_POSITION, queued : A2DP_CTRL_CMD_NONE,  status 0 ##
12-19 23:22:19.911  3653  4235 W bt_btif : btif_a2dp_ctrl_cb: A2DP-CTRL-CHANNEL EVENT UIPC_RX_DATA_READY_EVT
12-19 23:22:19.911  3653  4235 W bt_btif : btif_a2dp_command_ack: ## a2dp ack : A2DP_CTRL_GET_PRESENTATION_POSITION, queued : A2DP_CTRL_CMD_NONE,  status 0 ##
12-19 23:22:19.922  3653  4235 W bt_btif : btif_a2dp_ctrl_cb: A2DP-CTRL-CHANNEL EVENT UIPC_RX_DATA_READY_EVT
12-19 23:22:19.923  3653  4235 W bt_btif : btif_a2dp_command_ack: ## a2dp ack : A2DP_CTRL_GET_PRESENTATION_POSITION, queued : A2DP_CTRL_CMD_NONE,  status 0 ##
12-19 23:22:19.944  3653  4235 W bt_btif : btif_a2dp_ctrl_cb: A2DP-CTRL-CHANNEL EVENT UIPC_RX_DATA_READY_EVT
12-19 23:22:19.944  3653  4235 W bt_btif : btif_a2dp_command_ack: ## a2dp ack : A2DP_CTRL_GET_PRESENTATION_POSITION, queued : A2DP_CTRL_CMD_NONE,  status 0 ##
12-19 23:22:19.965  3653  4235 W bt_btif : btif_a2dp_ctrl_cb: A2DP-CTRL-CHANNEL EVENT UIPC_RX_DATA_READY_EVT
12-19 23:22:19.965  3653  4235 W bt_btif : btif_a2dp_command_ack: ## a2dp ack : A2DP_CTRL_GET_PRESENTATION_POSITION, queued : A2DP_CTRL_CMD_NONE,  status 0 ##
12-19 23:22:19.987  3653  4235 W bt_btif : btif_a2dp_ctrl_cb: A2DP-CTRL-CHANNEL EVENT UIPC_RX_DATA_READY_EVT
12-19 23:22:19.987  3653  4235 W bt_btif : btif_a2dp_command_ack: ## a2dp ack : A2DP_CTRL_GET_PRESENTATION_POSITION, queued : A2DP_CTRL_CMD_NONE,  status 0 ##
12-19 23:22:20.008  3653  4235 W bt_btif : btif_a2dp_ctrl_cb: A2DP-CTRL-CHANNEL EVENT UIPC_RX_DATA_READY_EVT
12-19 23:22:20.008  3653  4235 W bt_btif : btif_a2dp_command_ack: ## a2dp ack : A2DP_CTRL_GET_PRESENTATION_POSITION, queued : A2DP_CTRL_CMD_NONE,  status 0 ##
12-19 23:22:20.030  3653  4235 W bt_btif : btif_a2dp_ctrl_cb: A2DP-CTRL-CHANNEL EVENT UIPC_RX_DATA_READY_EVT
12-19 23:22:20.030  3653  4235 W bt_btif : btif_a2dp_command_ack: ## a2dp ack : A2DP_CTRL_GET_PRESENTATION_POSITION, queued : A2DP_CTRL_CMD_NONE,  status 0 ##
12-19 23:22:20.052  3653  4235 W bt_btif : btif_a2dp_ctrl_cb: A2DP-CTRL-CHANNEL EVENT UIPC_RX_DATA_READY_EVT
12-19 23:22:20.052  3653  4235 W bt_btif : btif_a2dp_command_ack: ## a2dp ack : A2DP_CTRL_GET_PRESENTATION_POSITION, queued : A2DP_CTRL_CMD_NONE,  status 0 ##
12-19 23:22:20.062  3653  4235 W bt_btif : btif_a2dp_ctrl_cb: A2DP-CTRL-CHANNEL EVENT UIPC_RX_DATA_READY_EVT
12-19 23:22:20.062  3653  4235 W bt_btif : btif_a2dp_command_ack: ## a2dp ack : A2DP_CTRL_GET_PRESENTATION_POSITION, queued : A2DP_CTRL_CMD_NONE,  status 0 ##
12-19 23:22:20.083  3653  4235 W bt_btif : btif_a2dp_ctrl_cb: A2DP-CTRL-CHANNEL EVENT UIPC_RX_DATA_READY_EVT
12-19 23:22:20.083  3653  4235 W bt_btif : btif_a2dp_command_ack: ## a2dp ack : A2DP_CTRL_GET_PRESENTATION_POSITION, queued : A2DP_CTRL_CMD_NONE,  status 0 ##
12-19 23:22:20.104  3653  4235 W bt_btif : btif_a2dp_ctrl_cb: A2DP-CTRL-CHANNEL EVENT UIPC_RX_DATA_READY_EVT
12-19 23:22:20.105  3653  4235 W bt_btif : btif_a2dp_command_ack: ## a2dp ack : A2DP_CTRL_GET_PRESENTATION_POSITION, queued : A2DP_CTRL_CMD_NONE,  status 0 ##
12-19 23:22:20.126  3653  4235 W bt_btif : btif_a2dp_ctrl_cb: A2DP-CTRL-CHANNEL EVENT UIPC_RX_DATA_READY_EVT
12-19 23:22:20.126  3653  4235 W bt_btif : btif_a2dp_command_ack: ## a2dp ack : A2DP_CTRL_GET_PRESENTATION_POSITION, queued : A2DP_CTRL_CMD_NONE,  status 0 ##
12-19 23:22:20.147  3653  4235 W bt_btif : btif_a2dp_ctrl_cb: A2DP-CTRL-CHANNEL EVENT UIPC_RX_DATA_READY_EVT
12-19 23:22:20.147  3653  4235 W bt_btif : btif_a2dp_command_ack: ## a2dp ack : A2DP_CTRL_GET_PRESENTATION_POSITION, queued : A2DP_CTRL_CMD_NONE,  status 0 ##
12-19 23:22:20.168  3653  4235 W bt_btif : btif_a2dp_ctrl_cb: A2DP-CTRL-CHANNEL EVENT UIPC_RX_DATA_READY_EVT
12-19 23:22:20.168  3653  4235 W bt_btif : btif_a2dp_command_ack: ## a2dp ack : A2DP_CTRL_GET_PRESENTATION_POSITION, queued : A2DP_CTRL_CMD_NONE,  status 0 ##
12-19 23:22:20.198 30455 30475 I python  : [INFO   ] [Model.home_screen] Started listing sessions, state=incomplete
12-19 23:22:20.199 30455 30475 I python  : [INFO   ] [Model.list_sessions_screen] start incomplete sessions
12-19 23:22:20.199 30455 30475 I python  : [INFO   ] [View.ListSessionsScreen.list_sessions_screen] started incomplete sessions
12-19 23:22:20.201 30455 30475 I python  : [INFO   ] [View.ListSessionsScreen.list_sessions_screen] on_enter fired
12-19 23:22:20.202 30455 30475 I python  : [INFO   ] [View.ListSessionsScreen.list_sessions_screen] items gonna be added to list
12-19 23:22:20.205 30455 30475 I python  : [INFO   ] [View.ListSessionsScreen.list_sessions_screen] Clock scheduled, 2 items added to list
12-19 23:22:20.209  3653  4235 W bt_btif : btif_a2dp_ctrl_cb: A2DP-CTRL-CHANNEL EVENT UIPC_RX_DATA_READY_EVT
12-19 23:22:20.210  3653  4235 W bt_btif : btif_a2dp_command_ack: ## a2dp ack : A2DP_CTRL_GET_PRESENTATION_POSITION, queued : A2DP_CTRL_CMD_NONE,  status 0 ##
12-19 23:22:20.220  3653  4235 W bt_btif : btif_a2dp_ctrl_cb: A2DP-CTRL-CHANNEL EVENT UIPC_RX_DATA_READY_EVT
12-19 23:22:20.221  3653  4235 W bt_btif : btif_a2dp_command_ack: ## a2dp ack : A2DP_CTRL_GET_PRESENTATION_POSITION, queued : A2DP_CTRL_CMD_NONE,  status 0 ##
12-19 23:22:20.230  3653  4235 W bt_btif : btif_a2dp_ctrl_cb: A2DP-CTRL-CHANNEL EVENT UIPC_RX_DATA_READY_EVT
12-19 23:22:20.231  3653  4235 W bt_btif : btif_a2dp_command_ack: ## a2dp ack : A2DP_CTRL_GET_PRESENTATION_POSITION, queued : A2DP_CTRL_CMD_NONE,  status 0 ##
12-19 23:22:20.252  3653  4235 W bt_btif : btif_a2dp_ctrl_cb: A2DP-CTRL-CHANNEL EVENT UIPC_RX_DATA_READY_EVT
12-19 23:22:20.252  3653  4235 W bt_btif : btif_a2dp_command_ack: ## a2dp ack : A2DP_CTRL_GET_PRESENTATION_POSITION, queued : A2DP_CTRL_CMD_NONE,  status 0 ##
12-19 23:22:20.263  3653  4235 W bt_btif : btif_a2dp_ctrl_cb: A2DP-CTRL-CHANNEL EVENT UIPC_RX_DATA_READY_EVT
12-19 23:22:20.263  3653  4235 W bt_btif : btif_a2dp_command_ack: ## a2dp ack : A2DP_CTRL_GET_PRESENTATION_POSITION, queued : A2DP_CTRL_CMD_NONE,  status 0 ##
12-19 23:22:20.280 30455 30475 I python  : [INFO   ] [View.ListSessionsScreen.list_sessions_screen] toolbar added successfully
12-19 23:22:20.304  3653  4235 W bt_btif : btif_a2dp_ctrl_cb: A2DP-CTRL-CHANNEL EVENT UIPC_RX_DATA_READY_EVT
12-19 23:22:20.304  3653  4235 W bt_btif : btif_a2dp_command_ack: ## a2dp ack : A2DP_CTRL_GET_PRESENTATION_POSITION, queued : A2DP_CTRL_CMD_NONE,  status 0 ##
12-19 23:22:20.315  3653  4235 W bt_btif : btif_a2dp_ctrl_cb: A2DP-CTRL-CHANNEL EVENT UIPC_RX_DATA_READY_EVT
12-19 23:22:20.315  3653  4235 W bt_btif : btif_a2dp_command_ack: ## a2dp ack : A2DP_CTRL_GET_PRESENTATION_POSITION, queued : A2DP_CTRL_CMD_NONE,  status 0 ##
12-19 23:22:20.325  3653  4235 W bt_btif : btif_a2dp_ctrl_cb: A2DP-CTRL-CHANNEL EVENT UIPC_RX_DATA_READY_EVT
12-19 23:22:20.325  3653  4235 W bt_btif : btif_a2dp_command_ack: ## a2dp ack : A2DP_CTRL_GET_PRESENTATION_POSITION, queued : A2DP_CTRL_CMD_NONE,  status 0 ##
12-19 23:22:20.346  3653  4235 W bt_btif : btif_a2dp_ctrl_cb: A2DP-CTRL-CHANNEL EVENT UIPC_RX_DATA_READY_EVT
12-19 23:22:20.346  3653  4235 W bt_btif : btif_a2dp_command_ack: ## a2dp ack : A2DP_CTRL_GET_PRESENTATION_POSITION, queued : A2DP_CTRL_CMD_NONE,  status 0 ##
12-19 23:22:20.367  3653  4235 W bt_btif : btif_a2dp_ctrl_cb: A2DP-CTRL-CHANNEL EVENT UIPC_RX_DATA_READY_EVT
12-19 23:22:20.367  3653  4235 W bt_btif : btif_a2dp_command_ack: ## a2dp ack : A2DP_CTRL_GET_PRESENTATION_POSITION, queued : A2DP_CTRL_CMD_NONE,  status 0 ##
12-19 23:22:20.408  3653  4235 W bt_btif : btif_a2dp_ctrl_cb: A2DP-CTRL-CHANNEL EVENT UIPC_RX_DATA_READY_EVT
12-19 23:22:20.408  3653  4235 W bt_btif : btif_a2dp_command_ack: ## a2dp ack : A2DP_CTRL_GET_PRESENTATION_POSITION, queued : A2DP_CTRL_CMD_NONE,  status 0 ##
12-19 23:22:20.419  3653  4235 W bt_btif : btif_a2dp_ctrl_cb: A2DP-CTRL-CHANNEL EVENT UIPC_RX_DATA_READY_EVT
12-19 23:22:20.419  3653  4235 W bt_btif : btif_a2dp_command_ack: ## a2dp ack : A2DP_CTRL_GET_PRESENTATION_POSITION, queued : A2DP_CTRL_CMD_NONE,  status 0 ##
12-19 23:22:20.429  3653  4235 W bt_btif : btif_a2dp_ctrl_cb: A2DP-CTRL-CHANNEL EVENT UIPC_RX_DATA_READY_EVT
12-19 23:22:20.429  3653  4235 W bt_btif : btif_a2dp_command_ack: ## a2dp ack : A2DP_CTRL_GET_PRESENTATION_POSITION, queued : A2DP_CTRL_CMD_NONE,  status 0 ##
12-19 23:22:20.470  3653  4235 W bt_btif : btif_a2dp_ctrl_cb: A2DP-CTRL-CHANNEL EVENT UIPC_RX_DATA_READY_EVT
12-19 23:22:20.470  3653  4235 W bt_btif : btif_a2dp_command_ack: ## a2dp ack : A2DP_CTRL_GET_PRESENTATION_POSITION, queued : A2DP_CTRL_CMD_NONE,  status 0 ##
12-19 23:22:20.481  3653  4235 W bt_btif : btif_a2dp_ctrl_cb: A2DP-CTRL-CHANNEL EVENT UIPC_RX_DATA_READY_EVT
12-19 23:22:20.481  3653  4235 W bt_btif : btif_a2dp_command_ack: ## a2dp ack : A2DP_CTRL_GET_PRESENTATION_POSITION, queued : A2DP_CTRL_CMD_NONE,  status 0 ##
12-19 23:22:20.502  3653  4235 W bt_btif : btif_a2dp_ctrl_cb: A2DP-CTRL-CHANNEL EVENT UIPC_RX_DATA_READY_EVT
12-19 23:22:20.502  3653  4235 W bt_btif : btif_a2dp_command_ack: ## a2dp ack : A2DP_CTRL_GET_PRESENTATION_POSITION, queued : A2DP_CTRL_CMD_NONE,  status 0 ##
12-19 23:22:20.513  3653  4235 W bt_btif : btif_a2dp_ctrl_cb: A2DP-CTRL-CHANNEL EVENT UIPC_RX_DATA_READY_EVT
12-19 23:22:20.513  3653  4235 W bt_btif : btif_a2dp_command_ack: ## a2dp ack : A2DP_CTRL_GET_PRESENTATION_POSITION, queued : A2DP_CTRL_CMD_NONE,  status 0 ##
12-19 23:22:20.524  3653  4235 W bt_btif : btif_a2dp_ctrl_cb: A2DP-CTRL-CHANNEL EVENT UIPC_RX_DATA_READY_EVT
12-19 23:22:20.524  3653  4235 W bt_btif : btif_a2dp_command_ack: ## a2dp ack : A2DP_CTRL_GET_PRESENTATION_POSITION, queued : A2DP_CTRL_CMD_NONE,  status 0 ##
12-19 23:22:20.540 30455 30475 F libc    : Fatal signal 11 (SIGSEGV), code 1 (SEGV_MAPERR), fault addr 0x38 in tid 30475 (SDLThread), pid 30455 (aappdomain.aapp)
12-19 23:22:20.565  3653  4235 W bt_btif : btif_a2dp_ctrl_cb: A2DP-CTRL-CHANNEL EVENT UIPC_RX_DATA_READY_EVT
12-19 23:22:20.565  3653  4235 W bt_btif : btif_a2dp_command_ack: ## a2dp ack : A2DP_CTRL_GET_PRESENTATION_POSITION, queued : A2DP_CTRL_CMD_NONE,  status 0 ##
12-19 23:22:20.576  3653  4235 W bt_btif : btif_a2dp_ctrl_cb: A2DP-CTRL-CHANNEL EVENT UIPC_RX_DATA_READY_EVT
12-19 23:22:20.576  3653  4235 W bt_btif : btif_a2dp_command_ack: ## a2dp ack : A2DP_CTRL_GET_PRESENTATION_POSITION, queued : A2DP_CTRL_CMD_NONE,  status 0 ##
12-19 23:22:20.597  3653  4235 W bt_btif : btif_a2dp_ctrl_cb: A2DP-CTRL-CHANNEL EVENT UIPC_RX_DATA_READY_EVT
12-19 23:22:20.597  3653  4235 W bt_btif : btif_a2dp_command_ack: ## a2dp ack : A2DP_CTRL_GET_PRESENTATION_POSITION, queued : A2DP_CTRL_CMD_NONE,  status 0 ##
12-19 23:22:20.605  3678  3800 D NetworkController.MobileSignalController(1): onSignalStrengthsChanged signalStrength=SignalStrength: 99 0 -120 -160 -120 -160 -1 30 -88 -17 144 2147483647 0 2147483647 99 255 2147483647 gsm|lte use_rsrp_and_rssnr_for_lte_level  [-120, -115, -110, -100] [-113, -103, -97, -89] level=4
12-19 23:22:20.605  3678  3800 D NetworkController.MobileSignalController(1): updateTelephony: hasService=true ss=SignalStrength: 99 0 -120 -160 -120 -160 -1 30 -88 -17 144 2147483647 0 2147483647 99 255 2147483647 gsm|lte use_rsrp_and_rssnr_for_lte_level  [-120, -115, -110, -100] [-113, -103, -97, -89]
12-19 23:22:20.618  3653  4235 W bt_btif : btif_a2dp_ctrl_cb: A2DP-CTRL-CHANNEL EVENT UIPC_RX_DATA_READY_EVT
12-19 23:22:20.618  3653  4235 W bt_btif : btif_a2dp_command_ack: ## a2dp ack : A2DP_CTRL_GET_PRESENTATION_POSITION, queued : A2DP_CTRL_CMD_NONE,  status 0 ##
12-19 23:22:20.628  3653  4235 W bt_btif : btif_a2dp_ctrl_cb: A2DP-CTRL-CHANNEL EVENT UIPC_RX_DATA_READY_EVT
12-19 23:22:20.628  3653  4235 W bt_btif : btif_a2dp_command_ack: ## a2dp ack : A2DP_CTRL_GET_PRESENTATION_POSITION, queued : A2DP_CTRL_CMD_NONE,  status 0 ##
12-19 23:22:20.670  3653  4235 W bt_btif : btif_a2dp_ctrl_cb: A2DP-CTRL-CHANNEL EVENT UIPC_RX_DATA_READY_EVT
12-19 23:22:20.670  3653  4235 W bt_btif : btif_a2dp_command_ack: ## a2dp ack : A2DP_CTRL_GET_PRESENTATION_POSITION, queued : A2DP_CTRL_CMD_NONE,  status 0 ##
12-19 23:22:20.681  3653  4235 W bt_btif : btif_a2dp_ctrl_cb: A2DP-CTRL-CHANNEL EVENT UIPC_RX_DATA_READY_EVT
12-19 23:22:20.681  3653  4235 W bt_btif : btif_a2dp_command_ack: ## a2dp ack : A2DP_CTRL_GET_PRESENTATION_POSITION, queued : A2DP_CTRL_CMD_NONE,  status 0 ##
12-19 23:22:20.701  3653  4235 W bt_btif : btif_a2dp_ctrl_cb: A2DP-CTRL-CHANNEL EVENT UIPC_RX_DATA_READY_EVT
12-19 23:22:20.701  3653  4235 W bt_btif : btif_a2dp_command_ack: ## a2dp ack : A2DP_CTRL_GET_PRESENTATION_POSITION, queued : A2DP_CTRL_CMD_NONE,  status 0 ##
12-19 23:22:20.703 30493 30493 I crash_dump64: obtaining output fd from tombstoned, type: kDebuggerdTombstone
12-19 23:22:20.709  2373  2373 I /system/bin/tombstoned: received crash request for pid 30475
12-19 23:22:20.711 30493 30493 I crash_dump64: performing dump of process 30455 (target tid = 30475)
12-19 23:22:20.722  3653  4235 W bt_btif : btif_a2dp_ctrl_cb: A2DP-CTRL-CHANNEL EVENT UIPC_RX_DATA_READY_EVT
12-19 23:22:20.722  3653  4235 W bt_btif : btif_a2dp_command_ack: ## a2dp ack : A2DP_CTRL_GET_PRESENTATION_POSITION, queued : A2DP_CTRL_CMD_NONE,  status 0 ##
12-19 23:22:20.726 30493 30493 F DEBUG   : *** *** *** *** *** *** *** *** *** *** *** *** *** *** *** ***
12-19 23:22:20.727 30493 30493 F DEBUG   : Build fingerprint: 'xiaomi/tissot/tissot_sprout:9/PKQ1.180917.001/V10.0.24.0.PDHMIXM:user/release-keys'
12-19 23:22:20.727 30493 30493 F DEBUG   : Revision: '0'
12-19 23:22:20.727 30493 30493 F DEBUG   : ABI: 'arm64'
12-19 23:22:20.727 30493 30493 F DEBUG   : pid: 30455, tid: 30475, name: SDLThread  >>> org.aappdomain.aapp <<<
12-19 23:22:20.727 30493 30493 F DEBUG   : signal 11 (SIGSEGV), code 1 (SEGV_MAPERR), fault addr 0x38
12-19 23:22:20.727 30493 30493 F DEBUG   : Cause: null pointer dereference
12-19 23:22:20.727 30493 30493 F DEBUG   :     x0  000000794bdca800  x1  0000000000000003  x2  0000000000000000  x3  0000000000000000
12-19 23:22:20.727 30493 30493 F DEBUG   :     x4  0000000000008cd5  x5  000000794bcad180  x6  0000000000008cd5  x7  000000794e47c6c0
12-19 23:22:20.727 30493 30493 F DEBUG   :     x8  0000000000000040  x9  0000000000000001  x10 0000000000000001  x11 0000000000000000
12-19 23:22:20.727 30493 30493 F DEBUG   :     x12 0000000000000001  x13 000000794bcad210  x14 00000000000000ff  x15 0000000000000000
12-19 23:22:20.727 30493 30493 F DEBUG   :     x16 0000000000000000  x17 0000000000000001  x18 0000000000000002  x19 000000794e47c6c0
12-19 23:22:20.727 30493 30493 F DEBUG   :     x20 0000000000000000  x21 0000000000008be7  x22 0000000000000001  x23 0000000000000000
12-19 23:22:20.727 30493 30493 F DEBUG   :     x24 000000794bcad210  x25 000000000000003c  x26 000000794e47ca50  x27 0000000000000058
12-19 23:22:20.727 30493 30493 F DEBUG   :     x28 0000000000000000  x29 000000794f3fc0a0
12-19 23:22:20.727 30493 30493 F DEBUG   :     sp  000000794f3fc040  lr  000000795f223630  pc  000000795f223bd8
12-19 23:22:20.733  3653  4235 W bt_btif : btif_a2dp_ctrl_cb: A2DP-CTRL-CHANNEL EVENT UIPC_RX_DATA_READY_EVT
12-19 23:22:20.733  3653  4235 W bt_btif : btif_a2dp_command_ack: ## a2dp ack : A2DP_CTRL_GET_PRESENTATION_POSITION, queued : A2DP_CTRL_CMD_NONE,  status 0 ##
12-19 23:22:20.754  3653  4235 W bt_btif : btif_a2dp_ctrl_cb: A2DP-CTRL-CHANNEL EVENT UIPC_RX_DATA_READY_EVT
12-19 23:22:20.754  3653  4235 W bt_btif : btif_a2dp_command_ack: ## a2dp ack : A2DP_CTRL_GET_PRESENTATION_POSITION, queued : A2DP_CTRL_CMD_NONE,  status 0 ##
12-19 23:22:20.774  3653  4235 W bt_btif : btif_a2dp_ctrl_cb: A2DP-CTRL-CHANNEL EVENT UIPC_RX_DATA_READY_EVT
12-19 23:22:20.775  3653  4235 W bt_btif : btif_a2dp_command_ack: ## a2dp ack : A2DP_CTRL_GET_PRESENTATION_POSITION, queued : A2DP_CTRL_CMD_NONE,  status 0 ##
12-19 23:22:20.776 30493 30493 F DEBUG   : 
12-19 23:22:20.776 30493 30493 F DEBUG   : backtrace:
12-19 23:22:20.776 30493 30493 F DEBUG   :     #00 pc 000000000037abd8  /system/vendor/lib64/egl/libGLESv2_adreno.so (EsxContext::DrawParamValidate(unsigned int, int, int, int, int)+1704)
12-19 23:22:20.776 30493 30493 F DEBUG   :     #01 pc 000000000013caa4  /system/vendor/lib64/egl/libGLESv2_adreno.so (EsxGlApiParamValidate::GlDrawElements(EsxDispatch*, unsigned int, int, unsigned int, void const*)+156)
12-19 23:22:20.776 30493 30493 F DEBUG   :     #02 pc 0000000000005080  /data/data/org.aappdomain.aapp/files/app/_python_bundle/site-packages/kivy/graphics/vbo.so (offset 0x5000)
12-19 23:22:20.796  3653  4235 W bt_btif : btif_a2dp_ctrl_cb: A2DP-CTRL-CHANNEL EVENT UIPC_RX_DATA_READY_EVT
12-19 23:22:20.796  3653  4235 W bt_btif : btif_a2dp_command_ack: ## a2dp ack : A2DP_CTRL_GET_PRESENTATION_POSITION, queued : A2DP_CTRL_CMD_NONE,  status 0 ##
12-19 23:22:20.800  4196 30258 E bifa    : Phenotype API error. Event # dhor@1939c925, EventCode: 2 [CONTEXT service_id=51 ]
12-19 23:22:20.800  4196 30258 E bifa    : biec: 29506: Failed registering with Android package: com.google.android.apps.youtube.music. Config package already registered with a different Android package: com.google.android.youtube
12-19 23:22:20.800  4196 30258 E bifa    : 	at bigo.c(:com.google.android.gms@224814030@22.48.14 (100408-493411920):46)
12-19 23:22:20.800  4196 30258 E bifa    : 	at bigo.a(:com.google.android.gms@224814030@22.48.14 (100408-493411920):14)
12-19 23:22:20.800  4196 30258 E bifa    : 	at bigg.g(:com.google.android.gms@224814030@22.48.14 (100408-493411920):2)
12-19 23:22:20.800  4196 30258 E bifa    : 	at bifa.e(:com.google.android.gms@224814030@22.48.14 (100408-493411920):4)
12-19 23:22:20.800  4196 30258 E bifa    : 	at bifa.f(:com.google.android.gms@224814030@22.48.14 (100408-493411920):2)
12-19 23:22:20.800  4196 30258 E bifa    : 	at atgy.er(:com.google.android.gms@224814030@22.48.14 (100408-493411920):1)
12-19 23:22:20.800  4196 30258 E bifa    : 	at athe.run(:com.google.android.gms@224814030@22.48.14 (100408-493411920):12)
12-19 23:22:20.800  4196 30258 E bifa    : 	at cmvw.run(:com.google.android.gms@224814030@22.48.14 (100408-493411920):2)
12-19 23:22:20.800  4196 30258 E bifa    : 	at abva.c(:com.google.android.gms@224814030@22.48.14 (100408-493411920):6)
12-19 23:22:20.800  4196 30258 E bifa    : 	at abva.run(:com.google.android.gms@224814030@22.48.14 (100408-493411920):7)
12-19 23:22:20.800  4196 30258 E bifa    : 	at java.util.concurrent.ThreadPoolExecutor.runWorker(ThreadPoolExecutor.java:1167)
12-19 23:22:20.800  4196 30258 E bifa    : 	at java.util.concurrent.ThreadPoolExecutor$Worker.run(ThreadPoolExecutor.java:641)
12-19 23:22:20.800  4196 30258 E bifa    : 	at acae.run(:com.google.android.gms@224814030@22.48.14 (100408-493411920):0)
12-19 23:22:20.800  4196 30258 E bifa    : 	at java.lang.Thread.run(Thread.java:764)
12-19 23:22:20.801  4196 30258 W AsyncOperation: operation=RegisterOperationCall, opStatusCode=29506 [CONTEXT service_id=51 ]
12-19 23:22:20.801  4196 30258 W AsyncOperation: OperationException[Status{statusCode=Failed registering with Android package: com.google.android.apps.youtube.music. Config package already registered with a different Android package: com.google.android.youtube, resolution=null}]
12-19 23:22:20.801  4196 30258 W AsyncOperation: 	at bifa.e(:com.google.android.gms@224814030@22.48.14 (100408-493411920):6)
12-19 23:22:20.801  4196 30258 W AsyncOperation: 	at bifa.f(:com.google.android.gms@224814030@22.48.14 (100408-493411920):2)
12-19 23:22:20.801  4196 30258 W AsyncOperation: 	at atgy.er(:com.google.android.gms@224814030@22.48.14 (100408-493411920):1)
12-19 23:22:20.801  4196 30258 W AsyncOperation: 	at athe.run(:com.google.android.gms@224814030@22.48.14 (100408-493411920):12)
12-19 23:22:20.801  4196 30258 W AsyncOperation: 	at cmvw.run(:com.google.android.gms@224814030@22.48.14 (100408-493411920):2)
12-19 23:22:20.801  4196 30258 W AsyncOperation: 	at abva.c(:com.google.android.gms@224814030@22.48.14 (100408-493411920):6)
12-19 23:22:20.801  4196 30258 W AsyncOperation: 	at abva.run(:com.google.android.gms@224814030@22.48.14 (100408-493411920):7)
12-19 23:22:20.801  4196 30258 W AsyncOperation: 	at java.util.concurrent.ThreadPoolExecutor.runWorker(ThreadPoolExecutor.java:1167)
12-19 23:22:20.801  4196 30258 W AsyncOperation: 	at java.util.concurrent.ThreadPoolExecutor$Worker.run(ThreadPoolExecutor.java:641)
12-19 23:22:20.801  4196 30258 W AsyncOperation: 	at acae.run(:com.google.android.gms@224814030@22.48.14 (100408-493411920):0)
12-19 23:22:20.801  4196 30258 W AsyncOperation: 	at java.lang.Thread.run(Thread.java:764)
12-19 23:22:20.816  3653  4235 W bt_btif : btif_a2dp_ctrl_cb: A2DP-CTRL-CHANNEL EVENT UIPC_RX_DATA_READY_EVT
12-19 23:22:20.816  3653  4235 W bt_btif : btif_a2dp_command_ack: ## a2dp ack : A2DP_CTRL_GET_PRESENTATION_POSITION, queued : A2DP_CTRL_CMD_NONE,  status 0 ##
12-19 23:22:20.828  3653  4235 W bt_btif : btif_a2dp_ctrl_cb: A2DP-CTRL-CHANNEL EVENT UIPC_RX_DATA_READY_EVT
12-19 23:22:20.828  3653  4235 W bt_btif : btif_a2dp_command_ack: ## a2dp ack : A2DP_CTRL_GET_PRESENTATION_POSITION, queued : A2DP_CTRL_CMD_NONE,  status 0 ##
12-19 23:22:20.869  3653  4235 W bt_btif : btif_a2dp_ctrl_cb: A2DP-CTRL-CHANNEL EVENT UIPC_RX_DATA_READY_EVT
12-19 23:22:20.869  3653  4235 W bt_btif : btif_a2dp_command_ack: ## a2dp ack : A2DP_CTRL_GET_PRESENTATION_POSITION, queued : A2DP_CTRL_CMD_NONE,  status 0 ##
12-19 23:22:20.890  3653  4235 W bt_btif : btif_a2dp_ctrl_cb: A2DP-CTRL-CHANNEL EVENT UIPC_RX_DATA_READY_EVT
