12-19 23:22:20.890  3653  4235 W bt_btif : btif_a2dp_command_ack: ## a2dp ack : A2DP_CTRL_GET_PRESENTATION_POSITION, queued : A2DP_CTRL_CMD_NONE,  status 0 ##
12-19 23:22:20.911  3653  4235 W bt_btif : btif_a2dp_ctrl_cb: A2DP-CTRL-CHANNEL EVENT UIPC_RX_DATA_READY_EVT
12-19 23:22:20.911  3653  4235 W bt_btif : btif_a2dp_command_ack: ## a2dp ack : A2DP_CTRL_GET_PRESENTATION_POSITION, queued : A2DP_CTRL_CMD_NONE,  status 0 ##
12-19 23:22:20.932  3653  4235 W bt_btif : btif_a2dp_ctrl_cb: A2DP-CTRL-CHANNEL EVENT UIPC_RX_DATA_READY_EVT
12-19 23:22:20.932  3653  4235 W bt_btif : btif_a2dp_command_ack: ## a2dp ack : A2DP_CTRL_GET_PRESENTATION_POSITION, queued : A2DP_CTRL_CMD_NONE,  status 0 ##
12-19 23:22:20.942  3653  4235 W bt_btif : btif_a2dp_ctrl_cb: A2DP-CTRL-CHANNEL EVENT UIPC_RX_DATA_READY_EVT
12-19 23:22:20.943  3653  4235 W bt_btif : btif_a2dp_command_ack: ## a2dp ack : A2DP_CTRL_GET_PRESENTATION_POSITION, queued : A2DP_CTRL_CMD_NONE,  status 0 ##
12-19 23:22:20.964  3653  4235 W bt_btif : btif_a2dp_ctrl_cb: A2DP-CTRL-CHANNEL EVENT UIPC_RX_DATA_READY_EVT
12-19 23:22:20.964  3653  4235 W bt_btif : btif_a2dp_command_ack: ## a2dp ack : A2DP_CTRL_GET_PRESENTATION_POSITION, queued : A2DP_CTRL_CMD_NONE,  status 0 ##
12-19 23:22:20.985  3653  4235 W bt_btif : btif_a2dp_ctrl_cb: A2DP-CTRL-CHANNEL EVENT UIPC_RX_DATA_READY_EVT
12-19 23:22:20.985  3653  4235 W bt_btif : btif_a2dp_command_ack: ## a2dp ack : A2DP_CTRL_GET_PRESENTATION_POSITION, queued : A2DP_CTRL_CMD_NONE,  status 0 ##
12-19 23:22:21.006  3653  4235 W bt_btif : btif_a2dp_ctrl_cb: A2DP-CTRL-CHANNEL EVENT UIPC_RX_DATA_READY_EVT
12-19 23:22:21.006  3653  4235 W bt_btif : btif_a2dp_command_ack: ## a2dp ack : A2DP_CTRL_GET_PRESENTATION_POSITION, queued : A2DP_CTRL_CMD_NONE,  status 0 ##
12-19 23:22:21.027  3653  4235 W bt_btif : btif_a2dp_ctrl_cb: A2DP-CTRL-CHANNEL EVENT UIPC_RX_DATA_READY_EVT
12-19 23:22:21.027  3653  4235 W bt_btif : btif_a2dp_command_ack: ## a2dp ack : A2DP_CTRL_GET_PRESENTATION_POSITION, queued : A2DP_CTRL_CMD_NONE,  status 0 ##
12-19 23:22:21.048  3653  4235 W bt_btif : btif_a2dp_ctrl_cb: A2DP-CTRL-CHANNEL EVENT UIPC_RX_DATA_READY_EVT
12-19 23:22:21.048  3653  4235 W bt_btif : btif_a2dp_command_ack: ## a2dp ack : A2DP_CTRL_GET_PRESENTATION_POSITION, queued : A2DP_CTRL_CMD_NONE,  status 0 ##
12-19 23:22:21.069  3653  4235 W bt_btif : btif_a2dp_ctrl_cb: A2DP-CTRL-CHANNEL EVENT UIPC_RX_DATA_READY_EVT
12-19 23:22:21.069  3653  4235 W bt_btif : btif_a2dp_command_ack: ## a2dp ack : A2DP_CTRL_GET_PRESENTATION_POSITION, queued : A2DP_CTRL_CMD_NONE,  status 0 ##
12-19 23:22:21.089  3653  4235 W bt_btif : btif_a2dp_ctrl_cb: A2DP-CTRL-CHANNEL EVENT UIPC_RX_DATA_READY_EVT
12-19 23:22:21.089  3653  4235 W bt_btif : btif_a2dp_command_ack: ## a2dp ack : A2DP_CTRL_GET_PRESENTATION_POSITION, queued : A2DP_CTRL_CMD_NONE,  status 0 ##
12-19 23:22:21.110  3653  4235 W bt_btif : btif_a2dp_ctrl_cb: A2DP-CTRL-CHANNEL EVENT UIPC_RX_DATA_READY_EVT
12-19 23:22:21.111  3653  4235 W bt_btif : btif_a2dp_command_ack: ## a2dp ack : A2DP_CTRL_GET_PRESENTATION_POSITION, queued : A2DP_CTRL_CMD_NONE,  status 0 ##
12-19 23:22:21.132  3653  4235 W bt_btif : btif_a2dp_ctrl_cb: A2DP-CTRL-CHANNEL EVENT UIPC_RX_DATA_READY_EVT
12-19 23:22:21.132  3653  4235 W bt_btif : btif_a2dp_command_ack: ## a2dp ack : A2DP_CTRL_GET_PRESENTATION_POSITION, queued : A2DP_CTRL_CMD_NONE,  status 0 ##
12-19 23:22:21.143  3653  4235 W bt_btif : btif_a2dp_ctrl_cb: A2DP-CTRL-CHANNEL EVENT UIPC_RX_DATA_READY_EVT
12-19 23:22:21.143  3653  4235 W bt_btif : btif_a2dp_command_ack: ## a2dp ack : A2DP_CTRL_GET_PRESENTATION_POSITION, queued : A2DP_CTRL_CMD_NONE,  status 0 ##
12-19 23:22:21.164  3653  4235 W bt_btif : btif_a2dp_ctrl_cb: A2DP-CTRL-CHANNEL EVENT UIPC_RX_DATA_READY_EVT
12-19 23:22:21.164  3653  4235 W bt_btif : btif_a2dp_command_ack: ## a2dp ack : A2DP_CTRL_GET_PRESENTATION_POSITION, queued : A2DP_CTRL_CMD_NONE,  status 0 ##
12-19 23:22:21.185  3653  4235 W bt_btif : btif_a2dp_ctrl_cb: A2DP-CTRL-CHANNEL EVENT UIPC_RX_DATA_READY_EVT
12-19 23:22:21.185  3653  4235 W bt_btif : btif_a2dp_command_ack: ## a2dp ack : A2DP_CTRL_GET_PRESENTATION_POSITION, queued : A2DP_CTRL_CMD_NONE,  status 0 ##
12-19 23:22:21.205  3653  4235 W bt_btif : btif_a2dp_ctrl_cb: A2DP-CTRL-CHANNEL EVENT UIPC_RX_DATA_READY_EVT
12-19 23:22:21.206  3653  4235 W bt_btif : btif_a2dp_command_ack: ## a2dp ack : A2DP_CTRL_GET_PRESENTATION_POSITION, queued : A2DP_CTRL_CMD_NONE,  status 0 ##
12-19 23:22:21.227  3653  4235 W bt_btif : btif_a2dp_ctrl_cb: A2DP-CTRL-CHANNEL EVENT UIPC_RX_DATA_READY_EVT
12-19 23:22:21.227  3653  4235 W bt_btif : btif_a2dp_command_ack: ## a2dp ack : A2DP_CTRL_GET_PRESENTATION_POSITION, queued : A2DP_CTRL_CMD_NONE,  status 0 ##
12-19 23:22:21.248  3653  4235 W bt_btif : btif_a2dp_ctrl_cb: A2DP-CTRL-CHANNEL EVENT UIPC_RX_DATA_READY_EVT
12-19 23:22:21.249  3653  4235 W bt_btif : btif_a2dp_command_ack: ## a2dp ack : A2DP_CTRL_GET_PRESENTATION_POSITION, queued : A2DP_CTRL_CMD_NONE,  status 0 ##
12-19 23:22:21.269  3653  4235 W bt_btif : btif_a2dp_ctrl_cb: A2DP-CTRL-CHANNEL EVENT UIPC_RX_DATA_READY_EVT
12-19 23:22:21.270  3653  4235 W bt_btif : btif_a2dp_command_ack: ## a2dp ack : A2DP_CTRL_GET_PRESENTATION_POSITION, queued : A2DP_CTRL_CMD_NONE,  status 0 ##
12-19 23:22:21.291  3653  4235 W bt_btif : btif_a2dp_ctrl_cb: A2DP-CTRL-CHANNEL EVENT UIPC_RX_DATA_READY_EVT
12-19 23:22:21.291  3653  4235 W bt_btif : btif_a2dp_command_ack: ## a2dp ack : A2DP_CTRL_GET_PRESENTATION_POSITION, queued : A2DP_CTRL_CMD_NONE,  status 0 ##
12-19 23:22:21.312  3653  4235 W bt_btif : btif_a2dp_ctrl_cb: A2DP-CTRL-CHANNEL EVENT UIPC_RX_DATA_READY_EVT
12-19 23:22:21.312  3653  4235 W bt_btif : btif_a2dp_command_ack: ## a2dp ack : A2DP_CTRL_GET_PRESENTATION_POSITION, queued : A2DP_CTRL_CMD_NONE,  status 0 ##
12-19 23:22:21.323  3653  4235 W bt_btif : btif_a2dp_ctrl_cb: A2DP-CTRL-CHANNEL EVENT UIPC_RX_DATA_READY_EVT
12-19 23:22:21.323  3653  4235 W bt_btif : btif_a2dp_command_ack: ## a2dp ack : A2DP_CTRL_GET_PRESENTATION_POSITION, queued : A2DP_CTRL_CMD_NONE,  status 0 ##
12-19 23:22:21.344  3653  4235 W bt_btif : btif_a2dp_ctrl_cb: A2DP-CTRL-CHANNEL EVENT UIPC_RX_DATA_READY_EVT
12-19 23:22:21.344  3653  4235 W bt_btif : btif_a2dp_command_ack: ## a2dp ack : A2DP_CTRL_GET_PRESENTATION_POSITION, queued : A2DP_CTRL_CMD_NONE,  status 0 ##
12-19 23:22:21.365  3653  4235 W bt_btif : btif_a2dp_ctrl_cb: A2DP-CTRL-CHANNEL EVENT UIPC_RX_DATA_READY_EVT
12-19 23:22:21.365  3653  4235 W bt_btif : btif_a2dp_command_ack: ## a2dp ack : A2DP_CTRL_GET_PRESENTATION_POSITION, queued : A2DP_CTRL_CMD_NONE,  status 0 ##
12-19 23:22:21.386  3653  4235 W bt_btif : btif_a2dp_ctrl_cb: A2DP-CTRL-CHANNEL EVENT UIPC_RX_DATA_READY_EVT
12-19 23:22:21.386  3653  4235 W bt_btif : btif_a2dp_command_ack: ## a2dp ack : A2DP_CTRL_GET_PRESENTATION_POSITION, queued : A2DP_CTRL_CMD_NONE,  status 0 ##
12-19 23:22:21.407  3653  4235 W bt_btif : btif_a2dp_ctrl_cb: A2DP-CTRL-CHANNEL EVENT UIPC_RX_DATA_READY_EVT
12-19 23:22:21.408  3653  4235 W bt_btif : btif_a2dp_command_ack: ## a2dp ack : A2DP_CTRL_GET_PRESENTATION_POSITION, queued : A2DP_CTRL_CMD_NONE,  status 0 ##
12-19 23:22:21.429  3653  4235 W bt_btif : btif_a2dp_ctrl_cb: A2DP-CTRL-CHANNEL EVENT UIPC_RX_DATA_READY_EVT
12-19 23:22:21.429  3653  4235 W bt_btif : btif_a2dp_command_ack: ## a2dp ack : A2DP_CTRL_GET_PRESENTATION_POSITION, queued : A2DP_CTRL_CMD_NONE,  status 0 ##
12-19 23:22:21.450  3653  4235 W bt_btif : btif_a2dp_ctrl_cb: A2DP-CTRL-CHANNEL EVENT UIPC_RX_DATA_READY_EVT
12-19 23:22:21.450  3653  4235 W bt_btif : btif_a2dp_command_ack: ## a2dp ack : A2DP_CTRL_GET_PRESENTATION_POSITION, queued : A2DP_CTRL_CMD_NONE,  status 0 ##
12-19 23:22:21.471  3653  4235 W bt_btif : btif_a2dp_ctrl_cb: A2DP-CTRL-CHANNEL EVENT UIPC_RX_DATA_READY_EVT
12-19 23:22:21.471  3653  4235 W bt_btif : btif_a2dp_command_ack: ## a2dp ack : A2DP_CTRL_GET_PRESENTATION_POSITION, queued : A2DP_CTRL_CMD_NONE,  status 0 ##
12-19 23:22:21.492  3653  4235 W bt_btif : btif_a2dp_ctrl_cb: A2DP-CTRL-CHANNEL EVENT UIPC_RX_DATA_READY_EVT
12-19 23:22:21.492  3653  4235 W bt_btif : btif_a2dp_command_ack: ## a2dp ack : A2DP_CTRL_GET_PRESENTATION_POSITION, queued : A2DP_CTRL_CMD_NONE,  status 0 ##
12-19 23:22:21.513  3653  4235 W bt_btif : btif_a2dp_ctrl_cb: A2DP-CTRL-CHANNEL EVENT UIPC_RX_DATA_READY_EVT
12-19 23:22:21.513  3653  4235 W bt_btif : btif_a2dp_command_ack: ## a2dp ack : A2DP_CTRL_GET_PRESENTATION_POSITION, queued : A2DP_CTRL_CMD_NONE,  status 0 ##
12-19 23:22:21.524  3653  4235 W bt_btif : btif_a2dp_ctrl_cb: A2DP-CTRL-CHANNEL EVENT UIPC_RX_DATA_READY_EVT
12-19 23:22:21.525  3653  4235 W bt_btif : btif_a2dp_command_ack: ## a2dp ack : A2DP_CTRL_GET_PRESENTATION_POSITION, queued : A2DP_CTRL_CMD_NONE,  status 0 ##
12-19 23:22:21.546  3653  4235 W bt_btif : btif_a2dp_ctrl_cb: A2DP-CTRL-CHANNEL EVENT UIPC_RX_DATA_READY_EVT
12-19 23:22:21.546  3653  4235 W bt_btif : btif_a2dp_command_ack: ## a2dp ack : A2DP_CTRL_GET_PRESENTATION_POSITION, queued : A2DP_CTRL_CMD_NONE,  status 0 ##
12-19 23:22:21.567  3653  4235 W bt_btif : btif_a2dp_ctrl_cb: A2DP-CTRL-CHANNEL EVENT UIPC_RX_DATA_READY_EVT
12-19 23:22:21.567  3653  4235 W bt_btif : btif_a2dp_command_ack: ## a2dp ack : A2DP_CTRL_GET_PRESENTATION_POSITION, queued : A2DP_CTRL_CMD_NONE,  status 0 ##
12-19 23:22:21.586  3678  3678 D KeyguardUpdateMonitor: received broadcast android.intent.action.BATTERY_CHANGED
12-19 23:22:21.588  3653  4235 W bt_btif : btif_a2dp_ctrl_cb: A2DP-CTRL-CHANNEL EVENT UIPC_RX_DATA_READY_EVT
12-19 23:22:21.588  3653  4235 W bt_btif : btif_a2dp_command_ack: ## a2dp ack : A2DP_CTRL_GET_PRESENTATION_POSITION, queued : A2DP_CTRL_CMD_NONE,  status 0 ##
12-19 23:22:21.588  3678  3678 D KeyguardUpdateMonitor: handleBatteryUpdate
12-19 23:22:21.629  3653  4235 W bt_btif : btif_a2dp_ctrl_cb: A2DP-CTRL-CHANNEL EVENT UIPC_RX_DATA_READY_EVT
12-19 23:22:21.629  3653  4235 W bt_btif : btif_a2dp_command_ack: ## a2dp ack : A2DP_CTRL_GET_PRESENTATION_POSITION, queued : A2DP_CTRL_CMD_NONE,  status 0 ##
12-19 23:22:21.640  3653  4235 W bt_btif : btif_a2dp_ctrl_cb: A2DP-CTRL-CHANNEL EVENT UIPC_RX_DATA_READY_EVT
12-19 23:22:21.640  3653  4235 W bt_btif : btif_a2dp_command_ack: ## a2dp ack : A2DP_CTRL_GET_PRESENTATION_POSITION, queued : A2DP_CTRL_CMD_NONE,  status 0 ##
12-19 23:22:21.651  3653  4235 W bt_btif : btif_a2dp_ctrl_cb: A2DP-CTRL-CHANNEL EVENT UIPC_RX_DATA_READY_EVT
12-19 23:22:21.651  3653  4235 W bt_btif : btif_a2dp_command_ack: ## a2dp ack : A2DP_CTRL_GET_PRESENTATION_POSITION, queued : A2DP_CTRL_CMD_NONE,  status 0 ##
12-19 23:22:21.692  3653  4235 W bt_btif : btif_a2dp_ctrl_cb: A2DP-CTRL-CHANNEL EVENT UIPC_RX_DATA_READY_EVT
12-19 23:22:21.692  3653  4235 W bt_btif : btif_a2dp_command_ack: ## a2dp ack : A2DP_CTRL_GET_PRESENTATION_POSITION, queued : A2DP_CTRL_CMD_NONE,  status 0 ##
12-19 23:22:21.702  3653  4235 W bt_btif : btif_a2dp_ctrl_cb: A2DP-CTRL-CHANNEL EVENT UIPC_RX_DATA_READY_EVT
12-19 23:22:21.702  3653  4235 W bt_btif : btif_a2dp_command_ack: ## a2dp ack : A2DP_CTRL_GET_PRESENTATION_POSITION, queued : A2DP_CTRL_CMD_NONE,  status 0 ##
12-19 23:22:21.723  3653  4235 W bt_btif : btif_a2dp_ctrl_cb: A2DP-CTRL-CHANNEL EVENT UIPC_RX_DATA_READY_EVT
12-19 23:22:21.723  3653  4235 W bt_btif : btif_a2dp_command_ack: ## a2dp ack : A2DP_CTRL_GET_PRESENTATION_POSITION, queued : A2DP_CTRL_CMD_NONE,  status 0 ##
12-19 23:22:21.734  3653  4235 W bt_btif : btif_a2dp_ctrl_cb: A2DP-CTRL-CHANNEL EVENT UIPC_RX_DATA_READY_EVT
12-19 23:22:21.734  3653  4235 W bt_btif : btif_a2dp_command_ack: ## a2dp ack : A2DP_CTRL_GET_PRESENTATION_POSITION, queued : A2DP_CTRL_CMD_NONE,  status 0 ##
12-19 23:22:21.745  3653  4235 W bt_btif : btif_a2dp_ctrl_cb: A2DP-CTRL-CHANNEL EVENT UIPC_RX_DATA_READY_EVT
12-19 23:22:21.745  3653  4235 W bt_btif : btif_a2dp_command_ack: ## a2dp ack : A2DP_CTRL_GET_PRESENTATION_POSITION, queued : A2DP_CTRL_CMD_NONE,  status 0 ##
12-19 23:22:21.786  3653  4235 W bt_btif : btif_a2dp_ctrl_cb: A2DP-CTRL-CHANNEL EVENT UIPC_RX_DATA_READY_EVT
12-19 23:22:21.786  3653  4235 W bt_btif : btif_a2dp_command_ack: ## a2dp ack : A2DP_CTRL_GET_PRESENTATION_POSITION, queued : A2DP_CTRL_CMD_NONE,  status 0 ##
12-19 23:22:21.797  3653  4235 W bt_btif : btif_a2dp_ctrl_cb: A2DP-CTRL-CHANNEL EVENT UIPC_RX_DATA_READY_EVT
12-19 23:22:21.797  3653  4235 W bt_btif : btif_a2dp_command_ack: ## a2dp ack : A2DP_CTRL_GET_PRESENTATION_POSITION, queued : A2DP_CTRL_CMD_NONE,  status 0 ##
12-19 23:22:21.802  3049  3049 D CompatibilityInfo: mCompatibilityFlags - 0
12-19 23:22:21.802  3049  3049 D CompatibilityInfo: applicationDensity - 480
12-19 23:22:21.802  3049  3049 D CompatibilityInfo: applicationScale - 1.0
12-19 23:22:21.802  3049  5823 D ConnectivityService: requestNetwork for uid/pid:10117/14811 NetworkRequest [ TRACK_DEFAULT id=1005, [ Capabilities: INTERNET&NOT_RESTRICTED&TRUSTED Unwanted:  Uid: 10117] ]
12-19 23:22:21.804  3049  3627 D Ethernet: got request NetworkRequest [ TRACK_DEFAULT id=1005, [ Capabilities: INTERNET&NOT_RESTRICTED&TRUSTED Unwanted:  Uid: 10117] ] with score 60
12-19 23:22:21.804  3049  3591 D WIFI    : got request NetworkRequest [ TRACK_DEFAULT id=1005, [ Capabilities: INTERNET&NOT_RESTRICTED&TRUSTED Unwanted:  Uid: 10117] ] with score 60
12-19 23:22:21.804  3049  3591 D WIFI_UT : got request NetworkRequest [ TRACK_DEFAULT id=1005, [ Capabilities: INTERNET&NOT_RESTRICTED&TRUSTED Unwanted:  Uid: 10117] ] with score 60
12-19 23:22:21.806  3991  3991 D PhoneSwitcherNetworkRequstListener: got request NetworkRequest [ TRACK_DEFAULT id=1005, [ Capabilities: INTERNET&NOT_RESTRICTED&TRUSTED Unwanted:  Uid: 10117] ] with score 60
12-19 23:22:21.807  4142  4142 D QcrilMsgTunnelIfaceManager: handleMessage what = 1
12-19 23:22:21.808  4142  4142 I QcrilOemhookMsgTunnel: [0]invokeOemRilRequestRaw: serial=3963 length=24
12-19 23:22:21.810  4142  4204 I QcrilOemhookMsgTunnel: [0]processOemHookResponse serial no: 3963 error: 0length=0
12-19 23:22:21.810  4142  4142 D QcrilMsgTunnelIfaceManager: handleMessage what = 2
12-19 23:22:21.811  4142  4204 I QcrilOemhookMsgTunnel: [0]processOemHookIndication length=28
12-19 23:22:21.811  4142  4142 D QcrilMsgTunnelIfaceManager: handleMessage what = 0
12-19 23:22:21.813  4142  4142 D QcrilMsgTunnelIfaceManager: handleMessage what = 1
12-19 23:22:21.814  4142  4142 I QcrilOemhookMsgTunnel: [1]invokeOemRilRequestRaw: serial=3964 length=24
12-19 23:22:21.815  4142  4204 I QcrilOemhookMsgTunnel: [1]processOemHookResponse serial no: 3964 error: 0length=0
12-19 23:22:21.815  4142  4142 D QcrilMsgTunnelIfaceManager: handleMessage what = 2
12-19 23:22:21.817  4142  4204 I QcrilOemhookMsgTunnel: [1]processOemHookIndication length=28
12-19 23:22:21.817  4142  4142 D QcrilMsgTunnelIfaceManager: handleMessage what = 0
12-19 23:22:21.818  3653  4235 W bt_btif : btif_a2dp_ctrl_cb: A2DP-CTRL-CHANNEL EVENT UIPC_RX_DATA_READY_EVT
12-19 23:22:21.818  3653  4235 W bt_btif : btif_a2dp_command_ack: ## a2dp ack : A2DP_CTRL_GET_PRESENTATION_POSITION, queued : A2DP_CTRL_CMD_NONE,  status 0 ##
12-19 23:22:21.820  3049  5113 D CompatibilityInfo: mCompatibilityFlags - 0
12-19 23:22:21.820  3049  5113 D CompatibilityInfo: applicationDensity - 480
12-19 23:22:21.820  3049  5113 D CompatibilityInfo: applicationScale - 1.0
12-19 23:22:21.830 14811 14845 E YT.qoe  : Pinging https://s.youtube.com/api/stats/qoe?cl=495923033&ei=kNWgY-_lDdjJyAXz5rjABw&event=streamingstats&feature=BFa&ns=yt&osid=AAAAAB6p1gQ%3AAOeUNAZuobqsQw669nSEMHMTDJF0DY46jA&plid=AAXwNOK5FpJxPcAa&cpn=mUvOeMXW_1ZieYVe&cplatform=mobile&cbr=com.google.android.apps.youtube.music&cff=SMALL_FORM_FACTOR&c=android_music&cmodel=Mi%20A1&cos=Android&csdk=28&cbrver=5.36.51&cver=5.36.51&cosver=9&cbrand=Xiaomi&vfs=0.538:0:::i&df=126.053:0&conn=126.058:3&cplayer=ANDROID_EXOPLAYER_V2&bh=30.566:95.56,60.568:65.57,90.569:35.49,120.571:5.56,126.057:908.57&cache_bytes=0.563:322278,30.566:3706702,90.569:14064556,120.571:484642,126.057:161679&cmt=30.566:28.681,60.568:58.625,90.569:88.688,120.571:118.623,126.057:125.000&afs=0.538:141::i&is_offline=0.499:1&bat=126.072:0.820:1&rate=0.496:1.0&vps=0.492:B,0.563:PL,126.057:N&user_intent=0.485&ctmp=soc:qcom;msm8953,mem:tot.202;max.512;free.16;heap.106;hpall.80;hpfree.25,mlat:rt.0.495;loadVideo.8758,llv:9,pmqs:none,pmqs:none,gts:126.054&seq=2&aur=0.564:3&docid=(scrubbed)&referrer=(scrubbed) 
12-19 23:22:21.830 14811 14845 E YT.qoe  : &fexp=
12-19 23:22:21.839  3653  4235 W bt_btif : btif_a2dp_ctrl_cb: A2DP-CTRL-CHANNEL EVENT UIPC_RX_DATA_READY_EVT
12-19 23:22:21.839  3653  4235 W bt_btif : btif_a2dp_command_ack: ## a2dp ack : A2DP_CTRL_GET_PRESENTATION_POSITION, queued : A2DP_CTRL_CMD_NONE,  status 0 ##
12-19 23:22:21.844  3049  3123 D CompatibilityInfo: mCompatibilityFlags - 0
12-19 23:22:21.845  3049  3123 D CompatibilityInfo: applicationDensity - 480
12-19 23:22:21.845  3049  3123 D CompatibilityInfo: applicationScale - 1.0
12-19 23:22:21.849  3653  4235 W bt_btif : btif_a2dp_ctrl_cb: A2DP-CTRL-CHANNEL EVENT UIPC_RX_DATA_READY_EVT
12-19 23:22:21.849  3653  4235 W bt_btif : btif_a2dp_command_ack: ## a2dp ack : A2DP_CTRL_GET_PRESENTATION_POSITION, queued : A2DP_CTRL_CMD_NONE,  status 0 ##
12-19 23:22:21.864  3049  3073 W Binder  : Outgoing transactions from this process must be FLAG_ONEWAY
12-19 23:22:21.864  3049  3073 W Binder  : java.lang.Throwable
12-19 23:22:21.864  3049  3073 W Binder  : 	at android.os.BinderProxy.transact(Binder.java:1116)
12-19 23:22:21.864  3049  3073 W Binder  : 	at android.content.pm.BaseParceledListSlice.<init>(BaseParceledListSlice.java:99)
12-19 23:22:21.864  3049  3073 W Binder  : 	at android.content.pm.ParceledListSlice.<init>(ParceledListSlice.java:39)
12-19 23:22:21.864  3049  3073 W Binder  : 	at android.content.pm.ParceledListSlice.<init>(ParceledListSlice.java:33)
12-19 23:22:21.864  3049  3073 W Binder  : 	at android.content.pm.ParceledListSlice$1.createFromParcel(ParceledListSlice.java:75)
12-19 23:22:21.864  3049  3073 W Binder  : 	at android.content.pm.ParceledListSlice$1.createFromParcel(ParceledListSlice.java:73)
12-19 23:22:21.864  3049  3073 W Binder  : 	at android.media.session.ISession$Stub.onTransact(ISession.java:160)
12-19 23:22:21.864  3049  3073 W Binder  : 	at android.os.Binder.execTransact(Binder.java:731)
12-19 23:22:21.890  3653  4235 W bt_btif : btif_a2dp_ctrl_cb: A2DP-CTRL-CHANNEL EVENT UIPC_RX_DATA_READY_EVT
12-19 23:22:21.891  3653  4235 W bt_btif : btif_a2dp_command_ack: ## a2dp ack : A2DP_CTRL_GET_PRESENTATION_POSITION, queued : A2DP_CTRL_CMD_NONE,  status 0 ##
12-19 23:22:21.901  3653  4235 W bt_btif : btif_a2dp_ctrl_cb: A2DP-CTRL-CHANNEL EVENT UIPC_RX_DATA_READY_EVT
12-19 23:22:21.902  3653  4235 W bt_btif : btif_a2dp_command_ack: ## a2dp ack : A2DP_CTRL_GET_PRESENTATION_POSITION, queued : A2DP_CTRL_CMD_NONE,  status 0 ##
12-19 23:22:21.916 14811 14811 W YouTubeMusic: Missing Vss3Config
12-19 23:22:21.922  3653  4235 W bt_btif : btif_a2dp_ctrl_cb: A2DP-CTRL-CHANNEL EVENT UIPC_RX_DATA_READY_EVT
12-19 23:22:21.922  3653  4235 W bt_btif : btif_a2dp_command_ack: ## a2dp ack : A2DP_CTRL_GET_PRESENTATION_POSITION, queued : A2DP_CTRL_CMD_NONE,  status 0 ##
12-19 23:22:21.935 14811 14851 E YT.qoe  : Pinging https://s.youtube.com/api/stats/qoe?cl=495923033&ei=0tWgY5icC8rCyAXz57bQBQ&event=streamingstats&feature=BFa&ns=yt&osid=AAAAAB6p1gQ%3AAOeUNAYd0IhBJ55Rgc3qtQqw-Pmyle9aCQ&plid=AAXwNOane3hl7p5T&cpn=Rt3HblM572v2J2Ce&cplatform=mobile&cbr=com.google.android.apps.youtube.music&cff=SMALL_FORM_FACTOR&c=android_music&cmodel=Mi%20A1&cos=Android&csdk=28&cbrver=5.36.51&cver=5.36.51&cosver=9&cbrand=Xiaomi&conn=0.008:3&cplayer=ANDROID_EXOPLAYER_V2&bat=0.007:0.820:1,59.772:0.820:1&vps=0.000:N&ctmp=du:used.66791579.67108864;avail.1843421184.53953421312,vprng:minh.64;maxh.2160;minw.64;maxw.3840&user_intent=59.651&vc=53651240&seq=1&docid=(scrubbed)&referrer=(scrubbed) 
12-19 23:22:21.935 14811 14851 E YT.qoe  : &fexp=1714249,11220203,11226390,11226858,11230571,11231064,11232002,11236678,11237040,11237644,11237984,11239070,11240567,11240888,11242357,11242821,11243175,11243654,11245705,11246210,11246214,11246326,11246752,11247192,11247301,11248996,11248997,11249382,11249683,11250173,11250249,11250532,11251004,11251272,11251330,11251335,11251660,11251688,11251814,11251943,11252005,11252031,11252062,11252311,11252351,11252548,11252718,11252953,11253406,11253634,11253797,11253802,11253893,11253931,23882503,23918597,23934970,23946420,23966208,23983296,23998056,24001373,24002022,24004644,24007246,24034168,24036947,24069909,24077241,24078649,24080738,24120820,24123943,24135310,24140247,24159734,24161116,24162919,24164186,24169501,24181174,24187043,24187377,24195035,24197083,24197450,24200839,24211178,24217535,24219713,24241378,24247897,24248091,24255165,24255543,24255545,24262346,24263796,24265964,24267564,24268142,24279196,24283015,24285788,24288043,24288663,24290374,24290971,24292955,24390674,24391543,24392058,24392364,24402891,24404640,24406621,24406740,24410853,24411033,24415866,24421345,24422001,24428902,24429094,24429866,24430562,24431909,24434665,24436008,24436632,24440585,24440902,24441340,24590921,24591046,39322504,39322574,39322866,39322873,39322983,39323016,39323023,39793172,39796638,39799260,39802373,39802389,39802465,39802571,39803206,39803434,39804611,39805006,39805721,39806491,39808546,39808889,39811456,39812297,39812647,39813152,39813211,39813446,39813479,39813480,39813568,39813705,39814090,39814194,39814239,39814383,39814385,39814647,39814701,39814737,39814751,39815085,39815164,39815213,39815224,39815264,39815326,39815655,39815811,39815823,39815866,39816062,39816365,39816375,39816439,39816612,39816631,39816760,39816856,39816905
12-19 23:22:21.940  3653  4229 V Avrcp_ext: onQueueChanged: NowPlaying list changed, Queue Size = 1273
12-19 23:22:21.940  3653  4229 D Avrcp_ext: Exit onQueueChanged
12-19 23:22:21.940  3653  4229 V Avrcp_ext: AvrcpMessageHandler: received message=19
12-19 23:22:21.940  3653  4229 V Avrcp_ext: MSG_NOW_PLAYING_CHANGED_RSP
12-19 23:22:21.943  3653  4235 W bt_btif : btif_a2dp_ctrl_cb: A2DP-CTRL-CHANNEL EVENT UIPC_RX_DATA_READY_EVT
12-19 23:22:21.943  3653  4235 W bt_btif : btif_a2dp_command_ack: ## a2dp ack : A2DP_CTRL_GET_PRESENTATION_POSITION, queued : A2DP_CTRL_CMD_NONE,  status 0 ##
12-19 23:22:21.944  3653  4229 V Avrcp_ext: updateCurrentMediaState: mMediaController: MediaController (com.google.android.apps.youtube.music@5fb5591) Ain't No Sunshine,  , Just As I Am
12-19 23:22:21.946  3653  4229 V Avrcp_ext: isMusicActive: true getBluetoothPlayState: 1
12-19 23:22:21.948  3653  4229 V Avrcp_ext: updateCurrentMediaState: get media attributes: 
12-19 23:22:21.954  3653  4235 W bt_btif : btif_a2dp_ctrl_cb: A2DP-CTRL-CHANNEL EVENT UIPC_RX_DATA_READY_EVT
12-19 23:22:21.954  3653  4235 W bt_btif : btif_a2dp_command_ack: ## a2dp ack : A2DP_CTRL_GET_PRESENTATION_POSITION, queued : A2DP_CTRL_CMD_NONE,  status 0 ##
12-19 23:22:21.956  3653  4229 I Avrcp_ext: device found at index 0
12-19 23:22:21.957  3653  4229 V Avrcp_ext: updateCurrentMediaState: addr: [B@5cfc282
12-19 23:22:21.957  3653  4229 V Avrcp_ext: Media update: id 7979? [MediaAttributes: Ae - Jm by  (125000 0/0) ] : [MediaAttributes: Ae - R1 by  (125000 0/0) ]
12-19 23:22:21.957  3653  4229 V Avrcp_ext: Check if NowPlayingList is updated
12-19 23:22:21.975  3653  4235 W bt_btif : btif_a2dp_ctrl_cb: A2DP-CTRL-CHANNEL EVENT UIPC_RX_DATA_READY_EVT
12-19 23:22:21.975  3653  4235 W bt_btif : btif_a2dp_command_ack: ## a2dp ack : A2DP_CTRL_GET_PRESENTATION_POSITION, queued : A2DP_CTRL_CMD_NONE,  status 0 ##
12-19 23:22:21.986  3653  4235 W bt_btif : btif_a2dp_ctrl_cb: A2DP-CTRL-CHANNEL EVENT UIPC_RX_DATA_READY_EVT
12-19 23:22:21.986  3653  4235 W bt_btif : btif_a2dp_command_ack: ## a2dp ack : A2DP_CTRL_GET_PRESENTATION_POSITION, queued : A2DP_CTRL_CMD_NONE,  status 0 ##
12-19 23:22:21.992  3653  4229 D AddressedMediaPlayer: sendNowPlayingListChanged()
12-19 23:22:21.992  3653  4229 D AvrcpMediaRsp: NowPlayingListChanged: Not registered or requesting.
12-19 23:22:21.992  3653  4229 V Avrcp_ext: newPlayStatus:1mReportedPlayStatus:-1
12-19 23:22:21.992  3653  4229 V Avrcp_ext: updatePlaybackState, state: PlaybackState {state=3, position=124412, buffered position=0, speed=1.0, updated=35889314, actions=2371511, custom actions=[Action:mName=' , mIcon=2131232018, mExtras=null, Action:mName='  "", mIcon=2131232101, mExtras=null, Action:mName=' , mIcon=2131231991, mExtras=null, Action:mName=' , mIcon=2131232234, mExtras=null], active item id=79, error=null} device: null
12-19 23:22:21.994  3653  4229 V Avrcp_ext: Device: JBL T460BT : old state: PlaybackState {state=3, position=50978, buffered position=0, speed=1.0, updated=35815880, actions=2371511, custom actions=[Action:mName=' , mIcon=2131232018, mExtras=null, Action:mName='  "", mIcon=2131232101, mExtras=null, Action:mName=' , mIcon=2131231991, mExtras=null, Action:mName=' , mIcon=2131232234, mExtras=null], active item id=79, error=null}
12-19 23:22:21.994  3653  4229 V Avrcp_ext: Device: no name: 
12-19 23:22:21.994  3653  4229 V Avrcp_ext: updatePlayerStateAndPosition, old=PlaybackState {state=3, position=50978, buffered position=0, speed=1.0, updated=35815880, actions=2371511, custom actions=[Action:mName=' , mIcon=2131232018, mExtras=null, Action:mName='  "", mIcon=2131232101, mExtras=null, Action:mName=' , mIcon=2131231991, mExtras=null, Action:mName=' , mIcon=2131232234, mExtras=null], active item id=79, error=null}, state=PlaybackState {state=3, position=124412, buffered position=0, speed=1.0, updated=35889314, actions=2371511, custom actions=[Action:mName=' , mIcon=2131232018, mExtras=null, Action:mName='  "", mIcon=2131232101, mExtras=null, Action:mName=' , mIcon=2131231991, mExtras=null, Action:mName=' , mIcon=2131232234, mExtras=null], active item id=79, error=null}
12-19 23:22:21.994  3653  4229 V Avrcp_ext: old state = PlaybackState {state=3, position=50978, buffered position=0, speed=1.0, updated=35815880, actions=2371511, custom actions=[Action:mName=' , mIcon=2131232018, mExtras=null, Action:mName='  "", mIcon=2131232101, mExtras=null, Action:mName=' , mIcon=2131231991, mExtras=null, Action:mName=' , mIcon=2131232234, mExtras=null], active item id=79, error=null}, new state= PlaybackState {state=3, position=124412, buffered position=0, speed=1.0, updated=35889314, actions=2371511, custom actions=[Action:mName=' , mIcon=2131232018, mExtras=null, Action:mName='  "", mIcon=2131232101, mExtras=null, Action:mName=' , mIcon=2131231991, mExtras=null, Action:mName=' , mIcon=2131232234, mExtras=null], active item id=79, error=null}
12-19 23:22:21.994  3653  4229 D HeadsetService: getHeadsetService(): returning com.android.bluetooth.hfp.HeadsetService@f37c22b
12-19 23:22:21.994  3653  4229 E HeadsetStateMachine: returning mCurrentState as Connected
12-19 23:22:21.994  3653  4229 D HeadsetService:  isAudioOn: The number of audio connected devices 0
12-19 23:22:21.994  3653  4229 D HeadsetService: isScoOrCallActive(): Call Active:falseCall is Ringing:falseSCO is Active:false
12-19 23:22:21.995  3653  4229 E HeadsetStateMachine: returning mCurrentState as Connected
12-19 23:22:21.995  3653  4229 D HeadsetService:  isAudioOn: The number of audio connected devices 0
12-19 23:22:21.995  3653  4229 V Avrcp_ext: isPlayStateTobeUpdated: device: 04:CB:88:E2:14:7F
12-19 23:22:21.995  3653  4229 V Avrcp_ext: Single connection exists
12-19 23:22:21.995  3653  4229 V Avrcp_ext: isPlayStateToBeUpdated device is active device
12-19 23:22:21.995  3653  4229 I Avrcp_ext: updatePlayStatusForDevice: device: 04:CB:88:E2:14:7F
12-19 23:22:21.996  3653  4229 V Avrcp_ext: updatePlaybackState (1): old=PlaybackState {state=3, position=50978, buffered position=0, speed=1.0, updated=35815880, actions=2371511, custom actions=[Action:mName=' , mIcon=2131232018, mExtras=null, Action:mName='  "", mIcon=2131232101, mExtras=null, Action:mName=' , mIcon=2131231991, mExtras=null, Action:mName=' , mIcon=2131232234, mExtras=null], active item id=79, error=null}(1), new=PlaybackState {state=3, position=124412, buffered position=0, speed=1.0, updated=35889314, actions=2371511, custom actions=[Action:mName=' , mIcon=2131232018, mExtras=null, Action:mName='  "", mIcon=2131232101, mExtras=null, Action:mName=' , mIcon=2131231991, mExtras=null, Action:mName=' , mIcon=2131232234, mExtras=null], active item id=79, error=null}(1)
12-19 23:22:21.996  3653  4229 I Avrcp_ext: Exit updatePlayStatusForDevice
12-19 23:22:21.996  3653  4229 E HeadsetStateMachine: returning mCurrentState as Connected
12-19 23:22:21.996  3653  4229 D HeadsetService:  isAudioOn: The number of audio connected devices 0
12-19 23:22:21.996  3653  4229 D HeadsetService: isScoOrCallActive(): Call Active:falseCall is Ringing:falseSCO is Active:false
12-19 23:22:21.997  3653  4229 E HeadsetStateMachine: returning mCurrentState as Connected
12-19 23:22:21.997  3653  4229 D HeadsetService:  isAudioOn: The number of audio connected devices 0
12-19 23:22:21.997  3653  4229 V Avrcp_ext: isPlayStateTobeUpdated: device: null
12-19 23:22:21.997  3653  4229 V Avrcp_ext: Single connection exists
12-19 23:22:21.997  3653  4229 D Avrcp_ext: Enter sendPlayPosNotificationRsp
12-19 23:22:21.997  3653  4229 D Avrcp_ext: sendPlayPosNotificationRsp: Not registered or requesting.
12-19 23:22:21.997  3653  4229 D Avrcp_ext: Enter sendPlayPosNotificationRsp
12-19 23:22:21.997  3653  4229 D Avrcp_ext: sendPlayPosNotificationRsp: Not registered or requesting.
12-19 23:22:21.997  3653  4229 V Avrcp_ext: Exit updatePlayerStateAndPosition
12-19 23:22:21.997  3653  4229 V Avrcp_ext: Exit handleMessage
12-19 23:22:22.028  3653  4235 W bt_btif : btif_a2dp_ctrl_cb: A2DP-CTRL-CHANNEL EVENT UIPC_RX_DATA_READY_EVT
12-19 23:22:22.028  3653  4235 W bt_btif : btif_a2dp_command_ack: ## a2dp ack : A2DP_CTRL_GET_PRESENTATION_POSITION, queued : A2DP_CTRL_CMD_NONE,  status 0 ##
12-19 23:22:22.049  3653  4235 W bt_btif : btif_a2dp_ctrl_cb: A2DP-CTRL-CHANNEL EVENT UIPC_RX_DATA_READY_EVT
12-19 23:22:22.049  3653  4235 W bt_btif : btif_a2dp_command_ack: ## a2dp ack : A2DP_CTRL_GET_PRESENTATION_POSITION, queued : A2DP_CTRL_CMD_NONE,  status 0 ##
12-19 23:22:22.057  3049  5113 W Binder  : Outgoing transactions from this process must be FLAG_ONEWAY
12-19 23:22:22.057  3049  5113 W Binder  : java.lang.Throwable
12-19 23:22:22.057  3049  5113 W Binder  : 	at android.os.BinderProxy.transact(Binder.java:1116)
12-19 23:22:22.057  3049  5113 W Binder  : 	at android.content.pm.BaseParceledListSlice.<init>(BaseParceledListSlice.java:99)
12-19 23:22:22.057  3049  5113 W Binder  : 	at android.content.pm.ParceledListSlice.<init>(ParceledListSlice.java:39)
12-19 23:22:22.057  3049  5113 W Binder  : 	at android.content.pm.ParceledListSlice.<init>(ParceledListSlice.java:33)
12-19 23:22:22.057  3049  5113 W Binder  : 	at android.content.pm.ParceledListSlice$1.createFromParcel(ParceledListSlice.java:75)
12-19 23:22:22.057  3049  5113 W Binder  : 	at android.content.pm.ParceledListSlice$1.createFromParcel(ParceledListSlice.java:73)
12-19 23:22:22.057  3049  5113 W Binder  : 	at android.media.session.ISession$Stub.onTransact(ISession.java:160)
12-19 23:22:22.057  3049  5113 W Binder  : 	at android.os.Binder.execTransact(Binder.java:731)
12-19 23:22:22.059  3653  4235 W bt_btif : btif_a2dp_ctrl_cb: A2DP-CTRL-CHANNEL EVENT UIPC_RX_DATA_READY_EVT
12-19 23:22:22.060  3653  4235 W bt_btif : btif_a2dp_command_ack: ## a2dp ack : A2DP_CTRL_GET_PRESENTATION_POSITION, queued : A2DP_CTRL_CMD_NONE,  status 0 ##
12-19 23:22:22.080  3653  4235 W bt_btif : btif_a2dp_ctrl_cb: A2DP-CTRL-CHANNEL EVENT UIPC_RX_DATA_READY_EVT
12-19 23:22:22.081  3653  4235 W bt_btif : btif_a2dp_command_ack: ## a2dp ack : A2DP_CTRL_GET_PRESENTATION_POSITION, queued : A2DP_CTRL_CMD_NONE,  status 0 ##
12-19 23:22:22.101  3653  4235 W bt_btif : btif_a2dp_ctrl_cb: A2DP-CTRL-CHANNEL EVENT UIPC_RX_DATA_READY_EVT
12-19 23:22:22.101  3653  4235 W bt_btif : btif_a2dp_command_ack: ## a2dp ack : A2DP_CTRL_GET_PRESENTATION_POSITION, queued : A2DP_CTRL_CMD_NONE,  status 0 ##
12-19 23:22:22.122  3653  4235 W bt_btif : btif_a2dp_ctrl_cb: A2DP-CTRL-CHANNEL EVENT UIPC_RX_DATA_READY_EVT
12-19 23:22:22.123  3653  4235 W bt_btif : btif_a2dp_command_ack: ## a2dp ack : A2DP_CTRL_GET_PRESENTATION_POSITION, queued : A2DP_CTRL_CMD_NONE,  status 0 ##
12-19 23:22:22.136  3653  4229 V Avrcp_ext: onQueueChanged: NowPlaying list changed, Queue Size = 1273
12-19 23:22:22.136  3653  4229 D Avrcp_ext: Exit onQueueChanged
12-19 23:22:22.136  3653  4229 V Avrcp_ext: onMetadataChanged
12-19 23:22:22.136  3653  4229 V Avrcp_ext: updateCurrentMediaState: mMediaController: MediaController (com.google.android.apps.youtube.music@5fb5591) Ultimate Ukrainian summer playlist VOL.1,  , Just As I Am
12-19 23:22:22.137  3653  4229 V Avrcp_ext: isMusicActive: true getBluetoothPlayState: 1
12-19 23:22:22.137  3049  6594 D CompatibilityInfo: mCompatibilityFlags - 0
12-19 23:22:22.137  3049  6594 D CompatibilityInfo: applicationDensity - 480
12-19 23:22:22.137  3049  6594 D CompatibilityInfo: applicationScale - 1.0
12-19 23:22:22.137  3653  4229 V Avrcp_ext: updateCurrentMediaState: get media attributes: 
12-19 23:22:22.138  3653  4229 I Avrcp_ext: device found at index 0
12-19 23:22:22.138  3653  4229 V Avrcp_ext: updateCurrentMediaState: addr: [B@9459d93
12-19 23:22:22.138  3653  4229 V Avrcp_ext: Media update: id 7979? [MediaAttributes: U1 - Jm by  (5178000 0/0) ] : [MediaAttributes: Ae - R1 by  (125000 0/0) ]
12-19 23:22:22.138  3653  4229 V Avrcp_ext: Check if NowPlayingList is updated
12-19 23:22:22.144  3653  4235 W bt_btif : btif_a2dp_ctrl_cb: A2DP-CTRL-CHANNEL EVENT UIPC_RX_DATA_READY_EVT
12-19 23:22:22.144  3653  4235 W bt_btif : btif_a2dp_command_ack: ## a2dp ack : A2DP_CTRL_GET_PRESENTATION_POSITION, queued : A2DP_CTRL_CMD_NONE,  status 0 ##
12-19 23:22:22.155  3653  4235 W bt_btif : btif_a2dp_ctrl_cb: A2DP-CTRL-CHANNEL EVENT UIPC_RX_DATA_READY_EVT
12-19 23:22:22.155  3653  4235 W bt_btif : btif_a2dp_command_ack: ## a2dp ack : A2DP_CTRL_GET_PRESENTATION_POSITION, queued : A2DP_CTRL_CMD_NONE,  status 0 ##
12-19 23:22:22.161  3049  3597 D ConnectivityService: releasing NetworkRequest [ TRACK_DEFAULT id=1005, [ Capabilities: INTERNET&NOT_RESTRICTED&TRUSTED Unwanted:  Uid: 10117] ] (release request)
12-19 23:22:22.163  4142  4142 D QcrilMsgTunnelIfaceManager: handleMessage what = 1
12-19 23:22:22.165  4142  4142 I QcrilOemhookMsgTunnel: [0]invokeOemRilRequestRaw: serial=3965 length=24
12-19 23:22:22.166  4142  4204 I QcrilOemhookMsgTunnel: [0]processOemHookResponse serial no: 3965 error: 0length=0
12-19 23:22:22.166  4142  4142 D QcrilMsgTunnelIfaceManager: handleMessage what = 2
12-19 23:22:22.167  4142  4142 D QcrilMsgTunnelIfaceManager: handleMessage what = 1
12-19 23:22:22.168  4142  4204 I QcrilOemhookMsgTunnel: [0]processOemHookIndication length=28
12-19 23:22:22.169  4142  4142 I QcrilOemhookMsgTunnel: [1]invokeOemRilRequestRaw: serial=3966 length=24
12-19 23:22:22.170  4142  4142 D QcrilMsgTunnelIfaceManager: handleMessage what = 0
12-19 23:22:22.170  4142  4204 I QcrilOemhookMsgTunnel: [1]processOemHookResponse serial no: 3966 error: 0length=0
12-19 23:22:22.171  4142  4142 D QcrilMsgTunnelIfaceManager: handleMessage what = 2
12-19 23:22:22.173  4142  4204 I QcrilOemhookMsgTunnel: [1]processOemHookIndication length=28
12-19 23:22:22.173  4142  4142 D QcrilMsgTunnelIfaceManager: handleMessage what = 0
12-19 23:22:22.175  3653  4235 W bt_btif : btif_a2dp_ctrl_cb: A2DP-CTRL-CHANNEL EVENT UIPC_RX_DATA_READY_EVT
12-19 23:22:22.176  3653  4235 W bt_btif : btif_a2dp_command_ack: ## a2dp ack : A2DP_CTRL_GET_PRESENTATION_POSITION, queued : A2DP_CTRL_CMD_NONE,  status 0 ##
12-19 23:22:22.187  3653  4229 V Avrcp_ext: newPlayStatus:1mReportedPlayStatus:-1
12-19 23:22:22.187  3653  4229 V Avrcp_ext: updatePlaybackState, state: PlaybackState {state=3, position=124601, buffered position=0, speed=1.0, updated=35889503, actions=2371511, custom actions=[Action:mName=' , mIcon=2131232018, mExtras=null, Action:mName='  "", mIcon=2131232101, mExtras=null, Action:mName=' , mIcon=2131231991, mExtras=null, Action:mName=' , mIcon=2131232234, mExtras=null], active item id=79, error=null} device: null
12-19 23:22:22.188  3653  4229 V Avrcp_ext: Device: JBL T460BT : old state: PlaybackState {state=3, position=124412, buffered position=0, speed=1.0, updated=35889314, actions=2371511, custom actions=[Action:mName=' , mIcon=2131232018, mExtras=null, Action:mName='  "", mIcon=2131232101, mExtras=null, Action:mName=' , mIcon=2131231991, mExtras=null, Action:mName=' , mIcon=2131232234, mExtras=null], active item id=79, error=null}
12-19 23:22:22.189  3653  4229 V Avrcp_ext: Device: no name: 
12-19 23:22:22.189  3653  4229 V Avrcp_ext: updatePlayerStateAndPosition, old=PlaybackState {state=3, position=124412, buffered position=0, speed=1.0, updated=35889314, actions=2371511, custom actions=[Action:mName=' , mIcon=2131232018, mExtras=null, Action:mName='  "", mIcon=2131232101, mExtras=null, Action:mName=' , mIcon=2131231991, mExtras=null, Action:mName=' , mIcon=2131232234, mExtras=null], active item id=79, error=null}, state=PlaybackState {state=3, position=124601, buffered position=0, speed=1.0, updated=35889503, actions=2371511, custom actions=[Action:mName=' , mIcon=2131232018, mExtras=null, Action:mName='  "", mIcon=2131232101, mExtras=null, Action:mName=' , mIcon=2131231991, mExtras=null, Action:mName=' , mIcon=2131232234, mExtras=null], active item id=79, error=null}
12-19 23:22:22.189  3653  4229 V Avrcp_ext: old state = PlaybackState {state=3, position=124412, buffered position=0, speed=1.0, updated=35889314, actions=2371511, custom actions=[Action:mName=' , mIcon=2131232018, mExtras=null, Action:mName='  "", mIcon=2131232101, mExtras=null, Action:mName=' , mIcon=2131231991, mExtras=null, Action:mName=' , mIcon=2131232234, mExtras=null], active item id=79, error=null}, new state= PlaybackState {state=3, position=124601, buffered position=0, speed=1.0, updated=35889503, actions=2371511, custom actions=[Action:mName=' , mIcon=2131232018, mExtras=null, Action:mName='  "", mIcon=2131232101, mExtras=null, Action:mName=' , mIcon=2131231991, mExtras=null, Action:mName=' , mIcon=2131232234, mExtras=null], active item id=79, error=null}
12-19 23:22:22.189  3653  4229 D HeadsetService: getHeadsetService(): returning com.android.bluetooth.hfp.HeadsetService@f37c22b
12-19 23:22:22.190  3653  4229 E HeadsetStateMachine: returning mCurrentState as Connected
12-19 23:22:22.190  3653  4229 D HeadsetService:  isAudioOn: The number of audio connected devices 0
12-19 23:22:22.190  3653  4229 D HeadsetService: isScoOrCallActive(): Call Active:falseCall is Ringing:falseSCO is Active:false
12-19 23:22:22.190  3653  4229 E HeadsetStateMachine: returning mCurrentState as Connected
12-19 23:22:22.190  3653  4229 D HeadsetService:  isAudioOn: The number of audio connected devices 0
12-19 23:22:22.190  3653  4229 V Avrcp_ext: isPlayStateTobeUpdated: device: 04:CB:88:E2:14:7F
12-19 23:22:22.190  3653  4229 V Avrcp_ext: Single connection exists
12-19 23:22:22.190  3653  4229 V Avrcp_ext: isPlayStateToBeUpdated device is active device
12-19 23:22:22.190  3653  4229 I Avrcp_ext: updatePlayStatusForDevice: device: 04:CB:88:E2:14:7F
12-19 23:22:22.190  3653  4229 V Avrcp_ext: updatePlaybackState (1): old=PlaybackState {state=3, position=124412, buffered position=0, speed=1.0, updated=35889314, actions=2371511, custom actions=[Action:mName=' , mIcon=2131232018, mExtras=null, Action:mName='  "", mIcon=2131232101, mExtras=null, Action:mName=' , mIcon=2131231991, mExtras=null, Action:mName=' , mIcon=2131232234, mExtras=null], active item id=79, error=null}(1), new=PlaybackState {state=3, position=124601, buffered position=0, speed=1.0, updated=35889503, actions=2371511, custom actions=[Action:mName=' , mIcon=2131232018, mExtras=null, Action:mName='  "", mIcon=2131232101, mExtras=null, Action:mName=' , mIcon=2131231991, mExtras=null, Action:mName=' , mIcon=2131232234, mExtras=null], active item id=79, error=null}(1)
12-19 23:22:22.190  3653  4229 I Avrcp_ext: Exit updatePlayStatusForDevice
12-19 23:22:22.192  3653  4229 E HeadsetStateMachine: returning mCurrentState as Connected
12-19 23:22:22.192  3653  4229 D HeadsetService:  isAudioOn: The number of audio connected devices 0
12-19 23:22:22.192  3653  4229 D HeadsetService: isScoOrCallActive(): Call Active:falseCall is Ringing:falseSCO is Active:false
12-19 23:22:22.192  3653  4229 E HeadsetStateMachine: returning mCurrentState as Connected
12-19 23:22:22.192  3653  4229 D HeadsetService:  isAudioOn: The number of audio connected devices 0
12-19 23:22:22.192  3653  4229 V Avrcp_ext: isPlayStateTobeUpdated: device: null
12-19 23:22:22.192  3653  4229 V Avrcp_ext: Single connection exists
12-19 23:22:22.193  3653  4229 D Avrcp_ext: Enter sendPlayPosNotificationRsp
12-19 23:22:22.193  3653  4229 D Avrcp_ext: sendPlayPosNotificationRsp: Not registered or requesting.
12-19 23:22:22.193  3653  4229 D Avrcp_ext: Enter sendPlayPosNotificationRsp
12-19 23:22:22.193  3653  4229 D Avrcp_ext: sendPlayPosNotificationRsp: Not registered or requesting.
12-19 23:22:22.193  3653  4229 V Avrcp_ext: Exit updatePlayerStateAndPosition
12-19 23:22:22.193  3653  4229 V Avrcp_ext: AvrcpMessageHandler: received message=19
12-19 23:22:22.193  3653  4229 V Avrcp_ext: MSG_NOW_PLAYING_CHANGED_RSP
12-19 23:22:22.193  3653  4229 V Avrcp_ext: updateCurrentMediaState: mMediaController: MediaController (com.google.android.apps.youtube.music@5fb5591) Ultimate Ukrainian summer playlist VOL.1,  , Just As I Am
12-19 23:22:22.193  3653  4229 V Avrcp_ext: isMusicActive: true getBluetoothPlayState: 1
12-19 23:22:22.194  3653  4229 V Avrcp_ext: updateCurrentMediaState: get media attributes: 
12-19 23:22:22.195  3653  4229 I Avrcp_ext: device found at index 0
12-19 23:22:22.195  3653  4229 V Avrcp_ext: updateCurrentMediaState: addr: [B@b5911d0
12-19 23:22:22.195  3653  4229 V Avrcp_ext: Media update: id 7979? [MediaAttributes: U1 - Jm by  (5178000 0/0) ] : [MediaAttributes: Ae - R1 by  (125000 0/0) ]
12-19 23:22:22.195  3653  4229 V Avrcp_ext: Check if NowPlayingList is updated
12-19 23:22:22.196  3653  4235 W bt_btif : btif_a2dp_ctrl_cb: A2DP-CTRL-CHANNEL EVENT UIPC_RX_DATA_READY_EVT
12-19 23:22:22.196  3653  4235 W bt_btif : btif_a2dp_command_ack: ## a2dp ack : A2DP_CTRL_GET_PRESENTATION_POSITION, queued : A2DP_CTRL_CMD_NONE,  status 0 ##
12-19 23:22:22.217  3653  4235 W bt_btif : btif_a2dp_ctrl_cb: A2DP-CTRL-CHANNEL EVENT UIPC_RX_DATA_READY_EVT
12-19 23:22:22.217  3653  4235 W bt_btif : btif_a2dp_command_ack: ## a2dp ack : A2DP_CTRL_GET_PRESENTATION_POSITION, queued : A2DP_CTRL_CMD_NONE,  status 0 ##
12-19 23:22:22.226  3653  4229 V Avrcp_ext: newPlayStatus:1mReportedPlayStatus:-1
12-19 23:22:22.227  3653  4229 V Avrcp_ext: updatePlaybackState, state: PlaybackState {state=3, position=124658, buffered position=0, speed=1.0, updated=35889560, actions=2371511, custom actions=[Action:mName=' , mIcon=2131232018, mExtras=null, Action:mName='  "", mIcon=2131232101, mExtras=null, Action:mName=' , mIcon=2131231991, mExtras=null, Action:mName=' , mIcon=2131232234, mExtras=null], active item id=79, error=null} device: null
12-19 23:22:22.228  3653  4229 V Avrcp_ext: Device: JBL T460BT : old state: PlaybackState {state=3, position=124601, buffered position=0, speed=1.0, updated=35889503, actions=2371511, custom actions=[Action:mName=' , mIcon=2131232018, mExtras=null, Action:mName='  "", mIcon=2131232101, mExtras=null, Action:mName=' , mIcon=2131231991, mExtras=null, Action:mName=' , mIcon=2131232234, mExtras=null], active item id=79, error=null}
12-19 23:22:22.228  3653  4229 V Avrcp_ext: Device: no name: 
12-19 23:22:22.228  3653  4229 V Avrcp_ext: updatePlayerStateAndPosition, old=PlaybackState {state=3, position=124601, buffered position=0, speed=1.0, updated=35889503, actions=2371511, custom actions=[Action:mName=' , mIcon=2131232018, mExtras=null, Action:mName='  "", mIcon=2131232101, mExtras=null, Action:mName=' , mIcon=2131231991, mExtras=null, Action:mName=' , mIcon=2131232234, mExtras=null], active item id=79, error=null}, state=PlaybackState {state=3, position=124658, buffered position=0, speed=1.0, updated=35889560, actions=2371511, custom actions=[Action:mName=' , mIcon=2131232018, mExtras=null, Action:mName='  "", mIcon=2131232101, mExtras=null, Action:mName=' , mIcon=2131231991, mExtras=null, Action:mName=' , mIcon=2131232234, mExtras=null], active item id=79, error=null}
12-19 23:22:22.228  3653  4229 V Avrcp_ext: old state = PlaybackState {state=3, position=124601, buffered position=0, speed=1.0, updated=35889503, actions=2371511, custom actions=[Action:mName=' , mIcon=2131232018, mExtras=null, Action:mName='  "", mIcon=2131232101, mExtras=null, Action:mName=' , mIcon=2131231991, mExtras=null, Action:mName=' , mIcon=2131232234, mExtras=null], active item id=79, error=null}, new state= PlaybackState {state=3, position=124658, buffered position=0, speed=1.0, updated=35889560, actions=2371511, custom actions=[Action:mName=' , mIcon=2131232018, mExtras=null, Action:mName='  "", mIcon=2131232101, mExtras=null, Action:mName=' , mIcon=2131231991, mExtras=null, Action:mName=' , mIcon=2131232234, mExtras=null], active item id=79, error=null}
12-19 23:22:22.228  3653  4229 D HeadsetService: getHeadsetService(): returning com.android.bluetooth.hfp.HeadsetService@f37c22b
12-19 23:22:22.229  3653  4229 E HeadsetStateMachine: returning mCurrentState as Connected
12-19 23:22:22.229  3653  4229 D HeadsetService:  isAudioOn: The number of audio connected devices 0
12-19 23:22:22.229  3653  4229 D HeadsetService: isScoOrCallActive(): Call Active:falseCall is Ringing:falseSCO is Active:false
12-19 23:22:22.229  3653  4229 E HeadsetStateMachine: returning mCurrentState as Connected
12-19 23:22:22.229  3653  4229 D HeadsetService:  isAudioOn: The number of audio connected devices 0
12-19 23:22:22.229  3653  4229 V Avrcp_ext: isPlayStateTobeUpdated: device: 04:CB:88:E2:14:7F
12-19 23:22:22.229  3653  4229 V Avrcp_ext: Single connection exists
12-19 23:22:22.229  3653  4229 V Avrcp_ext: isPlayStateToBeUpdated device is active device
12-19 23:22:22.229  3653  4229 I Avrcp_ext: updatePlayStatusForDevice: device: 04:CB:88:E2:14:7F
12-19 23:22:22.229  3653  4229 V Avrcp_ext: updatePlaybackState (1): old=PlaybackState {state=3, position=124601, buffered position=0, speed=1.0, updated=35889503, actions=2371511, custom actions=[Action:mName=' , mIcon=2131232018, mExtras=null, Action:mName='  "", mIcon=2131232101, mExtras=null, Action:mName=' , mIcon=2131231991, mExtras=null, Action:mName=' , mIcon=2131232234, mExtras=null], active item id=79, error=null}(1), new=PlaybackState {state=3, position=124658, buffered position=0, speed=1.0, updated=35889560, actions=2371511, custom actions=[Action:mName=' , mIcon=2131232018, mExtras=null, Action:mName='  "", mIcon=2131232101, mExtras=null, Action:mName=' , mIcon=2131231991, mExtras=null, Action:mName=' , mIcon=2131232234, mExtras=null], active item id=79, error=null}(1)
12-19 23:22:22.229  3653  4229 I Avrcp_ext: Exit updatePlayStatusForDevice
12-19 23:22:22.230  3653  4229 E HeadsetStateMachine: returning mCurrentState as Connected
12-19 23:22:22.230  3653  4229 D HeadsetService:  isAudioOn: The number of audio connected devices 0
12-19 23:22:22.230  3653  4229 D HeadsetService: isScoOrCallActive(): Call Active:falseCall is Ringing:falseSCO is Active:false
12-19 23:22:22.230  3653  4229 E HeadsetStateMachine: returning mCurrentState as Connected
12-19 23:22:22.230  3653  4229 D HeadsetService:  isAudioOn: The number of audio connected devices 0
12-19 23:22:22.230  3653  4229 V Avrcp_ext: isPlayStateTobeUpdated: device: null
12-19 23:22:22.231  3653  4229 V Avrcp_ext: Single connection exists
12-19 23:22:22.231  3653  4229 D Avrcp_ext: Enter sendPlayPosNotificationRsp
12-19 23:22:22.231  3653  4229 D Avrcp_ext: sendPlayPosNotificationRsp: Not registered or requesting.
12-19 23:22:22.231  3653  4229 D Avrcp_ext: Enter sendPlayPosNotificationRsp
12-19 23:22:22.231  3653  4229 D Avrcp_ext: sendPlayPosNotificationRsp: Not registered or requesting.
12-19 23:22:22.231  3653  4229 V Avrcp_ext: Exit updatePlayerStateAndPosition
12-19 23:22:22.231  3653  4229 V Avrcp_ext: Exit handleMessage
12-19 23:22:22.238  3653  4235 W bt_btif : btif_a2dp_ctrl_cb: A2DP-CTRL-CHANNEL EVENT UIPC_RX_DATA_READY_EVT
12-19 23:22:22.238  3653  4235 W bt_btif : btif_a2dp_command_ack: ## a2dp ack : A2DP_CTRL_GET_PRESENTATION_POSITION, queued : A2DP_CTRL_CMD_NONE,  status 0 ##
12-19 23:22:22.254  3049  5823 I ActivityManager: Process com.urbandroid.sleep (pid 27985) has died: cch+6CEM 
12-19 23:22:22.254  3049  3126 W libprocessgroup: kill(-27985, 9) failed: No such process
12-19 23:22:22.259  3653  4235 W bt_btif : btif_a2dp_ctrl_cb: A2DP-CTRL-CHANNEL EVENT UIPC_RX_DATA_READY_EVT
12-19 23:22:22.259  3653  4235 W bt_btif : btif_a2dp_command_ack: ## a2dp ack : A2DP_CTRL_GET_PRESENTATION_POSITION, queued : A2DP_CTRL_CMD_NONE,  status 0 ##
12-19 23:22:22.260  3049  5823 I ActivityManager: Killing 28030:com.android.chrome:sandboxed_process0/u0a233i42 (adj 0): isolated not needed
12-19 23:22:22.262  2331  2331 I Zygote  : Process 27985 exited due to signal (9)
12-19 23:22:22.273  3770  3770 I Zygote  : Process 28030 exited due to signal (9)
12-19 23:22:22.280  3653  4235 W bt_btif : btif_a2dp_ctrl_cb: A2DP-CTRL-CHANNEL EVENT UIPC_RX_DATA_READY_EVT
12-19 23:22:22.280  3653  4235 W bt_btif : btif_a2dp_command_ack: ## a2dp ack : A2DP_CTRL_GET_PRESENTATION_POSITION, queued : A2DP_CTRL_CMD_NONE,  status 0 ##
12-19 23:22:22.298  3049  3126 W libprocessgroup: kill(-27985, 9) failed: No such process
12-19 23:22:22.298  3049  3126 I libprocessgroup: Successfully killed process cgroup uid 10233 pid 27985 in 44ms
12-19 23:22:22.298  3049  3126 W libprocessgroup: Failed to open process cgroup uid 99042 pid 28030: No such file or directory
