12-19 22:02:45.745  2343  2558 E NetlinkEvent: NetlinkEvent::FindParam(): Parameter 'UID' not found
12-19 22:02:50.964  2343  2558 E NetlinkEvent: NetlinkEvent::FindParam(): Parameter 'INTERFACE' not found
12-19 22:02:50.964  2343  2558 E NetlinkEvent: NetlinkEvent::FindParam(): Parameter 'STATE' not found
12-19 22:02:50.964  2343  2558 E NetlinkEvent: NetlinkEvent::FindParam(): Parameter 'TIME_NS' not found
12-19 22:02:50.964  2343  2558 E NetlinkEvent: NetlinkEvent::FindParam(): Parameter 'UID' not found
12-19 22:02:56.179  2343  2558 E NetlinkEvent: NetlinkEvent::FindParam(): Parameter 'INTERFACE' not found
12-19 22:02:56.179  2343  2558 E NetlinkEvent: NetlinkEvent::FindParam(): Parameter 'STATE' not found
12-19 22:02:56.179  2343  2558 E NetlinkEvent: NetlinkEvent::FindParam(): Parameter 'TIME_NS' not found
12-19 22:02:56.179  2343  2558 E NetlinkEvent: NetlinkEvent::FindParam(): Parameter 'UID' not found
12-19 22:03:01.375  2343  2558 E NetlinkEvent: NetlinkEvent::FindParam(): Parameter 'INTERFACE' not found
12-19 22:03:01.375  2343  2558 E NetlinkEvent: NetlinkEvent::FindParam(): Parameter 'STATE' not found
12-19 22:03:01.375  2343  2558 E NetlinkEvent: NetlinkEvent::FindParam(): Parameter 'TIME_NS' not found
12-19 22:03:01.375  2343  2558 E NetlinkEvent: NetlinkEvent::FindParam(): Parameter 'UID' not found
12-19 22:03:06.589  2343  2558 E NetlinkEvent: NetlinkEvent::FindParam(): Parameter 'INTERFACE' not found
12-19 22:03:06.589  2343  2558 E NetlinkEvent: NetlinkEvent::FindParam(): Parameter 'STATE' not found
12-19 22:03:06.589  2343  2558 E NetlinkEvent: NetlinkEvent::FindParam(): Parameter 'TIME_NS' not found
12-19 22:03:06.589  2343  2558 E NetlinkEvent: NetlinkEvent::FindParam(): Parameter 'UID' not found
12-19 22:03:26.165  3049  5158 I chatty  : uid=1000(system) Binder:3049_D expire 2 lines
12-19 22:03:26.348  2357  2506 E storaged: getDiskStats failed with result NOT_SUPPORTED and size 0
12-19 22:03:37.595  3049  3597 I chatty  : uid=1000(system) ConnectivitySer expire 21 lines
12-19 22:04:25.880  3049  3938 I chatty  : uid=1000(system) Binder:3049_6 expire 2 lines
12-19 22:04:26.084  3049  3074 I chatty  : uid=1000(system) Binder:3049_2 expire 1 line
12-19 22:04:26.216  2343  2558 E NetlinkEvent: NetlinkEvent::FindParam(): Parameter 'INTERFACE' not found
12-19 22:04:26.216  2343  2558 E NetlinkEvent: NetlinkEvent::FindParam(): Parameter 'STATE' not found
12-19 22:04:26.216  2343  2558 E NetlinkEvent: NetlinkEvent::FindParam(): Parameter 'TIME_NS' not found
12-19 22:04:26.216  2343  2558 E NetlinkEvent: NetlinkEvent::FindParam(): Parameter 'UID' not found
12-19 22:04:26.349  2357  2506 E storaged: getDiskStats failed with result NOT_SUPPORTED and size 0
12-19 22:04:44.311  2343  2558 E NetlinkEvent: NetlinkEvent::FindParam(): Parameter 'INTERFACE' not found
12-19 22:04:44.311  2343  2558 E NetlinkEvent: NetlinkEvent::FindParam(): Parameter 'STATE' not found
12-19 22:04:44.311  2343  2558 E NetlinkEvent: NetlinkEvent::FindParam(): Parameter 'TIME_NS' not found
12-19 22:04:44.311  2343  2558 E NetlinkEvent: NetlinkEvent::FindParam(): Parameter 'UID' not found
12-19 22:04:49.541  2343  2558 E NetlinkEvent: NetlinkEvent::FindParam(): Parameter 'INTERFACE' not found
12-19 22:04:49.541  2343  2558 E NetlinkEvent: NetlinkEvent::FindParam(): Parameter 'STATE' not found
12-19 22:04:49.541  2343  2558 E NetlinkEvent: NetlinkEvent::FindParam(): Parameter 'TIME_NS' not found
12-19 22:04:49.541  2343  2558 E NetlinkEvent: NetlinkEvent::FindParam(): Parameter 'UID' not found
12-19 22:04:54.746  2343  2558 E NetlinkEvent: NetlinkEvent::FindParam(): Parameter 'INTERFACE' not found
12-19 22:04:54.746  2343  2558 E NetlinkEvent: NetlinkEvent::FindParam(): Parameter 'STATE' not found
12-19 22:04:54.746  2343  2558 E NetlinkEvent: NetlinkEvent::FindParam(): Parameter 'TIME_NS' not found
12-19 22:04:54.746  2343  2558 E NetlinkEvent: NetlinkEvent::FindParam(): Parameter 'UID' not found
12-19 22:04:59.978  2343  2558 E NetlinkEvent: NetlinkEvent::FindParam(): Parameter 'INTERFACE' not found
12-19 22:04:59.978  2343  2558 E NetlinkEvent: NetlinkEvent::FindParam(): Parameter 'STATE' not found
12-19 22:04:59.978  2343  2558 E NetlinkEvent: NetlinkEvent::FindParam(): Parameter 'TIME_NS' not found
12-19 22:04:59.978  2343  2558 E NetlinkEvent: NetlinkEvent::FindParam(): Parameter 'UID' not found
12-19 22:05:05.202  2343  2558 E NetlinkEvent: NetlinkEvent::FindParam(): Parameter 'INTERFACE' not found
12-19 22:05:05.203  2343  2558 E NetlinkEvent: NetlinkEvent::FindParam(): Parameter 'STATE' not found
12-19 22:05:05.203  2343  2558 E NetlinkEvent: NetlinkEvent::FindParam(): Parameter 'TIME_NS' not found
12-19 22:05:05.203  2343  2558 E NetlinkEvent: NetlinkEvent::FindParam(): Parameter 'UID' not found
12-19 22:05:08.773  2358  2358 W wificond: Skip match ssid for pno scan: netis_DFF2D7, Rozetka, vt537_guest, Redmi, TP-Link_3428, TOTOLINK N300RT, LenAaaa123, KPI-Telecom-SRS-H19, DozoRfree, Happy Cake, DATAGROUP, TOTOLINK_N300RT, ASUS_F4, Orlan, McDonalds Free WiFi, Redmi, DIR-300, TOR-BA-Free, MOSQUITO, Library, Student, Rivne Free, Globus, bojepomogi2G, AndroidAP272A, _Starinfo, Belka, Beijing style, smi)e, vpn.rinet.ua, RTFnet, Ukrtelecom, dlink, BROVARNYA, Kyiv Zoo Free, dacis, AndroidAP, AkademCity Free, radik, Redmi5, Ramen-02 Public, Pixel_4271, neVdoma, , , .Mister Cat Shulyavka | WIFIBAR, atelier, DIR-300NRUB7, TOTOLINK N150RT, GALKA, RivneFree t, Puri-Guest, 56A, TP-LINK, iPhone, DIR615.2, Sim23Free, WiFi-Mir8, 56a, TP-LINK_66F788, Tenda_3C9EC0, Redmi Note 7, Whiskey, GameInn, Pechat-116, Xperia Z1_72a6, TP-LINK_DC68, Bald, TP-LINK_2EC80C, Starman, Father, RTL8186-default, , , Dickson, DESKTOP-BBMH029 4569, HONOR 10i, avtocivilka.org.ua_guest_free, KyMU_WiFi, 14rovno    , 14rovno    ,
12-19 22:05:09.065  2358  2358 I wificond: Pno scan started
12-19 22:05:11.672  3049  3123 I chatty  : uid=1000(system) ActivityManager expire 13 lines
12-19 22:05:12.767  2358  2358 I wificond: Pno scan result ready event
12-19 22:05:26.351  2357  2506 E storaged: getDiskStats failed with result NOT_SUPPORTED and size 0
12-19 22:05:32.934  2358  2358 I wificond: Pno scan stopped
12-19 22:05:32.956  2358  2358 W wificond: Skip match ssid for pno scan: netis_DFF2D7, Rozetka, vt537_guest, Redmi, TP-Link_3428, TOTOLINK N300RT, LenAaaa123, KPI-Telecom-SRS-H19, DozoRfree, Happy Cake, DATAGROUP, TOTOLINK_N300RT, ASUS_F4, Orlan, McDonalds Free WiFi, Redmi, DIR-300, TOR-BA-Free, MOSQUITO, Library, Student, Rivne Free, Globus, bojepomogi2G, AndroidAP272A, _Starinfo, Belka, Beijing style, smi)e, vpn.rinet.ua, RTFnet, Ukrtelecom, dlink, BROVARNYA, Kyiv Zoo Free, dacis, AndroidAP, AkademCity Free, radik, Redmi5, Ramen-02 Public, Pixel_4271, neVdoma, , , .Mister Cat Shulyavka | WIFIBAR, atelier, DIR-300NRUB7, TOTOLINK N150RT, GALKA, RivneFree t, Puri-Guest, 56A, TP-LINK, iPhone, DIR615.2, Sim23Free, WiFi-Mir8, 56a, TP-LINK_66F788, Tenda_3C9EC0, Redmi Note 7, Whiskey, GameInn, Pechat-116, Xperia Z1_72a6, TP-LINK_DC68, Bald, TP-LINK_2EC80C, Starman, Father, RTL8186-default, , , Dickson, DESKTOP-BBMH029 4569, HONOR 10i, avtocivilka.org.ua_guest_free, KyMU_WiFi, 14rovno    , 14rovno    ,
12-19 22:05:33.217  2358  2358 I wificond: Pno scan started
12-19 22:05:36.911  2358  2358 I wificond: Pno scan result ready event
12-19 22:06:16.961  2358  2358 I wificond: Pno scan stopped
12-19 22:06:16.982  2358  2358 W wificond: Skip match ssid for pno scan: netis_DFF2D7, Rozetka, vt537_guest, Redmi, TP-Link_3428, TOTOLINK N300RT, LenAaaa123, KPI-Telecom-SRS-H19, DozoRfree, Happy Cake, DATAGROUP, TOTOLINK_N300RT, ASUS_F4, Orlan, McDonalds Free WiFi, Redmi, DIR-300, TOR-BA-Free, MOSQUITO, Library, Student, Rivne Free, Globus, bojepomogi2G, AndroidAP272A, _Starinfo, Belka, Beijing style, smi)e, vpn.rinet.ua, RTFnet, Ukrtelecom, dlink, BROVARNYA, Kyiv Zoo Free, dacis, AndroidAP, AkademCity Free, radik, Redmi5, Ramen-02 Public, Pixel_4271, neVdoma, , , .Mister Cat Shulyavka | WIFIBAR, atelier, DIR-300NRUB7, TOTOLINK N150RT, GALKA, RivneFree t, Puri-Guest, 56A, TP-LINK, iPhone, DIR615.2, Sim23Free, WiFi-Mir8, 56a, TP-LINK_66F788, Tenda_3C9EC0, Redmi Note 7, Whiskey, GameInn, Pechat-116, Xperia Z1_72a6, TP-LINK_DC68, Bald, TP-LINK_2EC80C, Starman, Father, RTL8186-default, , , Dickson, DESKTOP-BBMH029 4569, HONOR 10i, avtocivilka.org.ua_guest_free, KyMU_WiFi, 14rovno    , 14rovno    ,
12-19 22:06:17.247  2358  2358 I wificond: Pno scan started
12-19 22:06:26.352  2357  2506 E storaged: getDiskStats failed with result NOT_SUPPORTED and size 0
12-19 22:06:31.212  2343  2558 E NetlinkEvent: NetlinkEvent::FindParam(): Parameter 'INTERFACE' not found
12-19 22:06:31.212  2343  2558 E NetlinkEvent: NetlinkEvent::FindParam(): Parameter 'STATE' not found
12-19 22:06:31.212  2343  2558 E NetlinkEvent: NetlinkEvent::FindParam(): Parameter 'TIME_NS' not found
12-19 22:06:31.212  2343  2558 E NetlinkEvent: NetlinkEvent::FindParam(): Parameter 'UID' not found
12-19 22:06:46.451  2343  2558 E NetlinkEvent: NetlinkEvent::FindParam(): Parameter 'INTERFACE' not found
12-19 22:06:46.451  2343  2558 E NetlinkEvent: NetlinkEvent::FindParam(): Parameter 'STATE' not found
12-19 22:06:46.451  2343  2558 E NetlinkEvent: NetlinkEvent::FindParam(): Parameter 'TIME_NS' not found
12-19 22:06:46.451  2343  2558 E NetlinkEvent: NetlinkEvent::FindParam(): Parameter 'UID' not found
12-19 22:06:51.688  2343  2558 E NetlinkEvent: NetlinkEvent::FindParam(): Parameter 'INTERFACE' not found
12-19 22:06:51.688  2343  2558 E NetlinkEvent: NetlinkEvent::FindParam(): Parameter 'STATE' not found
12-19 22:06:51.688  2343  2558 E NetlinkEvent: NetlinkEvent::FindParam(): Parameter 'TIME_NS' not found
12-19 22:06:51.688  2343  2558 E NetlinkEvent: NetlinkEvent::FindParam(): Parameter 'UID' not found
12-19 22:07:02.215  2343  2558 E NetlinkEvent: NetlinkEvent::FindParam(): Parameter 'INTERFACE' not found
12-19 22:07:02.215  2343  2558 E NetlinkEvent: NetlinkEvent::FindParam(): Parameter 'STATE' not found
12-19 22:07:02.215  2343  2558 E NetlinkEvent: NetlinkEvent::FindParam(): Parameter 'TIME_NS' not found
12-19 22:07:02.215  2343  2558 E NetlinkEvent: NetlinkEvent::FindParam(): Parameter 'UID' not found
12-19 22:07:07.419  2343  2558 E NetlinkEvent: NetlinkEvent::FindParam(): Parameter 'INTERFACE' not found
12-19 22:07:07.419  2343  2558 E NetlinkEvent: NetlinkEvent::FindParam(): Parameter 'STATE' not found
12-19 22:07:07.419  2343  2558 E NetlinkEvent: NetlinkEvent::FindParam(): Parameter 'TIME_NS' not found
12-19 22:07:07.419  2343  2558 E NetlinkEvent: NetlinkEvent::FindParam(): Parameter 'UID' not found
12-19 22:07:12.623  2343  2558 E NetlinkEvent: NetlinkEvent::FindParam(): Parameter 'INTERFACE' not found
12-19 22:07:12.623  2343  2558 E NetlinkEvent: NetlinkEvent::FindParam(): Parameter 'STATE' not found
12-19 22:07:12.623  2343  2558 E NetlinkEvent: NetlinkEvent::FindParam(): Parameter 'TIME_NS' not found
12-19 22:07:12.623  2343  2558 E NetlinkEvent: NetlinkEvent::FindParam(): Parameter 'UID' not found
12-19 22:07:26.354  2357  2506 E storaged: getDiskStats failed with result NOT_SUPPORTED and size 0
12-19 22:07:28.739  3049  3049 I chatty  : uid=1000 system_server expire 14 lines
12-19 22:07:29.105  3049  3577 I chatty  : uid=1000(system) InputReader expire 4 lines
12-19 22:07:29.121  3049  3154 I chatty  : uid=1000(system) PowerManagerSer expire 9 lines
12-19 22:07:29.156  3049  3151 I chatty  : uid=1000(system) android.display expire 3 lines
12-19 22:07:29.191  2358  2358 I wificond: Pno scan stopped
12-19 22:07:30.986  2358  2358 W wificond: Skip match ssid for pno scan: netis_DFF2D7, Rozetka, vt537_guest, Redmi, TP-Link_3428, TOTOLINK N300RT, LenAaaa123, KPI-Telecom-SRS-H19, DozoRfree, Happy Cake, DATAGROUP, TOTOLINK_N300RT, ASUS_F4, Orlan, McDonalds Free WiFi, Redmi, DIR-300, TOR-BA-Free, MOSQUITO, Library, Student, Rivne Free, Globus, bojepomogi2G, AndroidAP272A, _Starinfo, Belka, Beijing style, smi)e, vpn.rinet.ua, RTFnet, Ukrtelecom, dlink, BROVARNYA, Kyiv Zoo Free, dacis, AndroidAP, AkademCity Free, radik, Redmi5, Ramen-02 Public, Pixel_4271, neVdoma, , , .Mister Cat Shulyavka | WIFIBAR, atelier, DIR-300NRUB7, TOTOLINK N150RT, GALKA, RivneFree t, Puri-Guest, 56A, TP-LINK, iPhone, DIR615.2, Sim23Free, WiFi-Mir8, 56a, TP-LINK_66F788, Tenda_3C9EC0, Redmi Note 7, Whiskey, GameInn, Pechat-116, Xperia Z1_72a6, TP-LINK_DC68, Bald, TP-LINK_2EC80C, Starman, Father, RTL8186-default, , , Dickson, DESKTOP-BBMH029 4569, HONOR 10i, avtocivilka.org.ua_guest_free, KyMU_WiFi, 14rovno    , 14rovno    ,
12-19 22:07:31.253  2358  2358 I wificond: Pno scan started
12-19 22:07:31.292  2358  2358 W wificond: Scan aborted
12-19 22:07:32.571  3049 15742 I chatty  : uid=1000(system) Binder:3049_20 expire 12 lines
12-19 22:07:32.598  3049  8275 I chatty  : uid=1000(system) Binder:3049_1A expire 3 lines
12-19 22:07:32.751  3049 10421 I chatty  : uid=1000(system) Binder:3049_1C expire 4 lines
12-19 22:07:34.696  2358  2358 I wificond: Pno scan result ready event
12-19 22:07:34.718  2358  2358 W wificond: Scan is not started. Ignore abort request
12-19 22:07:35.174  2358  2358 I wificond: Pno scan stopped
12-19 22:07:35.475  2358  2358 E wificond: NL80211_CMD_TRIGGER_SCAN failed: Device or resource busy
12-19 22:07:35.865  3049  3123 I chatty  : uid=1000(system) ActivityManager expire 10 lines
12-19 22:07:35.998  3049  5823 I chatty  : uid=1000(system) Binder:3049_16 expire 4 lines
12-19 22:07:36.005  3049  4286 I chatty  : uid=1000(system) Binder:3049_A expire 1 line
12-19 22:07:56.709  3049  4285 I chatty  : uid=1000(system) Binder:3049_9 expire 1 line
12-19 22:08:26.355  2357  2506 E storaged: getDiskStats failed with result NOT_SUPPORTED and size 0
12-19 22:08:35.559  3049  3597 I chatty  : uid=1000(system) ConnectivitySer expire 11 lines
12-19 22:08:56.690  3049  3817 I chatty  : uid=1000(system) Binder:3049_5 expire 3 lines
12-19 22:09:01.078  3049  3125 I chatty  : uid=1000(system) ActivityManager expire 10 lines
12-19 22:09:26.357  2357  2506 E storaged: getDiskStats failed with result NOT_SUPPORTED and size 0
12-19 22:10:26.358  2357  2506 E storaged: getDiskStats failed with result NOT_SUPPORTED and size 0
12-19 22:11:26.360  2357  2506 E storaged: getDiskStats failed with result NOT_SUPPORTED and size 0
12-19 22:12:26.362  2357  2506 E storaged: getDiskStats failed with result NOT_SUPPORTED and size 0
12-19 22:13:18.444  3049 14526 I chatty  : uid=1000(system) Binder:3049_1F expire 6 lines
12-19 22:13:26.363  2357  2506 E storaged: getDiskStats failed with result NOT_SUPPORTED and size 0
12-19 22:13:27.964  3049  4262 I chatty  : uid=1000(system) Binder:3049_8 expire 8 lines
12-19 22:14:26.364  2357  2506 E storaged: getDiskStats failed with result NOT_SUPPORTED and size 0
12-19 22:15:26.366  2357  2506 E storaged: getDiskStats failed with result NOT_SUPPORTED and size 0
12-19 22:16:23.028  3678  3678 V KeyguardDisplayManager: hide
12-19 22:16:23.031  3049  3049 I chatty  : uid=1000 system_server expire 11 lines
12-19 22:16:23.046  3049 15742 I chatty  : uid=1000(system) Binder:3049_20 expire 5 lines
12-19 22:16:26.367  2357  2506 E storaged: getDiskStats failed with result NOT_SUPPORTED and size 0
12-19 22:16:57.654  3049  5156 I chatty  : uid=1000(system) Binder:3049_C expire 3 lines
12-19 22:17:26.368  2357  2506 E storaged: getDiskStats failed with result NOT_SUPPORTED and size 0
12-19 22:17:57.884  3049  3597 I chatty  : uid=1000(system) ConnectivitySer expire 6 lines
12-19 22:18:26.369  2357  2506 E storaged: getDiskStats failed with result NOT_SUPPORTED and size 0
12-19 22:18:48.609  3049  3150 I chatty  : uid=1000(system) android.io expire 1 line
12-19 22:18:48.609  3049  3123 I chatty  : uid=1000(system) ActivityManager expire 17 lines
12-19 22:18:49.091  3049  3049 I chatty  : uid=1000 system_server expire 10 lines
12-19 22:18:49.467  3049  3148 I chatty  : uid=1000(system) android.fg expire 3 lines
12-19 22:18:51.083  3049 10924 I chatty  : uid=1000(system) UsbDebuggingMan expire 1 line
12-19 22:19:26.370  2357  2506 E storaged: getDiskStats failed with result NOT_SUPPORTED and size 0
12-19 22:20:26.492  2357  2506 E storaged: getDiskStats failed with result NOT_SUPPORTED and size 0
12-19 22:20:28.250  3049  3576 I chatty  : uid=1000(system) InputDispatcher expire 1 line
12-19 22:20:28.958 27261 23947 W PackageParser: Ignoring duplicate uses-permissions/uses-permissions-sdk-m: android.permission.WRITE_EXTERNAL_STORAGE in package: org.aappdomain.aapp at: Binary XML file line #29
12-19 22:20:31.284 27261 23947 W PackageParser: Ignoring duplicate uses-permissions/uses-permissions-sdk-m: android.permission.WRITE_EXTERNAL_STORAGE in package: org.aappdomain.aapp at: Binary XML file line #29
12-19 22:20:31.376  3049  3167 I chatty  : uid=1000(system) PackageManager expire 3 lines
12-19 22:20:46.915  3049  9277 I chatty  : uid=1000(system) Binder:3049_1B expire 3 lines
12-19 22:20:48.244  3049  3123 I chatty  : uid=1000(system) ActivityManager expire 13 lines
12-19 22:20:56.532  3049  6594 I chatty  : uid=1000(system) Binder:3049_18 expire 2 lines
12-19 22:20:57.482  3049  5441 I chatty  : uid=1000(system) Binder:3049_13 expire 1 line
12-19 22:21:00.169  3049  3610 I chatty  : uid=1000(system) Binder:3049_3 expire 2 lines
12-19 22:21:00.404  3049  3125 I chatty  : uid=1000(system) ActivityManager expire 10 lines
12-19 22:21:00.741  3049  3123 I chatty  : uid=1000(system) ActivityManager expire 19 lines
12-19 22:21:00.763  3049  4262 I chatty  : uid=1000(system) Binder:3049_8 expire 1 line
12-19 22:21:00.803  3049 14526 I chatty  : uid=1000(system) Binder:3049_1F expire 1 line
12-19 22:21:00.803  3049  7022 I chatty  : uid=1000(system) Binder:3049_19 expire 1 line
12-19 22:21:00.804  3049  3597 I chatty  : uid=1000(system) ConnectivitySer expire 8 lines
12-19 22:21:04.827  3049  3167 I chatty  : uid=1000(system) PackageManager expire 3 lines
12-19 22:21:05.725  3049  3122 I chatty  : uid=1000(system) android.bg expire 4 lines
12-19 22:21:06.161  3049  3049 I chatty  : uid=1000 system_server expire 18 lines
12-19 22:21:07.447  3049  5823 I chatty  : uid=1000(system) Binder:3049_16 expire 1 line
12-19 22:21:08.444  3049  9277 I chatty  : uid=1000(system) Binder:3049_1B expire 9 lines
12-19 22:21:16.021 27261 23947 W PackageParser: Ignoring duplicate uses-permissions/uses-permissions-sdk-m: android.permission.WRITE_EXTERNAL_STORAGE in package: org.aappdomain.aapp at: Binary XML file line #29
12-19 22:21:16.882 27261 23947 W PackageParser: Ignoring duplicate uses-permissions/uses-permissions-sdk-m: android.permission.WRITE_EXTERNAL_STORAGE in package: org.aappdomain.aapp at: Binary XML file line #29
12-19 22:21:17.323  3049  4737 I chatty  : uid=1000(system) backup expire 7 lines
12-19 22:21:17.329  3049  5190 I chatty  : uid=1000(system) Binder:3049_10 expire 15 lines
12-19 22:21:18.093  3049 12400 I chatty  : uid=1000(system) Binder:3049_1E expire 13 lines
12-19 22:21:18.105  3049  3123 I chatty  : uid=1000(system) ActivityManager expire 87 lines
12-19 22:21:18.919  3049  5819 I chatty  : uid=1000(system) Binder:3049_15 expire 8 lines
12-19 22:21:19.083  3049  5824 I chatty  : uid=1000(system) Binder:3049_17 expire 9 lines
12-19 22:21:26.498  2357  2506 E storaged: getDiskStats failed with result NOT_SUPPORTED and size 0
12-19 22:21:50.644  3049  3049 I chatty  : uid=1000 system_server expire 10 lines
12-19 22:21:56.076 24542 24573 F libc    : Fatal signal 11 (SIGSEGV), code 1 (SEGV_MAPERR), fault addr 0x38 in tid 24573 (SDLThread), pid 24542 (aappdomain.aapp)
12-19 22:21:56.274 24582 24582 F DEBUG   : *** *** *** *** *** *** *** *** *** *** *** *** *** *** *** ***
12-19 22:21:56.274 24582 24582 F DEBUG   : Build fingerprint: 'xiaomi/tissot/tissot_sprout:9/PKQ1.180917.001/V10.0.24.0.PDHMIXM:user/release-keys'
12-19 22:21:56.274 24582 24582 F DEBUG   : Revision: '0'
12-19 22:21:56.274 24582 24582 F DEBUG   : ABI: 'arm64'
12-19 22:21:56.274 24582 24582 F DEBUG   : pid: 24542, tid: 24573, name: SDLThread  >>> org.aappdomain.aapp <<<
12-19 22:21:56.275 24582 24582 F DEBUG   : signal 11 (SIGSEGV), code 1 (SEGV_MAPERR), fault addr 0x38
12-19 22:21:56.275 24582 24582 F DEBUG   : Cause: null pointer dereference
12-19 22:21:56.275 24582 24582 F DEBUG   :     x0  000000794c984000  x1  0000000000000003  x2  0000000000000000  x3  0000000000000000
12-19 22:21:56.275 24582 24582 F DEBUG   :     x4  0000000000008cd5  x5  000000794b872280  x6  0000000000008cd5  x7  000000794e4411c0
12-19 22:21:56.275 24582 24582 F DEBUG   :     x8  0000000000000040  x9  0000000000000001  x10 0000000000000001  x11 0000000000000000
12-19 22:21:56.275 24582 24582 F DEBUG   :     x12 0000000000000001  x13 000000794b872310  x14 00000000000000ff  x15 0000000000000000
12-19 22:21:56.275 24582 24582 F DEBUG   :     x16 0000000000000000  x17 0000000000000001  x18 0000000000000002  x19 000000794e4411c0
12-19 22:21:56.275 24582 24582 F DEBUG   :     x20 0000000000000000  x21 0000000000008be7  x22 0000000000000001  x23 0000000000000000
12-19 22:21:56.275 24582 24582 F DEBUG   :     x24 000000794b872310  x25 000000000000003c  x26 000000794e441550  x27 0000000000000058
12-19 22:21:56.275 24582 24582 F DEBUG   :     x28 0000000000000000  x29 000000794e9530a0
12-19 22:21:56.275 24582 24582 F DEBUG   :     sp  000000794e953040  lr  000000795f223630  pc  000000795f223bd8
12-19 22:21:56.334 24582 24582 F DEBUG   : 
12-19 22:21:56.334 24582 24582 F DEBUG   : backtrace:
12-19 22:21:56.334 24582 24582 F DEBUG   :     #00 pc 000000000037abd8  /system/vendor/lib64/egl/libGLESv2_adreno.so (EsxContext::DrawParamValidate(unsigned int, int, int, int, int)+1704)
12-19 22:21:56.334 24582 24582 F DEBUG   :     #01 pc 000000000013caa4  /system/vendor/lib64/egl/libGLESv2_adreno.so (EsxGlApiParamValidate::GlDrawElements(EsxDispatch*, unsigned int, int, unsigned int, void const*)+156)
12-19 22:21:56.334 24582 24582 F DEBUG   :     #02 pc 0000000000005080  /data/data/org.aappdomain.aapp/files/app/_python_bundle/site-packages/kivy/graphics/vbo.so (offset 0x5000)
12-19 22:21:58.211  3049 24589 I chatty  : uid=1000 system_server expire 1 line
12-19 22:21:58.260  3049 24590 I chatty  : uid=1000 system_server expire 1 line
12-19 22:21:58.272  3049  5442 I chatty  : uid=1000(system) Binder:3049_14 expire 5 lines
12-19 22:21:58.332  3049  3151 I chatty  : uid=1000(system) android.display expire 2 lines
12-19 22:22:26.499  2357  2506 E storaged: getDiskStats failed with result NOT_SUPPORTED and size 0
12-19 22:22:27.560 24606 24715 E ActivityThread: Failed to find provider info for com.miui.systemAdSolution.adSwitch
12-19 22:22:27.741  3049  3965 I chatty  : uid=1000(system) Binder:3049_7 expire 1 line
12-19 22:22:28.511  3049  4286 I chatty  : uid=1000(system) Binder:3049_A expire 2 lines
12-19 22:22:28.779 24606 24705 E ActivityThread: Failed to find provider info for com.miui.systemAdSolution.adSwitch
12-19 22:22:29.537  3049  6594 I chatty  : uid=1000(system) Binder:3049_18 expire 3 lines
12-19 22:22:30.631  3049 10421 I chatty  : uid=1000(system) Binder:3049_1C expire 1 line
12-19 22:23:26.501  2357  2506 E storaged: getDiskStats failed with result NOT_SUPPORTED and size 0
12-19 22:24:17.032  3049  3576 I chatty  : uid=1000(system) InputDispatcher expire 1 line
12-19 22:24:21.585  3049 15742 I chatty  : uid=1000(system) Binder:3049_20 expire 1 line
12-19 22:24:26.502  2357  2506 E storaged: getDiskStats failed with result NOT_SUPPORTED and size 0
12-19 22:24:32.277  4677  4677 E ActivityThread: Service com.google.android.gms.chimera.GmsApiService has leaked ServiceConnection ampn@bd35668 that was originally bound here
12-19 22:24:32.277  4677  4677 E ActivityThread: android.app.ServiceConnectionLeaked: Service com.google.android.gms.chimera.GmsApiService has leaked ServiceConnection ampn@bd35668 that was originally bound here
12-19 22:24:32.277  4677  4677 E ActivityThread: 	at android.app.LoadedApk$ServiceDispatcher.<init>(LoadedApk.java:1605)
12-19 22:24:32.277  4677  4677 E ActivityThread: 	at android.app.LoadedApk.getServiceDispatcher(LoadedApk.java:1497)
12-19 22:24:32.277  4677  4677 E ActivityThread: 	at android.app.ContextImpl.bindServiceCommon(ContextImpl.java:1659)
12-19 22:24:32.277  4677  4677 E ActivityThread: 	at android.app.ContextImpl.bindService(ContextImpl.java:1612)
12-19 22:24:32.277  4677  4677 E ActivityThread: 	at android.content.ContextWrapper.bindService(ContextWrapper.java:698)
12-19 22:24:32.277  4677  4677 E ActivityThread: 	at android.content.ContextWrapper.bindService(ContextWrapper.java:698)
12-19 22:24:32.277  4677  4677 E ActivityThread: 	at android.content.ContextWrapper.bindService(ContextWrapper.java:698)
12-19 22:24:32.277  4677  4677 E ActivityThread: 	at ampc.bindService(:com.google.android.gms@224814030@22.48.14 (100408-493411920):3)
12-19 22:24:32.277  4677  4677 E ActivityThread: 	at android.content.ContextWrapper.bindService(ContextWrapper.java:698)
12-19 22:24:32.277  4677  4677 E ActivityThread: 	at android.content.ContextWrapper.bindService(ContextWrapper.java:698)
12-19 22:24:32.277  4677  4677 E ActivityThread: 	at android.content.ContextWrapper.bindService(ContextWrapper.java:698)
12-19 22:24:32.277  4677  4677 E ActivityThread: 	at android.content.ContextWrapper.bindService(ContextWrapper.java:698)
12-19 22:24:32.277  4677  4677 E ActivityThread: 	at abqy.j(:com.google.android.gms@224814030@22.48.14 (100408-493411920):1)
12-19 22:24:32.277  4677  4677 E ActivityThread: 	at abqy.g(:com.google.android.gms@224814030@22.48.14 (100408-493411920):10)
12-19 22:24:32.277  4677  4677 E ActivityThread: 	at abqy.f(:com.google.android.gms@224814030@22.48.14 (100408-493411920):0)
12-19 22:24:32.277  4677  4677 E ActivityThread: 	at abqy.e(:com.google.android.gms@224814030@22.48.14 (100408-493411920):0)
12-19 22:24:32.277  4677  4677 E ActivityThread: 	at kra.a(:com.google.android.gms@224814030@22.48.14 (100408-493411920):5)
12-19 22:24:32.277  4677  4677 E ActivityThread: 	at bgh.a(:com.google.android.gms@224814030@22.48.14 (100408-493411920):3)
12-19 22:24:32.277  4677  4677 E ActivityThread: 	at krd.<init>(:com.google.android.gms@224814030@22.48.14 (100408-493411920):1)
12-19 22:24:32.277  4677  4677 E ActivityThread: 	at ksc.call(:com.google.android.gms@224814030@22.48.14 (100408-493411920):0)
12-19 22:24:32.277  4677  4677 E ActivityThread: 	at java.util.concurrent.FutureTask.run(FutureTask.java:266)
12-19 22:24:32.277  4677  4677 E ActivityThread: 	at abva.c(:com.google.android.gms@224814030@22.48.14 (100408-493411920):6)
12-19 22:24:32.277  4677  4677 E ActivityThread: 	at abva.run(:com.google.android.gms@224814030@22.48.14 (100408-493411920):7)
12-19 22:24:32.277  4677  4677 E ActivityThread: 	at java.util.concurrent.ThreadPoolExecutor.runWorker(ThreadPoolExecutor.java:1167)
12-19 22:24:32.277  4677  4677 E ActivityThread: 	at java.util.concurrent.ThreadPoolExecutor$Worker.run(ThreadPoolExecutor.java:641)
12-19 22:24:32.277  4677  4677 E ActivityThread: 	at acae.run(:com.google.android.gms@224814030@22.48.14 (100408-493411920):0)
12-19 22:24:32.277  4677  4677 E ActivityThread: 	at java.lang.Thread.run(Thread.java:764)
12-19 22:24:42.217 25245 25265 F libc    : Fatal signal 11 (SIGSEGV), code 1 (SEGV_MAPERR), fault addr 0x38 in tid 25265 (SDLThread), pid 25245 (aappdomain.aapp)
12-19 22:24:42.440 25288 25288 F DEBUG   : *** *** *** *** *** *** *** *** *** *** *** *** *** *** *** ***
12-19 22:24:42.441 25288 25288 F DEBUG   : Build fingerprint: 'xiaomi/tissot/tissot_sprout:9/PKQ1.180917.001/V10.0.24.0.PDHMIXM:user/release-keys'
12-19 22:24:42.441 25288 25288 F DEBUG   : Revision: '0'
12-19 22:24:42.441 25288 25288 F DEBUG   : ABI: 'arm64'
12-19 22:24:42.441 25288 25288 F DEBUG   : pid: 25245, tid: 25265, name: SDLThread  >>> org.aappdomain.aapp <<<
12-19 22:24:42.441 25288 25288 F DEBUG   : signal 11 (SIGSEGV), code 1 (SEGV_MAPERR), fault addr 0x38
12-19 22:24:42.441 25288 25288 F DEBUG   : Cause: null pointer dereference
12-19 22:24:42.441 25288 25288 F DEBUG   :     x0  000000794bbae600  x1  0000000000000003  x2  0000000000000000  x3  0000000000000000
12-19 22:24:42.441 25288 25288 F DEBUG   :     x4  0000000000008cd5  x5  000000794ba7df00  x6  0000000000008cd5  x7  000000794e45d6c0
12-19 22:24:42.441 25288 25288 F DEBUG   :     x8  0000000000000040  x9  0000000000000001  x10 0000000000000001  x11 0000000000000000
12-19 22:24:42.441 25288 25288 F DEBUG   :     x12 0000000000000001  x13 000000794ba7df90  x14 00000000000000ff  x15 0000000000000000
12-19 22:24:42.441 25288 25288 F DEBUG   :     x16 0000000000000000  x17 0000000000000001  x18 0000000000000002  x19 000000794e45d6c0
12-19 22:24:42.441 25288 25288 F DEBUG   :     x20 0000000000000000  x21 0000000000008be7  x22 0000000000000001  x23 0000000000000000
12-19 22:24:42.441 25288 25288 F DEBUG   :     x24 000000794ba7df90  x25 000000000000003c  x26 000000794e45da50  x27 0000000000000058
12-19 22:24:42.441 25288 25288 F DEBUG   :     x28 0000000000000000  x29 000000794f3fc0a0
12-19 22:24:42.441 25288 25288 F DEBUG   :     sp  000000794f3fc040  lr  000000795f223630  pc  000000795f223bd8
12-19 22:24:42.521 25288 25288 F DEBUG   : 
12-19 22:24:42.521 25288 25288 F DEBUG   : backtrace:
12-19 22:24:42.521 25288 25288 F DEBUG   :     #00 pc 000000000037abd8  /system/vendor/lib64/egl/libGLESv2_adreno.so (EsxContext::DrawParamValidate(unsigned int, int, int, int, int)+1704)
12-19 22:24:42.521 25288 25288 F DEBUG   :     #01 pc 000000000013caa4  /system/vendor/lib64/egl/libGLESv2_adreno.so (EsxGlApiParamValidate::GlDrawElements(EsxDispatch*, unsigned int, int, unsigned int, void const*)+156)
12-19 22:24:42.521 25288 25288 F DEBUG   :     #02 pc 0000000000005080  /data/data/org.aappdomain.aapp/files/app/_python_bundle/site-packages/kivy/graphics/vbo.so (offset 0x5000)
12-19 22:24:43.884  3049 25291 I chatty  : uid=1000 system_server expire 1 line
12-19 22:24:43.925  3049 25292 I chatty  : uid=1000 system_server expire 1 line
12-19 22:24:43.932  3049  3123 I chatty  : uid=1000(system) ActivityManager expire 3 lines
12-19 22:24:43.958  3049  3817 I chatty  : uid=1000(system) Binder:3049_5 expire 1 line
12-19 22:24:50.087  3049  3125 I chatty  : uid=1000(system) ActivityManager expire 1 line
12-19 22:24:50.921  3049  5824 I ActivityManager: Killing 23725:org.wikipedia/u0a177 (adj 906): empty #17
12-19 22:24:52.217  3049  5442 W ActivityManager: Background start not allowed: service Intent { cmp=com.google.android.apps.messaging/.shared.datamodel.action.execution.ActionExecutorImpl$EmptyService } to com.google.android.apps.messaging/.shared.datamodel.action.execution.ActionExecutorImpl$EmptyService from pid=25302 uid=10087 pkg=com.google.android.apps.messaging startFg?=false
12-19 22:24:52.232  3049  3817 W ActivityManager: Background start not allowed: service Intent { cmp=com.google.android.apps.messaging/com.google.apps.tiktok.concurrent.AndroidFuturesService (has extras) } to com.google.android.apps.messaging/com.google.apps.tiktok.concurrent.AndroidFuturesService from pid=25302 uid=10087 pkg=com.google.android.apps.messaging startFg?=false
12-19 22:24:52.232  3049  3817 W ActivityManager: Background start not allowed: service Intent { cmp=com.google.android.apps.messaging/.shared.datamodel.action.execution.ActionExecutorImpl$EmptyService } to com.google.android.apps.messaging/.shared.datamodel.action.execution.ActionExecutorImpl$EmptyService from pid=25302 uid=10087 pkg=com.google.android.apps.messaging startFg?=false
12-19 22:24:52.233  3049  3817 W ActivityManager: Background start not allowed: service Intent { cmp=com.google.android.apps.messaging/.shared.datamodel.action.execution.ActionExecutorImpl$EmptyService } to com.google.android.apps.messaging/.shared.datamodel.action.execution.ActionExecutorImpl$EmptyService from pid=25302 uid=10087 pkg=com.google.android.apps.messaging startFg?=false
12-19 22:24:52.235  3049  5441 W ActivityManager: Background start not allowed: service Intent { cmp=com.google.android.apps.messaging/.shared.datamodel.action.execution.ActionExecutorImpl$EmptyService } to com.google.android.apps.messaging/.shared.datamodel.action.execution.ActionExecutorImpl$EmptyService from pid=25302 uid=10087 pkg=com.google.android.apps.messaging startFg?=false
12-19 22:24:52.236  3049  5441 I chatty  : uid=1000(system) Binder:3049_13 identical 1 line
12-19 22:24:52.237  3049  5441 W ActivityManager: Background start not allowed: service Intent { cmp=com.google.android.apps.messaging/.shared.datamodel.action.execution.ActionExecutorImpl$EmptyService } to com.google.android.apps.messaging/.shared.datamodel.action.execution.ActionExecutorImpl$EmptyService from pid=25302 uid=10087 pkg=com.google.android.apps.messaging startFg?=false
12-19 22:25:12.754  3049  3049 V MediaRouterService: restoreBluetoothA2dp(true)
12-19 22:25:14.514  3049  3125 I ActivityManager: Start proc 25407:com.google.android.gms.unstable/u0a33 for service com.google.android.gms/.droidguard.DroidGuardService
12-19 22:25:15.415  3049  5179 I ActivityManager: Process com.google.android.packageinstaller (pid 23972) has died: cch+4CEM 
12-19 22:25:15.420  3049  3151 W ActivityManager: setHasOverlayUi called on unknown pid: 23972
12-19 22:25:17.731  3049  3049 V MediaRouterService: restoreBluetoothA2dp(true)
12-19 22:25:26.504  2357  2506 E storaged: getDiskStats failed with result NOT_SUPPORTED and size 0
12-19 22:25:36.979  3049  5156 D ConnectivityService: requestNetwork for uid/pid:10117/14811 NetworkRequest [ TRACK_DEFAULT id=908, [ Capabilities: INTERNET&NOT_RESTRICTED&TRUSTED Unwanted:  Uid: 10117] ]
12-19 22:25:37.072  3049  3597 D ConnectivityService: releasing NetworkRequest [ TRACK_DEFAULT id=908, [ Capabilities: INTERNET&NOT_RESTRICTED&TRUSTED Unwanted:  Uid: 10117] ] (release request)
12-19 22:25:52.420  3049  3049 V MediaRouterService: restoreBluetoothA2dp(true)
12-19 22:26:12.566  3049  6594 D ConnectivityService: requestNetwork for uid/pid:10117/14811 NetworkRequest [ TRACK_DEFAULT id=909, [ Capabilities: INTERNET&NOT_RESTRICTED&TRUSTED Unwanted:  Uid: 10117] ]
12-19 22:26:12.689  3049  3597 D ConnectivityService: releasing NetworkRequest [ TRACK_DEFAULT id=909, [ Capabilities: INTERNET&NOT_RESTRICTED&TRUSTED Unwanted:  Uid: 10117] ] (release request)
12-19 22:26:17.216  3049 15742 D ConnectivityService: ConnectivityService NetworkRequestInfo binderDied(NetworkRequest [ TRACK_DEFAULT id=900, [ Capabilities: INTERNET&NOT_RESTRICTED&TRUSTED Unwanted:  Uid: 10147] ], android.os.BinderProxy@8c39ff2)
12-19 22:26:17.216  3049  5191 D ConnectivityService: ConnectivityService NetworkRequestInfo binderDied(NetworkRequest [ LISTEN id=901, [ Capabilities: INTERNET&NOT_RESTRICTED&TRUSTED&FOREGROUND Unwanted:  Uid: 10147] ], android.os.BinderProxy@d330643)
12-19 22:26:17.217  3049  5179 D ConnectivityService: ConnectivityService NetworkRequestInfo binderDied(NetworkRequest [ TRACK_DEFAULT id=902, [ Capabilities: INTERNET&NOT_RESTRICTED&TRUSTED Unwanted:  Uid: 10147] ], android.os.BinderProxy@57444c0)
12-19 22:26:17.217  3049  8275 D ConnectivityService: ConnectivityService NetworkRequestInfo binderDied(NetworkRequest [ TRACK_DEFAULT id=903, [ Capabilities: INTERNET&NOT_RESTRICTED&TRUSTED Unwanted:  Uid: 10147] ], android.os.BinderProxy@bf3f5f9)
12-19 22:26:17.217  3049  5819 D ConnectivityService: ConnectivityService NetworkRequestInfo binderDied(NetworkRequest [ LISTEN id=897, [ Transports: CELLULAR|WIFI Capabilities: NOT_RESTRICTED&TRUSTED&NOT_VPN&FOREGROUND Unwanted:  Uid: 10147] ], android.os.BinderProxy@675c39f)
12-19 22:26:17.217  3049  4286 D ConnectivityService: ConnectivityService NetworkRequestInfo binderDied(NetworkRequest [ LISTEN id=898, [ Transports: CELLULAR|WIFI Capabilities: NOT_RESTRICTED&TRUSTED&NOT_VPN&FOREGROUND Unwanted:  Uid: 10147] ], android.os.BinderProxy@db8ecec)
12-19 22:26:17.217  3049 15742 D ConnectivityService: ConnectivityService NetworkRequestInfo binderDied(NetworkRequest [ TRACK_DEFAULT id=899, [ Capabilities: INTERNET&NOT_RESTRICTED&TRUSTED Unwanted:  Uid: 10147] ], android.os.BinderProxy@a74f8b5)
12-19 22:26:17.218  3049  5156 I WindowManager: WIN DEATH: Window{e4cb61b u0 com.mi.android.globalFileexplorer/com.android.fileexplorer.FileExplorerTabActivity}
12-19 22:26:17.218  3049 12400 I ActivityManager: Process com.mi.android.globalFileexplorer (pid 24606) has died: prev LAST
12-19 22:26:17.218  3049  3597 D ConnectivityService: releasing NetworkRequest [ TRACK_DEFAULT id=903, [ Capabilities: INTERNET&NOT_RESTRICTED&TRUSTED Unwanted:  Uid: 10147] ] (release request)
12-19 22:26:17.219  3049  3597 D ConnectivityService: releasing NetworkRequest [ TRACK_DEFAULT id=900, [ Capabilities: INTERNET&NOT_RESTRICTED&TRUSTED Unwanted:  Uid: 10147] ] (release request)
12-19 22:26:17.220  3049  3597 D ConnectivityService: releasing NetworkRequest [ TRACK_DEFAULT id=899, [ Capabilities: INTERNET&NOT_RESTRICTED&TRUSTED Unwanted:  Uid: 10147] ] (release request)
12-19 22:26:17.221  3049  3597 D ConnectivityService: releasing NetworkRequest [ TRACK_DEFAULT id=902, [ Capabilities: INTERNET&NOT_RESTRICTED&TRUSTED Unwanted:  Uid: 10147] ] (release request)
12-19 22:26:17.229  3049 12400 I ActivityManager: Killing 24745:com.android.chrome:sandboxed_process0/u0a147i40 (adj 0): isolated not needed
12-19 22:26:17.242  3049  5441 I ActivityManager: Killing 19139:com.google.android.apps.turbo/u0a14 (adj 906): empty #17
12-19 22:26:17.243  3049  3151 W ActivityManager: setHasOverlayUi called on unknown pid: 24606
12-19 22:26:17.290  3049  3130 D KernelUidCpuTimeReader: Removing uids 10361-10361
12-19 22:26:17.291  3049  3130 D KernelUidCpuTimeReader: Removing uids 10362-10362
12-19 22:26:26.505  2357  2506 E storaged: getDiskStats failed with result NOT_SUPPORTED and size 0
12-19 22:26:47.646  3049  5191 D ConnectivityService: requestNetwork for uid/pid:10087/25302 NetworkRequest [ TRACK_DEFAULT id=910, [ Capabilities: INTERNET&NOT_RESTRICTED&TRUSTED Unwanted:  Uid: 10087] ]
12-19 22:26:47.724  3049  3597 D ConnectivityService: releasing NetworkRequest [ TRACK_DEFAULT id=910, [ Capabilities: INTERNET&NOT_RESTRICTED&TRUSTED Unwanted:  Uid: 10087] ] (release request)
12-19 22:26:50.052  3049  6594 D ConnectivityService: requestNetwork for uid/pid:10117/14811 NetworkRequest [ TRACK_DEFAULT id=911, [ Capabilities: INTERNET&NOT_RESTRICTED&TRUSTED Unwanted:  Uid: 10117] ]
12-19 22:26:50.086  3049  3125 I ActivityManager: Start proc 25489:me.gira.widget.countdown/u0a350 for broadcast me.gira.widget.countdown/.providers.WidgetProvider
12-19 22:26:50.134  3049  3597 D ConnectivityService: releasing NetworkRequest [ TRACK_DEFAULT id=911, [ Capabilities: INTERNET&NOT_RESTRICTED&TRUSTED Unwanted:  Uid: 10117] ] (release request)
12-19 22:26:50.770  3049  6594 I ActivityManager: Killing 24125:com.android.keychain/1000 (adj 906): empty #17
12-19 22:26:57.706  3049  9277 D ConnectivityService: requestNetwork for uid/pid:10087/25302 NetworkRequest [ TRACK_DEFAULT id=912, [ Capabilities: INTERNET&NOT_RESTRICTED&TRUSTED Unwanted:  Uid: 10087] ]
12-19 22:26:58.248  3049  3610 D ConnectivityService: requestNetwork for uid/pid:10087/25302 NetworkRequest [ TRACK_DEFAULT id=913, [ Capabilities: INTERNET&NOT_RESTRICTED&TRUSTED Unwanted:  Uid: 10087] ]
12-19 22:26:59.594  3049  3597 D ConnectivityService: releasing NetworkRequest [ TRACK_DEFAULT id=912, [ Capabilities: INTERNET&NOT_RESTRICTED&TRUSTED Unwanted:  Uid: 10087] ] (release request)
12-19 22:27:05.937  3049  5441 W ActivityManager: Background start not allowed: service Intent { cmp=com.google.android.apps.messaging/.shared.datamodel.action.execution.ActionExecutorImpl$EmptyService (has extras) } to com.google.android.apps.messaging/.shared.datamodel.action.execution.ActionExecutorImpl$EmptyService from pid=25302 uid=10087 pkg=com.google.android.apps.messaging startFg?=false
12-19 22:27:05.941  3049  5441 W ActivityManager: Background start not allowed: service Intent { cmp=com.google.android.apps.messaging/.shared.datamodel.action.execution.ActionExecutorImpl$EmptyService (has extras) } to com.google.android.apps.messaging/.shared.datamodel.action.execution.ActionExecutorImpl$EmptyService from pid=25302 uid=10087 pkg=com.google.android.apps.messaging startFg?=false
12-19 22:27:06.357  3049  3125 I ActivityManager: Start proc 25553:android.process.acore/u0a12 for content provider com.android.providers.contacts/.ContactsProvider2
12-19 22:27:09.109  3049  5441 W ActivityManager: Background start not allowed: service Intent { cmp=com.google.android.apps.messaging/.shared.datamodel.action.execution.ActionExecutorImpl$EmptyService (has extras) } to com.google.android.apps.messaging/.shared.datamodel.action.execution.ActionExecutorImpl$EmptyService from pid=25302 uid=10087 pkg=com.google.android.apps.messaging startFg?=false
12-19 22:27:21.098  3049  9277 I ActivityManager: Killing 23442:com.google.process.gapps/u0a33 (adj 906): empty #17
12-19 22:27:21.934  3049  3123 W ActivityManager: Stopping service due to app idle: u0a117 -1h52m36s209ms com.google.android.apps.youtube.music/com.google.android.libraries.youtube.player.background.service.BackgroundPlayerService
12-19 22:27:26.216  3049  9277 I ActivityManager: Killing 22563:com.android.chrome/u0a102 (adj 906): empty #17
12-19 22:27:26.251  3049  3938 D ConnectivityService: ConnectivityService NetworkRequestInfo binderDied(NetworkRequest [ TRACK_DEFAULT id=863, [ Capabilities: INTERNET&NOT_RESTRICTED&TRUSTED Unwanted:  Uid: 10102] ], android.os.BinderProxy@8edaf8)
12-19 22:27:26.251  3049  8275 D ConnectivityService: ConnectivityService NetworkRequestInfo binderDied(NetworkRequest [ LISTEN id=864, [ Capabilities: INTERNET&NOT_RESTRICTED&TRUSTED Unwanted:  Uid: 10102] ], android.os.BinderProxy@75afbd1)
12-19 22:27:26.251  3049  3610 D ConnectivityService: ConnectivityService NetworkRequestInfo binderDied(NetworkRequest [ TRACK_DEFAULT id=865, [ Capabilities: INTERNET&NOT_RESTRICTED&TRUSTED Unwanted:  Uid: 10102] ], android.os.BinderProxy@f1d1636)
12-19 22:27:26.251  3049  5376 D ConnectivityService: ConnectivityService NetworkRequestInfo binderDied(NetworkRequest [ LISTEN id=866, [ Capabilities: INTERNET&NOT_RESTRICTED&TRUSTED Unwanted:  Uid: 10102] ], android.os.BinderProxy@feb1937)
12-19 22:27:26.252  3049  3597 D ConnectivityService: releasing NetworkRequest [ TRACK_DEFAULT id=865, [ Capabilities: INTERNET&NOT_RESTRICTED&TRUSTED Unwanted:  Uid: 10102] ] (release request)
12-19 22:27:26.252  3049  3597 D ConnectivityService: releasing NetworkRequest [ TRACK_DEFAULT id=863, [ Capabilities: INTERNET&NOT_RESTRICTED&TRUSTED Unwanted:  Uid: 10102] ] (release request)
12-19 22:27:26.507  2357  2506 E storaged: getDiskStats failed with result NOT_SUPPORTED and size 0
12-19 22:27:27.899  3049  3125 I ActivityManager: Start proc 25585:com.google.android.apps.turbo/u0a14 for broadcast com.google.android.apps.turbo/.nudges.broadcasts.BatteryStatusChangedReceiver
12-19 22:27:28.160  3049  9277 I ActivityManager: Killing 24024:com.android.documentsui/u0a28 (adj 906): empty #17
12-19 22:27:31.461  3049  3130 D KernelUidCpuTimeReader: Removing uids 99033-99033
12-19 22:27:41.680  3049  3938 D ConnectivityService: Returning BLOCKED NetworkInfo to uid=10233
12-19 22:28:19.755  3049  3049 V MediaRouterService: restoreBluetoothA2dp(true)
12-19 22:28:21.731  3049  3049 V MediaRouterService: restoreBluetoothA2dp(true)
12-19 22:28:24.386  3049  3049 V SettingsProvider: Notifying for 0: content://settings/system/volume_music_bt_a2dp
12-19 22:28:25.928  3049  3049 V SettingsProvider: Notifying for 0: content://settings/system/volume_music_bt_a2dp
12-19 22:28:26.508  2357  2506 E storaged: getDiskStats failed with result NOT_SUPPORTED and size 0
12-19 22:28:52.900  3049  3125 I ActivityManager: Start proc 25657:com.google.android.gm/u0a67 for service com.google.android.gm/com.google.android.libraries.notifications.entrypoints.scheduled.ScheduledTaskService
12-19 22:28:53.059  3049  4262 W DropBoxManagerService: Dropping: event_log (282 > 0 bytes)
12-19 22:28:53.061  3049  3123 W BroadcastQueue: Background execution not allowed: receiving Intent { act=android.intent.action.DROPBOX_ENTRY_ADDED flg=0x10 (has extras) } to com.google.android.gms/.stats.service.DropBoxEntryAddedReceiver
12-19 22:28:53.061  3049  3123 W BroadcastQueue: Background execution not allowed: receiving Intent { act=android.intent.action.DROPBOX_ENTRY_ADDED flg=0x10 (has extras) } to com.google.android.gms/.chimera.GmsIntentOperationService$PersistentTrustedReceiver
12-19 22:28:53.067  3049  4262 W DropBoxManagerService: Dropping: event_data (39 > 0 bytes)
12-19 22:28:53.072  3049  3123 W BroadcastQueue: Background execution not allowed: receiving Intent { act=android.intent.action.DROPBOX_ENTRY_ADDED flg=0x10 (has extras) } to com.google.android.gms/.stats.service.DropBoxEntryAddedReceiver
12-19 22:28:53.072  3049  3123 W BroadcastQueue: Background execution not allowed: receiving Intent { act=android.intent.action.DROPBOX_ENTRY_ADDED flg=0x10 (has extras) } to com.google.android.gms/.chimera.GmsIntentOperationService$PersistentTrustedReceiver
12-19 22:28:53.100  3049  5824 W DropBoxManagerService: Dropping: dumpsys:account (214 > 0 bytes)
12-19 22:28:53.102  3049  3123 W BroadcastQueue: Background execution not allowed: receiving Intent { act=android.intent.action.DROPBOX_ENTRY_ADDED flg=0x10 (has extras) } to com.google.android.gms/.stats.service.DropBoxEntryAddedReceiver
12-19 22:28:53.102  3049  3123 W BroadcastQueue: Background execution not allowed: receiving Intent { act=android.intent.action.DROPBOX_ENTRY_ADDED flg=0x10 (has extras) } to com.google.android.gms/.chimera.GmsIntentOperationService$PersistentTrustedReceiver
12-19 22:28:53.503 25657 25657 D ActivityThread: Loading provider com.google.android.gm.sapi: com.google.android.gm.sapi.SapiUiProvider
12-19 22:29:19.281  3049  4262 D ConnectivityService: requestNetwork for uid/pid:10117/14811 NetworkRequest [ TRACK_DEFAULT id=915, [ Capabilities: INTERNET&NOT_RESTRICTED&TRUSTED Unwanted:  Uid: 10117] ]
12-19 22:29:19.411  3049  3597 D ConnectivityService: releasing NetworkRequest [ TRACK_DEFAULT id=915, [ Capabilities: INTERNET&NOT_RESTRICTED&TRUSTED Unwanted:  Uid: 10117] ] (release request)
12-19 22:29:19.468  3049  3074 D ConnectivityService: requestNetwork for uid/pid:10117/14811 NetworkRequest [ TRACK_DEFAULT id=916, [ Capabilities: INTERNET&NOT_RESTRICTED&TRUSTED Unwanted:  Uid: 10117] ]
12-19 22:29:19.538  3049  3597 D ConnectivityService: releasing NetworkRequest [ TRACK_DEFAULT id=916, [ Capabilities: INTERNET&NOT_RESTRICTED&TRUSTED Unwanted:  Uid: 10117] ] (release request)
12-19 22:29:26.510  2357  2506 E storaged: getDiskStats failed with result NOT_SUPPORTED and size 0
12-19 22:29:26.979  3049  3597 I Nat464Xlat: Android Xlat is disabled
12-19 22:29:26.979  3049  3597 I Nat464Xlat: Android Xlat is disabled
12-19 22:29:27.154  2343  2558 E NetlinkEvent: NetlinkEvent::FindParam(): Parameter 'INTERFACE' not found
12-19 22:29:27.154  2343  2558 E NetlinkEvent: NetlinkEvent::FindParam(): Parameter 'STATE' not found
12-19 22:29:27.154  2343  2558 E NetlinkEvent: NetlinkEvent::FindParam(): Parameter 'TIME_NS' not found
12-19 22:29:27.154  2343  2558 E NetlinkEvent: NetlinkEvent::FindParam(): Parameter 'UID' not found
12-19 22:29:37.464  3049  3130 W KernelWakelockReader: Reading wakelock stats took 156ms
12-19 22:29:42.335  2343  2558 E NetlinkEvent: NetlinkEvent::FindParam(): Parameter 'INTERFACE' not found
12-19 22:29:42.335  2343  2558 E NetlinkEvent: NetlinkEvent::FindParam(): Parameter 'STATE' not found
12-19 22:29:42.335  2343  2558 E NetlinkEvent: NetlinkEvent::FindParam(): Parameter 'TIME_NS' not found
12-19 22:29:42.335  2343  2558 E NetlinkEvent: NetlinkEvent::FindParam(): Parameter 'UID' not found
12-19 22:29:47.527  2343  2558 E NetlinkEvent: NetlinkEvent::FindParam(): Parameter 'INTERFACE' not found
12-19 22:29:47.527  2343  2558 E NetlinkEvent: NetlinkEvent::FindParam(): Parameter 'STATE' not found
12-19 22:29:47.528  2343  2558 E NetlinkEvent: NetlinkEvent::FindParam(): Parameter 'TIME_NS' not found
12-19 22:29:47.528  2343  2558 E NetlinkEvent: NetlinkEvent::FindParam(): Parameter 'UID' not found
12-19 22:29:52.712  2343  2558 E NetlinkEvent: NetlinkEvent::FindParam(): Parameter 'INTERFACE' not found
12-19 22:29:52.712  2343  2558 E NetlinkEvent: NetlinkEvent::FindParam(): Parameter 'STATE' not found
12-19 22:29:52.712  2343  2558 E NetlinkEvent: NetlinkEvent::FindParam(): Parameter 'TIME_NS' not found
12-19 22:29:52.712  2343  2558 E NetlinkEvent: NetlinkEvent::FindParam(): Parameter 'UID' not found
12-19 22:29:57.894  2343  2558 E NetlinkEvent: NetlinkEvent::FindParam(): Parameter 'INTERFACE' not found
12-19 22:29:57.894  2343  2558 E NetlinkEvent: NetlinkEvent::FindParam(): Parameter 'STATE' not found
12-19 22:29:57.894  2343  2558 E NetlinkEvent: NetlinkEvent::FindParam(): Parameter 'TIME_NS' not found
12-19 22:29:57.894  2343  2558 E NetlinkEvent: NetlinkEvent::FindParam(): Parameter 'UID' not found
12-19 22:30:03.077  2343  2558 E NetlinkEvent: NetlinkEvent::FindParam(): Parameter 'INTERFACE' not found
12-19 22:30:03.077  2343  2558 E NetlinkEvent: NetlinkEvent::FindParam(): Parameter 'STATE' not found
12-19 22:30:03.077  2343  2558 E NetlinkEvent: NetlinkEvent::FindParam(): Parameter 'TIME_NS' not found
12-19 22:30:03.077  2343  2558 E NetlinkEvent: NetlinkEvent::FindParam(): Parameter 'UID' not found
12-19 22:30:05.886  3049  3125 I ActivityManager: Start proc 25829:com.tinder/u0a125 for broadcast com.tinder/com.google.firebase.iid.FirebaseInstanceIdReceiver
12-19 22:30:07.198  3049  3074 D ConnectivityService: requestNetwork for uid/pid:10125/25829 NetworkRequest [ TRACK_DEFAULT id=917, [ Capabilities: INTERNET&NOT_RESTRICTED&TRUSTED Unwanted:  Uid: 10125] ]
12-19 22:30:07.538  3049  5190 D ConnectivityService: requestNetwork for uid/pid:10125/25829 NetworkRequest [ TRACK_DEFAULT id=918, [ Capabilities: INTERNET&NOT_RESTRICTED&TRUSTED Unwanted:  Uid: 10125] ]
