12-19 17:20:35.303  3049  3124 I chatty  : uid=1000(system) android.ui expire 2 lines
12-19 17:21:02.261  2357  2506 E storaged: getDiskStats failed with result NOT_SUPPORTED and size 0
12-19 17:21:06.521  3049  5179 I chatty  : uid=1000(system) Binder:3049_F expire 2 lines
12-19 17:21:06.537  3049  3123 I chatty  : uid=1000(system) ActivityManager expire 16 lines
12-19 17:21:06.683  3049  5442 I chatty  : uid=1000(system) Binder:3049_14 expire 1 line
12-19 17:21:25.202  3049  5178 I chatty  : uid=1000(system) Binder:3049_E expire 6 lines
12-19 17:21:27.099  3049  3817 I chatty  : uid=1000(system) Binder:3049_5 expire 4 lines
12-19 17:22:02.262  2357  2506 E storaged: getDiskStats failed with result NOT_SUPPORTED and size 0
12-19 17:22:38.579  3049  3123 I chatty  : uid=1000(system) ActivityManager expire 16 lines
12-19 17:23:02.263  2357  2506 E storaged: getDiskStats failed with result NOT_SUPPORTED and size 0
12-19 17:23:55.121  3049  3130 I chatty  : uid=1000(system) batterystats-wo expire 2 lines
12-19 17:24:02.264  2357  2506 E storaged: getDiskStats failed with result NOT_SUPPORTED and size 0
12-19 17:25:02.265  2357  2506 E storaged: getDiskStats failed with result NOT_SUPPORTED and size 0
12-19 17:25:32.178  3049  3150 I chatty  : uid=1000(system) android.io expire 1 line
12-19 17:25:32.179  3049  3123 I chatty  : uid=1000(system) ActivityManager expire 16 lines
12-19 17:25:32.418  3049  3122 I chatty  : uid=1000(system) android.bg expire 1 line
12-19 17:25:32.450  3049  3049 I chatty  : uid=1000 system_server expire 9 lines
12-19 17:25:32.515  3049  3125 I chatty  : uid=1000(system) ActivityManager expire 10 lines
12-19 17:25:33.038  3049  3148 I chatty  : uid=1000(system) android.fg expire 2 lines
12-19 17:25:34.811  3049 10924 I chatty  : uid=1000(system) UsbDebuggingMan expire 1 line
12-19 17:25:35.015  3049  3073 I chatty  : uid=1000(system) Binder:3049_1 expire 2 lines
12-19 17:25:35.871  3049  3965 I chatty  : uid=1000(system) Binder:3049_7 expire 3 lines
12-19 17:25:35.927  3049  5823 I chatty  : uid=1000(system) Binder:3049_16 expire 5 lines
12-19 17:25:36.625 22381 22381 D ActivityThread: Loading provider com.google.android.gm.sapi: com.google.android.gm.sapi.SapiUiProvider
12-19 17:26:02.271  2357  2506 E storaged: getDiskStats failed with result NOT_SUPPORTED and size 0
12-19 17:26:26.180  3049  3123 I chatty  : uid=1000(system) ActivityManager expire 1 line
12-19 17:27:02.273  2357  2506 E storaged: getDiskStats failed with result NOT_SUPPORTED and size 0
12-19 17:27:05.230  3049  3597 I chatty  : uid=1000(system) ConnectivitySer expire 1 line
12-19 17:27:14.988  3049  3125 I chatty  : uid=1000(system) ActivityManager expire 1 line
12-19 17:27:43.318  3049  3938 I chatty  : uid=1000(system) Binder:3049_6 expire 12 lines
12-19 17:27:47.228  3049  3122 I chatty  : uid=1000(system) android.bg expire 2 lines
12-19 17:28:02.274  2357  2506 E storaged: getDiskStats failed with result NOT_SUPPORTED and size 0
12-19 17:29:02.276  2357  2506 E storaged: getDiskStats failed with result NOT_SUPPORTED and size 0
12-19 17:29:07.822  3049  3049 I chatty  : uid=1000 system_server expire 12 lines
12-19 17:30:02.277  2357  2506 E storaged: getDiskStats failed with result NOT_SUPPORTED and size 0
12-19 17:30:03.586  3049  3125 I chatty  : uid=1000(system) ActivityManager expire 12 lines
12-19 17:30:40.597  3049  3685 I chatty  : uid=1000(system) Binder:3049_4 expire 8 lines
12-19 17:30:40.840  3049  4285 I chatty  : uid=1000(system) Binder:3049_9 expire 5 lines
12-19 17:30:41.356  3049  3597 I chatty  : uid=1000(system) ConnectivitySer expire 15 lines
12-19 17:31:02.278  2357  2506 E storaged: getDiskStats failed with result NOT_SUPPORTED and size 0
12-19 17:31:41.326  3049  3576 I chatty  : uid=1000(system) InputDispatcher expire 1 line
12-19 17:31:41.980  3049  5823 I chatty  : uid=1000(system) Binder:3049_16 expire 11 lines
12-19 17:31:41.984  3049  3123 I chatty  : uid=1000(system) ActivityManager expire 16 lines
12-19 17:31:51.059  3049  7022 I chatty  : uid=1000(system) Binder:3049_19 expire 10 lines
12-19 17:32:02.279  2357  2506 E storaged: getDiskStats failed with result NOT_SUPPORTED and size 0
12-19 17:32:05.591  3049  3123 I chatty  : uid=1000(system) ActivityManager expire 16 lines
12-19 17:32:05.784  3049  3124 I chatty  : uid=1000(system) android.ui expire 2 lines
12-19 17:32:05.984  3049  3130 I chatty  : uid=1000(system) batterystats-wo expire 3 lines
12-19 17:32:06.633  3049  3148 I chatty  : uid=1000(system) android.fg expire 3 lines
12-19 17:33:02.281  2357  2506 E storaged: getDiskStats failed with result NOT_SUPPORTED and size 0
12-19 17:34:02.283  2357  2506 E storaged: getDiskStats failed with result NOT_SUPPORTED and size 0
12-19 17:34:39.749  3049  3073 I chatty  : uid=1000(system) Binder:3049_1 expire 3 lines
12-19 17:35:02.285  2357  2506 E storaged: getDiskStats failed with result NOT_SUPPORTED and size 0
12-19 17:35:04.627  3049  3577 I chatty  : uid=1000(system) InputReader expire 4 lines
12-19 17:35:04.643  3049  3154 I chatty  : uid=1000(system) PowerManagerSer expire 6 lines
12-19 17:35:04.653  3049  3150 I chatty  : uid=1000(system) android.io expire 1 line
12-19 17:35:04.849  3049  5819 I chatty  : uid=1000(system) Binder:3049_15 expire 7 lines
12-19 17:35:04.911  3678  3678 V KeyguardStatusView: refresh statusview showing:true
12-19 17:35:04.925  3678  3678 V KeyguardDisplayManager: show
12-19 17:35:05.327  3049  3049 I chatty  : uid=1000 system_server expire 10 lines
12-19 17:35:06.506  3049 10924 I chatty  : uid=1000(system) UsbDebuggingMan expire 1 line
12-19 17:35:07.387  3049  3151 I chatty  : uid=1000(system) android.display expire 4 lines
12-19 17:36:02.286  2357  2506 E storaged: getDiskStats failed with result NOT_SUPPORTED and size 0
12-19 17:36:25.521  3049  3123 I chatty  : uid=1000(system) ActivityManager expire 11 lines
12-19 17:36:25.604  3049  4262 I chatty  : uid=1000(system) Binder:3049_8 expire 6 lines
12-19 17:36:25.747  3049 10421 I chatty  : uid=1000(system) Binder:3049_1C expire 4 lines
12-19 17:37:02.290  2357  2506 E storaged: getDiskStats failed with result NOT_SUPPORTED and size 0
12-19 17:38:02.291  2357  2506 E storaged: getDiskStats failed with result NOT_SUPPORTED and size 0
12-19 17:39:02.294  2357  2506 E storaged: getDiskStats failed with result NOT_SUPPORTED and size 0
12-19 17:39:49.365  3049  6594 I chatty  : uid=1000(system) Binder:3049_18 expire 2 lines
12-19 17:39:50.088  3049  5376 I chatty  : uid=1000(system) Binder:3049_12 expire 2 lines
12-19 17:39:50.090  3049  5442 I chatty  : uid=1000(system) Binder:3049_14 expire 1 line
12-19 17:40:02.295  2357  2506 E storaged: getDiskStats failed with result NOT_SUPPORTED and size 0
12-19 17:41:02.298  2357  2506 E storaged: getDiskStats failed with result NOT_SUPPORTED and size 0
12-19 17:41:23.055  3049  5190 I chatty  : uid=1000(system) Binder:3049_10 expire 3 lines
12-19 17:41:23.234  3049 14526 I chatty  : uid=1000(system) Binder:3049_1F expire 3 lines
12-19 17:41:23.238  3049 15742 I chatty  : uid=1000(system) Binder:3049_20 expire 1 line
12-19 17:41:23.238  3049  5441 I chatty  : uid=1000(system) Binder:3049_13 expire 3 lines
12-19 17:41:23.239  3049  9277 I chatty  : uid=1000(system) Binder:3049_1B expire 1 line
12-19 17:41:24.969  3049  3817 I chatty  : uid=1000(system) Binder:3049_5 expire 6 lines
12-19 17:41:25.095  3049  3965 I chatty  : uid=1000(system) Binder:3049_7 expire 1 line
12-19 17:42:02.302  2357  2506 E storaged: getDiskStats failed with result NOT_SUPPORTED and size 0
12-19 17:42:24.009  3049 10566 I chatty  : uid=1000(system) Binder:3049_1D expire 3 lines
12-19 17:42:26.694  3049  3597 I chatty  : uid=1000(system) ConnectivitySer expire 11 lines
12-19 17:43:02.304  2357  2506 E storaged: getDiskStats failed with result NOT_SUPPORTED and size 0
12-19 17:44:02.306  2357  2506 E storaged: getDiskStats failed with result NOT_SUPPORTED and size 0
12-19 17:45:02.308  2357  2506 E storaged: getDiskStats failed with result NOT_SUPPORTED and size 0
12-19 17:45:44.445  3049  3049 I chatty  : uid=1000 system_server expire 10 lines
12-19 17:46:02.310  2357  2506 E storaged: getDiskStats failed with result NOT_SUPPORTED and size 0
12-19 17:46:05.702  3049  3125 I chatty  : uid=1000(system) ActivityManager expire 17 lines
12-19 17:47:02.504  2357  2506 E storaged: getDiskStats failed with result NOT_SUPPORTED and size 0
12-19 17:47:53.652  3049  5191 I chatty  : uid=1000(system) Binder:3049_11 expire 1 line
12-19 17:47:54.664  3049  4286 I chatty  : uid=1000(system) Binder:3049_A expire 2 lines
12-19 17:47:58.313  3049  5179 I chatty  : uid=1000(system) Binder:3049_F expire 2 lines
12-19 17:47:58.626  3049  8275 I chatty  : uid=1000(system) Binder:3049_1A expire 2 lines
12-19 17:47:58.808  3049  5824 I chatty  : uid=1000(system) Binder:3049_17 expire 3 lines
12-19 17:47:59.011  3049  3125 I chatty  : uid=1000(system) ActivityManager expire 12 lines
12-19 17:47:59.059  3049  3938 I chatty  : uid=1000(system) Binder:3049_6 expire 6 lines
12-19 17:47:59.091  3049  3817 I chatty  : uid=1000(system) Binder:3049_5 expire 2 lines
12-19 17:47:59.135  3049  5178 I chatty  : uid=1000(system) Binder:3049_E expire 9 lines
12-19 17:47:59.223  3049  3597 I chatty  : uid=1000(system) ConnectivitySer expire 8 lines
12-19 17:47:59.671  3049  3049 I chatty  : uid=1000 system_server expire 17 lines
12-19 17:47:59.675  3049 15742 I chatty  : uid=1000(system) Binder:3049_20 expire 4 lines
12-19 17:48:00.013  3049 14526 I chatty  : uid=1000(system) Binder:3049_1F expire 4 lines
12-19 17:48:00.142  3049  5442 I chatty  : uid=1000(system) Binder:3049_14 expire 2 lines
12-19 17:48:00.368  3049  8275 I chatty  : uid=1000(system) Binder:3049_1A expire 2 lines
12-19 17:48:01.881  3049 12400 I chatty  : uid=1000(system) Binder:3049_1E expire 4 lines
12-19 17:48:02.427  3049  7022 I chatty  : uid=1000(system) Binder:3049_19 expire 14 lines
12-19 17:48:02.448 24811 24811 E ActivityThread: Failed to find provider info for com.teslacoilsw.notifier
12-19 17:48:02.505  2357  2506 E storaged: getDiskStats failed with result NOT_SUPPORTED and size 0
12-19 17:48:02.572  3049  5113 I chatty  : uid=1000(system) Binder:3049_B expire 8 lines
12-19 17:48:02.585  3049  3123 I chatty  : uid=1000(system) ActivityManager expire 14 lines
12-19 17:48:04.461  3049  9277 I chatty  : uid=1000(system) Binder:3049_1B expire 3 lines
12-19 17:48:06.672  3049  3122 I chatty  : uid=1000(system) android.bg expire 3 lines
12-19 17:48:06.675  3049  5376 I chatty  : uid=1000(system) Binder:3049_12 expire 1 line
12-19 17:48:07.559  3049  5179 I chatty  : uid=1000(system) Binder:3049_F expire 10 lines
12-19 17:48:17.541  3049  4262 I chatty  : uid=1000(system) Binder:3049_8 expire 2 lines
12-19 17:48:27.087  3049  5190 I chatty  : uid=1000(system) Binder:3049_10 expire 1 line
12-19 17:49:02.507  2357  2506 E storaged: getDiskStats failed with result NOT_SUPPORTED and size 0
12-19 17:49:04.168  3049  3049 I chatty  : uid=1000 system_server expire 13 lines
12-19 17:49:04.559  3049  5441 I chatty  : uid=1000(system) Binder:3049_13 expire 3 lines
12-19 17:49:34.678  2343  2558 E NetlinkEvent: NetlinkEvent::FindParam(): Parameter 'INTERFACE' not found
12-19 17:49:34.678  2343  2558 E NetlinkEvent: NetlinkEvent::FindParam(): Parameter 'STATE' not found
12-19 17:49:34.678  2343  2558 E NetlinkEvent: NetlinkEvent::FindParam(): Parameter 'TIME_NS' not found
12-19 17:49:34.678  2343  2558 E NetlinkEvent: NetlinkEvent::FindParam(): Parameter 'UID' not found
12-19 17:49:49.919  2343  2558 E NetlinkEvent: NetlinkEvent::FindParam(): Parameter 'INTERFACE' not found
12-19 17:49:49.920  2343  2558 E NetlinkEvent: NetlinkEvent::FindParam(): Parameter 'STATE' not found
12-19 17:49:49.920  2343  2558 E NetlinkEvent: NetlinkEvent::FindParam(): Parameter 'TIME_NS' not found
12-19 17:49:49.920  2343  2558 E NetlinkEvent: NetlinkEvent::FindParam(): Parameter 'UID' not found
12-19 17:49:55.128  2343  2558 E NetlinkEvent: NetlinkEvent::FindParam(): Parameter 'INTERFACE' not found
12-19 17:49:55.128  2343  2558 E NetlinkEvent: NetlinkEvent::FindParam(): Parameter 'STATE' not found
12-19 17:49:55.128  2343  2558 E NetlinkEvent: NetlinkEvent::FindParam(): Parameter 'TIME_NS' not found
12-19 17:49:55.128  2343  2558 E NetlinkEvent: NetlinkEvent::FindParam(): Parameter 'UID' not found
12-19 17:50:00.291  2343  2558 E NetlinkEvent: NetlinkEvent::FindParam(): Parameter 'INTERFACE' not found
12-19 17:50:00.291  2343  2558 E NetlinkEvent: NetlinkEvent::FindParam(): Parameter 'STATE' not found
12-19 17:50:00.292  2343  2558 E NetlinkEvent: NetlinkEvent::FindParam(): Parameter 'TIME_NS' not found
12-19 17:50:00.292  2343  2558 E NetlinkEvent: NetlinkEvent::FindParam(): Parameter 'UID' not found
12-19 17:50:02.510  2357  2506 E storaged: getDiskStats failed with result NOT_SUPPORTED and size 0
12-19 17:50:05.491  2343  2558 E NetlinkEvent: NetlinkEvent::FindParam(): Parameter 'INTERFACE' not found
12-19 17:50:05.491  2343  2558 E NetlinkEvent: NetlinkEvent::FindParam(): Parameter 'STATE' not found
12-19 17:50:05.491  2343  2558 E NetlinkEvent: NetlinkEvent::FindParam(): Parameter 'TIME_NS' not found
12-19 17:50:05.491  2343  2558 E NetlinkEvent: NetlinkEvent::FindParam(): Parameter 'UID' not found
12-19 17:50:10.689  2343  2558 E NetlinkEvent: NetlinkEvent::FindParam(): Parameter 'INTERFACE' not found
12-19 17:50:10.689  2343  2558 E NetlinkEvent: NetlinkEvent::FindParam(): Parameter 'STATE' not found
12-19 17:50:10.689  2343  2558 E NetlinkEvent: NetlinkEvent::FindParam(): Parameter 'TIME_NS' not found
12-19 17:50:10.689  2343  2558 E NetlinkEvent: NetlinkEvent::FindParam(): Parameter 'UID' not found
12-19 17:51:02.512  2357  2506 E storaged: getDiskStats failed with result NOT_SUPPORTED and size 0
12-19 17:52:02.515  2357  2506 E storaged: getDiskStats failed with result NOT_SUPPORTED and size 0
12-19 17:53:02.517  2357  2506 E storaged: getDiskStats failed with result NOT_SUPPORTED and size 0
12-19 17:53:09.969  3049  3577 I chatty  : uid=1000(system) InputReader expire 1 line
12-19 17:53:09.970  3049  3154 I chatty  : uid=1000(system) PowerManagerSer expire 3 lines
12-19 17:53:09.984  3049  3130 I chatty  : uid=1000(system) batterystats-wo expire 1 line
12-19 17:53:10.143  3049  3151 I chatty  : uid=1000(system) android.display expire 1 line
12-19 17:53:12.909  3678  3678 V KeyguardDisplayManager: hide
12-19 17:53:12.915  3049  3123 I chatty  : uid=1000(system) ActivityManager expire 84 lines
12-19 17:53:22.622 25184 26014 W PackageParser: Ignoring duplicate uses-permissions/uses-permissions-sdk-m: android.permission.WRITE_EXTERNAL_STORAGE in package: org.test.aapp at: Binary XML file line #29
12-19 17:53:24.269 25184 26014 W PackageParser: Ignoring duplicate uses-permissions/uses-permissions-sdk-m: android.permission.WRITE_EXTERNAL_STORAGE in package: org.test.aapp at: Binary XML file line #29
12-19 17:53:24.363  3049  3167 I chatty  : uid=1000(system) PackageManager expire 4 lines
12-19 17:53:25.572  3049  3125 I chatty  : uid=1000(system) ActivityManager expire 1 line
12-19 17:53:26.671  3049  3049 I chatty  : uid=1000 system_server expire 8 lines
12-19 17:53:29.536  3049  4737 I chatty  : uid=1000(system) backup expire 2 lines
12-19 17:53:30.090  3049  5819 I chatty  : uid=1000(system) Binder:3049_15 expire 10 lines
12-19 17:53:32.507  3049  3123 I chatty  : uid=1000(system) ActivityManager expire 29 lines
12-19 17:53:32.536  3049  4262 I chatty  : uid=1000(system) Binder:3049_8 expire 4 lines
12-19 17:53:32.552  3049  5113 I chatty  : uid=1000(system) Binder:3049_B expire 3 lines
12-19 17:53:32.592  3049  5179 I chatty  : uid=1000(system) Binder:3049_F expire 7 lines
12-19 17:53:32.710  3049  7022 I chatty  : uid=1000(system) Binder:3049_19 expire 1 line
12-19 17:53:33.816  3049  5178 I chatty  : uid=1000(system) Binder:3049_E expire 7 lines
12-19 17:53:33.849  3049  3597 I chatty  : uid=1000(system) ConnectivitySer expire 10 lines
12-19 17:53:34.978  3049  5191 I chatty  : uid=1000(system) Binder:3049_11 expire 2 lines
12-19 17:53:35.037  3049  3125 I chatty  : uid=1000(system) ActivityManager expire 11 lines
12-19 17:53:35.924  3049  3049 I chatty  : uid=1000 system_server expire 22 lines
12-19 17:53:43.645  3049  3938 I chatty  : uid=1000(system) Binder:3049_6 expire 2 lines
12-19 17:53:44.470 26128 26157 F libc    : Fatal signal 11 (SIGSEGV), code 1 (SEGV_MAPERR), fault addr 0x38 in tid 26157 (SDLThread), pid 26128 (org.test.aapp)
12-19 17:53:44.699 26185 26185 F DEBUG   : *** *** *** *** *** *** *** *** *** *** *** *** *** *** *** ***
12-19 17:53:44.699 26185 26185 F DEBUG   : Build fingerprint: 'xiaomi/tissot/tissot_sprout:9/PKQ1.180917.001/V10.0.24.0.PDHMIXM:user/release-keys'
12-19 17:53:44.699 26185 26185 F DEBUG   : Revision: '0'
12-19 17:53:44.700 26185 26185 F DEBUG   : ABI: 'arm64'
12-19 17:53:44.700 26185 26185 F DEBUG   : pid: 26128, tid: 26157, name: SDLThread  >>> org.test.aapp <<<
12-19 17:53:44.700 26185 26185 F DEBUG   : signal 11 (SIGSEGV), code 1 (SEGV_MAPERR), fault addr 0x38
12-19 17:53:44.700 26185 26185 F DEBUG   : Cause: null pointer dereference
12-19 17:53:44.700 26185 26185 F DEBUG   :     x0  000000794c992400  x1  0000000000000003  x2  0000000000000000  x3  0000000000000000
12-19 17:53:44.700 26185 26185 F DEBUG   :     x4  0000000000008cd5  x5  000000794b67d100  x6  0000000000008cd5  x7  000000794e4aa1c0
12-19 17:53:44.700 26185 26185 F DEBUG   :     x8  0000000000000040  x9  0000000000000001  x10 0000000000000001  x11 0000000000000000
12-19 17:53:44.700 26185 26185 F DEBUG   :     x12 0000000000000001  x13 000000794b67d190  x14 00000000000000ff  x15 0000000000000000
12-19 17:53:44.700 26185 26185 F DEBUG   :     x16 0000000000000000  x17 0000000000000001  x18 0000000000000002  x19 000000794e4aa1c0
12-19 17:53:44.700 26185 26185 F DEBUG   :     x20 0000000000000000  x21 0000000000008be7  x22 0000000000000001  x23 0000000000000000
12-19 17:53:44.700 26185 26185 F DEBUG   :     x24 000000794b67d190  x25 000000000000003c  x26 000000794e4aa550  x27 0000000000000058
12-19 17:53:44.700 26185 26185 F DEBUG   :     x28 0000000000000000  x29 000000794e96f0a0
12-19 17:53:44.700 26185 26185 F DEBUG   :     sp  000000794e96f040  lr  000000795f223630  pc  000000795f223bd8
12-19 17:53:44.780 26185 26185 F DEBUG   : 
12-19 17:53:44.780 26185 26185 F DEBUG   : backtrace:
12-19 17:53:44.780 26185 26185 F DEBUG   :     #00 pc 000000000037abd8  /system/vendor/lib64/egl/libGLESv2_adreno.so (EsxContext::DrawParamValidate(unsigned int, int, int, int, int)+1704)
12-19 17:53:44.780 26185 26185 F DEBUG   :     #01 pc 000000000013caa4  /system/vendor/lib64/egl/libGLESv2_adreno.so (EsxGlApiParamValidate::GlDrawElements(EsxDispatch*, unsigned int, int, unsigned int, void const*)+156)
12-19 17:53:44.780 26185 26185 F DEBUG   :     #02 pc 0000000000005080  /data/data/org.test.aapp/files/app/_python_bundle/site-packages/kivy/graphics/vbo.so (offset 0x5000)
12-19 17:53:46.582  3049 26188 I chatty  : uid=1000 system_server expire 1 line
12-19 17:53:46.637  3049 26189 I chatty  : uid=1000 system_server expire 1 line
12-19 17:53:46.662  3049  3685 I chatty  : uid=1000(system) Binder:3049_4 expire 1 line
12-19 17:53:46.698  3049  3151 I chatty  : uid=1000(system) android.display expire 3 lines
12-19 17:53:53.785  3049 14526 I chatty  : uid=1000(system) Binder:3049_1F expire 6 lines
12-19 17:54:02.519  2357  2506 E storaged: getDiskStats failed with result NOT_SUPPORTED and size 0
12-19 17:54:29.794  3049  9277 I chatty  : uid=1000(system) Binder:3049_1B expire 5 lines
12-19 17:54:31.508  3049  5376 I chatty  : uid=1000(system) Binder:3049_12 expire 6 lines
12-19 17:54:31.662  3049  3123 I chatty  : uid=1000(system) ActivityManager expire 13 lines
12-19 17:54:32.306  3049  3074 I chatty  : uid=1000(system) Binder:3049_2 expire 5 lines
12-19 17:55:02.521  2357  2506 E storaged: getDiskStats failed with result NOT_SUPPORTED and size 0
12-19 17:55:34.759  3049  6594 I chatty  : uid=1000(system) Binder:3049_18 expire 2 lines
12-19 17:55:36.601  3049 15742 I chatty  : uid=1000(system) Binder:3049_20 expire 8 lines
12-19 17:55:37.969  2358  2358 W wificond: Scan is not started. Ignore abort request
12-19 17:55:38.350  3049  3597 I chatty  : uid=1000(system) ConnectivitySer expire 16 lines
12-19 17:55:38.820  3049  3123 I chatty  : uid=1000(system) ActivityManager expire 10 lines
12-19 17:55:38.908  3049  5823 I chatty  : uid=1000(system) Binder:3049_16 expire 3 lines
12-19 17:55:56.924  3049 10421 I chatty  : uid=1000(system) Binder:3049_1C expire 1 line
12-19 17:56:02.522  2357  2506 E storaged: getDiskStats failed with result NOT_SUPPORTED and size 0
12-19 17:56:08.820  3049  3597 I chatty  : uid=1000(system) ConnectivitySer expire 10 lines
12-19 17:57:02.523  2357  2506 E storaged: getDiskStats failed with result NOT_SUPPORTED and size 0
12-19 17:57:18.406  3049  3130 I chatty  : uid=1000(system) batterystats-wo expire 1 line
12-19 17:58:02.525  2357  2506 E storaged: getDiskStats failed with result NOT_SUPPORTED and size 0
12-19 17:58:40.864  3049  3570 I chatty  : uid=1000(system) AlarmManager expire 1 line
12-19 17:58:40.893  3049  3125 I chatty  : uid=1000(system) ActivityManager expire 6 lines
12-19 17:58:41.333  3049  5442 I chatty  : uid=1000(system) Binder:3049_14 expire 1 line
12-19 17:58:58.511  3049  3154 I chatty  : uid=1000(system) PowerManagerSer expire 7 lines
12-19 17:58:59.925  3049  5819 I chatty  : uid=1000(system) Binder:3049_15 expire 1 line
12-19 17:58:59.926  3049  5158 I chatty  : uid=1000(system) Binder:3049_D expire 3 lines
12-19 17:59:02.527  2357  2506 E storaged: getDiskStats failed with result NOT_SUPPORTED and size 0
12-19 17:59:03.959  3678  3678 V KeyguardStatusView: refresh statusview showing:true
12-19 17:59:03.965  3678  3678 V KeyguardDisplayManager: show
12-19 17:59:14.763  3049  5441 I chatty  : uid=1000(system) Binder:3049_13 expire 3 lines
12-19 17:59:41.784  3049  3577 I chatty  : uid=1000(system) InputReader expire 1 line
12-19 17:59:45.442  3049  5156 I chatty  : uid=1000(system) Binder:3049_C expire 15 lines
12-19 17:59:45.551  3049  3148 I chatty  : uid=1000(system) android.fg expire 1 line
12-19 17:59:45.558  3049  3124 I chatty  : uid=1000(system) android.ui expire 1 line
12-19 17:59:54.426  3678  3678 V KeyguardDisplayManager: hide
12-19 17:59:54.443  3049  3123 I chatty  : uid=1000(system) ActivityManager expire 8 lines
12-19 17:59:54.727  3049  3049 I chatty  : uid=1000 system_server expire 9 lines
12-19 18:00:02.528  2357  2506 E storaged: getDiskStats failed with result NOT_SUPPORTED and size 0
12-19 18:00:05.809  3049  3122 I chatty  : uid=1000(system) android.bg expire 2 lines
12-19 18:00:05.844  3049  3597 I chatty  : uid=1000(system) ConnectivitySer expire 10 lines
12-19 18:00:17.350  3049  3049 I chatty  : uid=1000 system_server expire 13 lines
12-19 18:00:26.198  3049 12400 I chatty  : uid=1000(system) Binder:3049_1E expire 6 lines
12-19 18:00:28.025  3049  4262 I chatty  : uid=1000(system) Binder:3049_8 expire 9 lines
12-19 18:00:31.624  3049  3073 I chatty  : uid=1000(system) Binder:3049_1 expire 10 lines
12-19 18:00:36.402  3049  3122 I chatty  : uid=1000(system) android.bg expire 6 lines
12-19 18:00:42.325  3049  5441 I chatty  : uid=1000(system) Binder:3049_13 expire 4 lines
12-19 18:00:44.647  3049  3576 I chatty  : uid=1000(system) InputDispatcher expire 2 lines
12-19 18:00:45.554  3049  3123 I chatty  : uid=1000(system) ActivityManager expire 12 lines
12-19 18:00:45.810  3049 10421 I chatty  : uid=1000(system) Binder:3049_1C expire 1 line
12-19 18:00:45.908  3049  3150 I chatty  : uid=1000(system) android.io expire 2 lines
12-19 18:00:51.865  3049  5191 I chatty  : uid=1000(system) Binder:3049_11 expire 2 lines
12-19 18:00:51.928  3049  3125 I chatty  : uid=1000(system) ActivityManager expire 10 lines
12-19 18:00:54.020  3049  3817 I chatty  : uid=1000(system) Binder:3049_5 expire 5 lines
12-19 18:01:00.683 27836 27856 F libc    : Fatal signal 11 (SIGSEGV), code 1 (SEGV_MAPERR), fault addr 0x38 in tid 27856 (SDLThread), pid 27836 (org.test.aapp)
12-19 18:01:00.839 27873 27873 F DEBUG   : *** *** *** *** *** *** *** *** *** *** *** *** *** *** *** ***
12-19 18:01:00.840 27873 27873 F DEBUG   : Build fingerprint: 'xiaomi/tissot/tissot_sprout:9/PKQ1.180917.001/V10.0.24.0.PDHMIXM:user/release-keys'
12-19 18:01:00.840 27873 27873 F DEBUG   : Revision: '0'
12-19 18:01:00.840 27873 27873 F DEBUG   : ABI: 'arm64'
12-19 18:01:00.840 27873 27873 F DEBUG   : pid: 27836, tid: 27856, name: SDLThread  >>> org.test.aapp <<<
12-19 18:01:00.840 27873 27873 F DEBUG   : signal 11 (SIGSEGV), code 1 (SEGV_MAPERR), fault addr 0x38
12-19 18:01:00.840 27873 27873 F DEBUG   : Cause: null pointer dereference
12-19 18:01:00.840 27873 27873 F DEBUG   :     x0  000000794c3fe200  x1  0000000000000003  x2  0000000000000000  x3  0000000000000000
12-19 18:01:00.840 27873 27873 F DEBUG   :     x4  0000000000008cd5  x5  000000794be2c180  x6  0000000000008cd5  x7  000000794e437200
12-19 18:01:00.840 27873 27873 F DEBUG   :     x8  0000000000000040  x9  0000000000000001  x10 0000000000000001  x11 0000000000000000
12-19 18:01:00.840 27873 27873 F DEBUG   :     x12 0000000000000001  x13 000000794be2c210  x14 00000000000000ff  x15 0000000000000000
12-19 18:01:00.840 27873 27873 F DEBUG   :     x16 0000000000000000  x17 0000000000000001  x18 0000000000000002  x19 000000794e437200
12-19 18:01:00.840 27873 27873 F DEBUG   :     x20 0000000000000000  x21 0000000000008be7  x22 0000000000000001  x23 0000000000000000
12-19 18:01:00.840 27873 27873 F DEBUG   :     x24 000000794be2c210  x25 000000000000003c  x26 000000794e437590  x27 0000000000000058
12-19 18:01:00.840 27873 27873 F DEBUG   :     x28 0000000000000000  x29 000000794f7530a0
12-19 18:01:00.840 27873 27873 F DEBUG   :     sp  000000794f753040  lr  000000795f223630  pc  000000795f223bd8
12-19 18:01:00.886 27873 27873 F DEBUG   : 
12-19 18:01:00.886 27873 27873 F DEBUG   : backtrace:
12-19 18:01:00.886 27873 27873 F DEBUG   :     #00 pc 000000000037abd8  /system/vendor/lib64/egl/libGLESv2_adreno.so (EsxContext::DrawParamValidate(unsigned int, int, int, int, int)+1704)
12-19 18:01:00.886 27873 27873 F DEBUG   :     #01 pc 000000000013caa4  /system/vendor/lib64/egl/libGLESv2_adreno.so (EsxGlApiParamValidate::GlDrawElements(EsxDispatch*, unsigned int, int, unsigned int, void const*)+156)
12-19 18:01:00.886 27873 27873 F DEBUG   :     #02 pc 0000000000005080  /data/data/org.test.aapp/files/app/_python_bundle/site-packages/kivy/graphics/vbo.so (offset 0x5000)
12-19 18:01:02.407  3049 27877 I chatty  : uid=1000(system) GoogleApiHandle expire 1 line
12-19 18:01:02.436  3049  4286 I chatty  : uid=1000(system) Binder:3049_A expire 8 lines
12-19 18:01:02.487  3049  3151 I chatty  : uid=1000(system) android.display expire 10 lines
12-19 18:01:02.497  3049 27878 I chatty  : uid=1000 system_server expire 1 line
12-19 18:01:02.529  2357  2506 E storaged: getDiskStats failed with result NOT_SUPPORTED and size 0
12-19 18:01:04.074  3049  3049 I chatty  : uid=1000 system_server expire 10 lines
12-19 18:01:13.197  3049  3965 I chatty  : uid=1000(system) Binder:3049_7 expire 1 line
12-19 18:01:19.307 27905 27926 F libc    : Fatal signal 11 (SIGSEGV), code 1 (SEGV_MAPERR), fault addr 0x38 in tid 27926 (SDLThread), pid 27905 (org.test.aapp)
12-19 18:01:19.410 27939 27939 F DEBUG   : *** *** *** *** *** *** *** *** *** *** *** *** *** *** *** ***
12-19 18:01:19.410 27939 27939 F DEBUG   : Build fingerprint: 'xiaomi/tissot/tissot_sprout:9/PKQ1.180917.001/V10.0.24.0.PDHMIXM:user/release-keys'
12-19 18:01:19.410 27939 27939 F DEBUG   : Revision: '0'
12-19 18:01:19.410 27939 27939 F DEBUG   : ABI: 'arm64'
12-19 18:01:19.410 27939 27939 F DEBUG   : pid: 27905, tid: 27926, name: SDLThread  >>> org.test.aapp <<<
12-19 18:01:19.410 27939 27939 F DEBUG   : signal 11 (SIGSEGV), code 1 (SEGV_MAPERR), fault addr 0x38
12-19 18:01:19.410 27939 27939 F DEBUG   : Cause: null pointer dereference
12-19 18:01:19.410 27939 27939 F DEBUG   :     x0  000000794df46600  x1  0000000000000003  x2  0000000000000000  x3  0000000000000000
12-19 18:01:19.410 27939 27939 F DEBUG   :     x4  0000000000008cd5  x5  000000794bc93e00  x6  0000000000008cd5  x7  000000794e47c6c0
12-19 18:01:19.410 27939 27939 F DEBUG   :     x8  0000000000000040  x9  0000000000000001  x10 0000000000000001  x11 0000000000000000
12-19 18:01:19.411 27939 27939 F DEBUG   :     x12 0000000000000001  x13 000000794bc93e90  x14 00000000000000ff  x15 0000000000000000
12-19 18:01:19.411 27939 27939 F DEBUG   :     x16 0000000000000000  x17 0000000000000001  x18 0000000000000002  x19 000000794e47c6c0
12-19 18:01:19.411 27939 27939 F DEBUG   :     x20 0000000000000000  x21 0000000000008be7  x22 0000000000000001  x23 0000000000000000
12-19 18:01:19.411 27939 27939 F DEBUG   :     x24 000000794bc93e90  x25 000000000000003c  x26 000000794e47ca50  x27 0000000000000058
12-19 18:01:19.411 27939 27939 F DEBUG   :     x28 0000000000000000  x29 000000794f3fc0a0
12-19 18:01:19.411 27939 27939 F DEBUG   :     sp  000000794f3fc040  lr  000000795f223630  pc  000000795f223bd8
12-19 18:01:19.447 27939 27939 F DEBUG   : 
12-19 18:01:19.447 27939 27939 F DEBUG   : backtrace:
12-19 18:01:19.447 27939 27939 F DEBUG   :     #00 pc 000000000037abd8  /system/vendor/lib64/egl/libGLESv2_adreno.so (EsxContext::DrawParamValidate(unsigned int, int, int, int, int)+1704)
12-19 18:01:19.447 27939 27939 F DEBUG   :     #01 pc 000000000013caa4  /system/vendor/lib64/egl/libGLESv2_adreno.so (EsxGlApiParamValidate::GlDrawElements(EsxDispatch*, unsigned int, int, unsigned int, void const*)+156)
12-19 18:01:19.447 27939 27939 F DEBUG   :     #02 pc 0000000000005080  /data/data/org.test.aapp/files/app/_python_bundle/site-packages/kivy/graphics/vbo.so (offset 0x5000)
12-19 18:01:20.236  3049 27942 I chatty  : uid=1000 system_server expire 2 lines
12-19 18:01:20.251  3049  3124 I chatty  : uid=1000(system) android.ui expire 4 lines
12-19 18:01:20.302  3049 27943 I chatty  : uid=1000 system_server expire 1 line
12-19 18:01:20.310  3049  3074 I chatty  : uid=1000(system) Binder:3049_2 expire 8 lines
12-19 18:01:24.903  3049  3577 I chatty  : uid=1000(system) InputReader expire 4 lines
12-19 18:01:24.906  3049  3154 I chatty  : uid=1000(system) PowerManagerSer expire 9 lines
12-19 18:01:25.713  3678  3678 V KeyguardStatusView: refresh statusview showing:true
12-19 18:01:25.716  3678  3678 V KeyguardDisplayManager: show
12-19 18:01:25.765  3049  3123 I chatty  : uid=1000(system) ActivityManager expire 16 lines
12-19 18:01:25.985  3049  5158 I chatty  : uid=1000(system) Binder:3049_D expire 1 line
12-19 18:01:27.755  3678  3678 V KeyguardDisplayManager: hide
12-19 18:01:28.796  3049  3049 I chatty  : uid=1000 system_server expire 10 lines
12-19 18:01:29.848  3049  3148 I chatty  : uid=1000(system) android.fg expire 3 lines
12-19 18:01:31.212  3049 10924 I chatty  : uid=1000(system) UsbDebuggingMan expire 1 line
12-19 18:02:02.532  2357  2506 E storaged: getDiskStats failed with result NOT_SUPPORTED and size 0
12-19 18:02:08.093 28052 28072 F libc    : Fatal signal 11 (SIGSEGV), code 1 (SEGV_MAPERR), fault addr 0x38 in tid 28072 (SDLThread), pid 28052 (org.test.aapp)
12-19 18:02:08.212 28096 28096 F DEBUG   : *** *** *** *** *** *** *** *** *** *** *** *** *** *** *** ***
12-19 18:02:08.212 28096 28096 F DEBUG   : Build fingerprint: 'xiaomi/tissot/tissot_sprout:9/PKQ1.180917.001/V10.0.24.0.PDHMIXM:user/release-keys'
12-19 18:02:08.212 28096 28096 F DEBUG   : Revision: '0'
12-19 18:02:08.212 28096 28096 F DEBUG   : ABI: 'arm64'
12-19 18:02:08.212 28096 28096 F DEBUG   : pid: 28052, tid: 28072, name: SDLThread  >>> org.test.aapp <<<
12-19 18:02:08.212 28096 28096 F DEBUG   : signal 11 (SIGSEGV), code 1 (SEGV_MAPERR), fault addr 0x38
12-19 18:02:08.212 28096 28096 F DEBUG   : Cause: null pointer dereference
12-19 18:02:08.212 28096 28096 F DEBUG   :     x0  000000794bdb4800  x1  0000000000000003  x2  0000000000000000  x3  0000000000000000
12-19 18:02:08.212 28096 28096 F DEBUG   :     x4  0000000000008cd5  x5  000000794bcb8d00  x6  0000000000008cd5  x7  000000794e6596c0
12-19 18:02:08.212 28096 28096 F DEBUG   :     x8  0000000000000040  x9  0000000000000001  x10 0000000000000001  x11 0000000000000000
12-19 18:02:08.212 28096 28096 F DEBUG   :     x12 0000000000000001  x13 000000794bcb8d90  x14 00000000000000ff  x15 0000000000000000
12-19 18:02:08.212 28096 28096 F DEBUG   :     x16 0000000000000000  x17 0000000000000001  x18 0000000000000002  x19 000000794e6596c0
12-19 18:02:08.212 28096 28096 F DEBUG   :     x20 0000000000000000  x21 0000000000008be7  x22 0000000000000001  x23 0000000000000000
12-19 18:02:08.212 28096 28096 F DEBUG   :     x24 000000794bcb8d90  x25 000000000000003c  x26 000000794e659a50  x27 0000000000000058
12-19 18:02:08.212 28096 28096 F DEBUG   :     x28 0000000000000000  x29 000000794f3fc0a0
12-19 18:02:08.212 28096 28096 F DEBUG   :     sp  000000794f3fc040  lr  000000795f223630  pc  000000795f223bd8
12-19 18:02:08.251 28096 28096 F DEBUG   : 
12-19 18:02:08.251 28096 28096 F DEBUG   : backtrace:
12-19 18:02:08.251 28096 28096 F DEBUG   :     #00 pc 000000000037abd8  /system/vendor/lib64/egl/libGLESv2_adreno.so (EsxContext::DrawParamValidate(unsigned int, int, int, int, int)+1704)
12-19 18:02:08.251 28096 28096 F DEBUG   :     #01 pc 000000000013caa4  /system/vendor/lib64/egl/libGLESv2_adreno.so (EsxGlApiParamValidate::GlDrawElements(EsxDispatch*, unsigned int, int, unsigned int, void const*)+156)
12-19 18:02:08.251 28096 28096 F DEBUG   :     #02 pc 0000000000005080  /data/data/org.test.aapp/files/app/_python_bundle/site-packages/kivy/graphics/vbo.so (offset 0x5000)
12-19 18:02:08.942  3049 28099 I chatty  : uid=1000 system_server expire 2 lines
12-19 18:02:08.974  3049 28100 I chatty  : uid=1000 system_server expire 1 line
12-19 18:02:08.977  3049  3123 I chatty  : uid=1000(system) ActivityManager expire 11 lines
12-19 18:02:09.032  3049  5823 I chatty  : uid=1000(system) Binder:3049_16 expire 3 lines
12-19 18:02:38.661  3049  3597 I chatty  : uid=1000(system) ConnectivitySer expire 9 lines
12-19 18:03:02.534  2357  2506 E storaged: getDiskStats failed with result NOT_SUPPORTED and size 0
12-19 18:04:02.536  2357  2506 E storaged: getDiskStats failed with result NOT_SUPPORTED and size 0
12-19 18:04:04.416  3049  5376 I chatty  : uid=1000(system) Binder:3049_12 expire 1 line
12-19 18:04:44.287  3049  3130 I chatty  : uid=1000(system) batterystats-wo expire 1 line
12-19 18:05:02.538  2357  2506 E storaged: getDiskStats failed with result NOT_SUPPORTED and size 0
12-19 18:05:09.673  3049 10566 I chatty  : uid=1000(system) Binder:3049_1D expire 1 line
12-19 18:06:02.540  2357  2506 E storaged: getDiskStats failed with result NOT_SUPPORTED and size 0
12-19 18:07:02.541  2357  2506 E storaged: getDiskStats failed with result NOT_SUPPORTED and size 0
12-19 18:07:03.160  3049  5178 I chatty  : uid=1000(system) Binder:3049_E expire 3 lines
12-19 18:07:03.471 28257 28272 E ActivityThread: Failed to find provider info for com.qti.smq.Feedback.provider
12-19 18:07:13.834 28257 28296 E ActivityThread: Failed to find provider info for com.qti.smq.Feedback.provider
12-19 18:07:13.899  3049  5113 I chatty  : uid=1000(system) Binder:3049_B expire 4 lines
12-19 18:07:16.427 28257 28296 E ActivityThread: Failed to find provider info for com.qti.smq.Feedback.provider
12-19 18:07:16.571 28257 28257 W ContextImpl: Calling a method in the system process without a qualified user: android.app.ContextImpl.bindService:1611 android.content.ContextWrapper.bindService:698 android.content.pm.permission.RuntimePermissionPresenter$RemoteService.processMessage:171 android.content.pm.permission.RuntimePermissionPresenter.getAppPermissions:118 com.android.settingslib.applications.PermissionsSummaryHelper.getPermissionSummary:34 
12-19 18:07:21.324   479   483 D vold    : Remounting 10361 as mode read
12-19 18:07:21.341   479   483 D vold    : Remounting 10361 as mode write
12-19 18:07:33.168 28407 28427 F libc    : Fatal signal 11 (SIGSEGV), code 1 (SEGV_MAPERR), fault addr 0x38 in tid 28427 (SDLThread), pid 28407 (org.test.aapp)
12-19 18:07:33.313 28441 28441 F DEBUG   : *** *** *** *** *** *** *** *** *** *** *** *** *** *** *** ***
12-19 18:07:33.314 28441 28441 F DEBUG   : Build fingerprint: 'xiaomi/tissot/tissot_sprout:9/PKQ1.180917.001/V10.0.24.0.PDHMIXM:user/release-keys'
12-19 18:07:33.314 28441 28441 F DEBUG   : Revision: '0'
12-19 18:07:33.314 28441 28441 F DEBUG   : ABI: 'arm64'
12-19 18:07:33.314 28441 28441 F DEBUG   : pid: 28407, tid: 28427, name: SDLThread  >>> org.test.aapp <<<
12-19 18:07:33.314 28441 28441 F DEBUG   : signal 11 (SIGSEGV), code 1 (SEGV_MAPERR), fault addr 0x38
12-19 18:07:33.314 28441 28441 F DEBUG   : Cause: null pointer dereference
12-19 18:07:33.314 28441 28441 F DEBUG   :     x0  000000794df44800  x1  0000000000000003  x2  0000000000000000  x3  0000000000000000
12-19 18:07:33.314 28441 28441 F DEBUG   :     x4  0000000000008cd5  x5  000000794bce1580  x6  0000000000008cd5  x7  000000794e6596c0
12-19 18:07:33.314 28441 28441 F DEBUG   :     x8  0000000000000040  x9  0000000000000001  x10 0000000000000001  x11 0000000000000000
12-19 18:07:33.314 28441 28441 F DEBUG   :     x12 0000000000000001  x13 000000794bce1610  x14 00000000000000ff  x15 0000000000000000
12-19 18:07:33.314 28441 28441 F DEBUG   :     x16 0000000000000000  x17 0000000000000001  x18 0000000000000002  x19 000000794e6596c0
12-19 18:07:33.314 28441 28441 F DEBUG   :     x20 0000000000000000  x21 0000000000008be7  x22 0000000000000001  x23 0000000000000000
12-19 18:07:33.314 28441 28441 F DEBUG   :     x24 000000794bce1610  x25 000000000000003c  x26 000000794e659a50  x27 0000000000000058
12-19 18:07:33.314 28441 28441 F DEBUG   :     x28 0000000000000000  x29 000000794f3fc0a0
12-19 18:07:33.314 28441 28441 F DEBUG   :     sp  000000794f3fc040  lr  000000795f223630  pc  000000795f223bd8
12-19 18:07:33.351 28441 28441 F DEBUG   : 
12-19 18:07:33.351 28441 28441 F DEBUG   : backtrace:
12-19 18:07:33.351 28441 28441 F DEBUG   :     #00 pc 000000000037abd8  /system/vendor/lib64/egl/libGLESv2_adreno.so (EsxContext::DrawParamValidate(unsigned int, int, int, int, int)+1704)
12-19 18:07:33.351 28441 28441 F DEBUG   :     #01 pc 000000000013caa4  /system/vendor/lib64/egl/libGLESv2_adreno.so (EsxGlApiParamValidate::GlDrawElements(EsxDispatch*, unsigned int, int, unsigned int, void const*)+156)
12-19 18:07:33.351 28441 28441 F DEBUG   :     #02 pc 0000000000005080  /data/data/org.test.aapp/files/app/_python_bundle/site-packages/kivy/graphics/vbo.so (offset 0x5000)
12-19 18:07:34.038  3049 28444 I chatty  : uid=1000 system_server expire 1 line
12-19 18:07:34.071  3049 28445 I chatty  : uid=1000 system_server expire 1 line
12-19 18:07:34.074  3049  3123 I chatty  : uid=1000(system) ActivityManager expire 6 lines
12-19 18:07:36.476  3049  8275 I chatty  : uid=1000(system) Binder:3049_1A expire 2 lines
12-19 18:07:40.347 28257 28257 W ContextImpl: Calling a method in the system process without a qualified user: android.app.ContextImpl.bindService:1611 android.content.ContextWrapper.bindService:698 android.content.pm.permission.RuntimePermissionPresenter$RemoteService.processMessage:171 android.content.pm.permission.RuntimePermissionPresenter.getAppPermissions:118 com.android.settingslib.applications.PermissionsSummaryHelper.getPermissionSummary:34 
12-19 18:07:48.697  3049  3125 I chatty  : uid=1000(system) ActivityManager expire 8 lines
12-19 18:07:51.659  3049  9277 I chatty  : uid=1000(system) Binder:3049_1B expire 3 lines
12-19 18:08:02.543  2357  2506 E storaged: getDiskStats failed with result NOT_SUPPORTED and size 0
12-19 18:08:12.991 28583 28602 F libc    : Fatal signal 11 (SIGSEGV), code 1 (SEGV_MAPERR), fault addr 0x38 in tid 28602 (SDLThread), pid 28583 (org.test.aapp)
12-19 18:08:13.098 28618 28618 F DEBUG   : *** *** *** *** *** *** *** *** *** *** *** *** *** *** *** ***
12-19 18:08:13.098 28618 28618 F DEBUG   : Build fingerprint: 'xiaomi/tissot/tissot_sprout:9/PKQ1.180917.001/V10.0.24.0.PDHMIXM:user/release-keys'
12-19 18:08:13.098 28618 28618 F DEBUG   : Revision: '0'
12-19 18:08:13.098 28618 28618 F DEBUG   : ABI: 'arm64'
12-19 18:08:13.098 28618 28618 F DEBUG   : pid: 28583, tid: 28602, name: SDLThread  >>> org.test.aapp <<<
12-19 18:08:13.098 28618 28618 F DEBUG   : signal 11 (SIGSEGV), code 1 (SEGV_MAPERR), fault addr 0x38
12-19 18:08:13.098 28618 28618 F DEBUG   : Cause: null pointer dereference
12-19 18:08:13.098 28618 28618 F DEBUG   :     x0  000000794c3f9200  x1  0000000000000003  x2  0000000000000000  x3  0000000000000000
12-19 18:08:13.098 28618 28618 F DEBUG   :     x4  0000000000008cd5  x5  000000794bc99400  x6  0000000000008cd5  x7  000000794e433200
12-19 18:08:13.098 28618 28618 F DEBUG   :     x8  0000000000000040  x9  0000000000000001  x10 0000000000000001  x11 0000000000000000
12-19 18:08:13.098 28618 28618 F DEBUG   :     x12 0000000000000001  x13 000000794bc99490  x14 00000000000000ff  x15 0000000000000000
12-19 18:08:13.098 28618 28618 F DEBUG   :     x16 0000000000000000  x17 0000000000000001  x18 0000000000000002  x19 000000794e433200
12-19 18:08:13.098 28618 28618 F DEBUG   :     x20 0000000000000000  x21 0000000000008be7  x22 0000000000000001  x23 0000000000000000
12-19 18:08:13.098 28618 28618 F DEBUG   :     x24 000000794bc99490  x25 000000000000003c  x26 000000794e433590  x27 0000000000000058
12-19 18:08:13.098 28618 28618 F DEBUG   :     x28 0000000000000000  x29 000000794f7520a0
12-19 18:08:13.098 28618 28618 F DEBUG   :     sp  000000794f752040  lr  000000795f223630  pc  000000795f223bd8
12-19 18:08:13.137 28618 28618 F DEBUG   : 
12-19 18:08:13.137 28618 28618 F DEBUG   : backtrace:
12-19 18:08:13.137 28618 28618 F DEBUG   :     #00 pc 000000000037abd8  /system/vendor/lib64/egl/libGLESv2_adreno.so (EsxContext::DrawParamValidate(unsigned int, int, int, int, int)+1704)
12-19 18:08:13.137 28618 28618 F DEBUG   :     #01 pc 000000000013caa4  /system/vendor/lib64/egl/libGLESv2_adreno.so (EsxGlApiParamValidate::GlDrawElements(EsxDispatch*, unsigned int, int, unsigned int, void const*)+156)
12-19 18:08:13.137 28618 28618 F DEBUG   :     #02 pc 0000000000005080  /data/data/org.test.aapp/files/app/_python_bundle/site-packages/kivy/graphics/vbo.so (offset 0x5000)
12-19 18:08:13.829  3049 28621 I chatty  : uid=1000 system_server expire 2 lines
12-19 18:08:13.906  3049 28622 I chatty  : uid=1000 system_server expire 1 line
12-19 18:09:02.544  2357  2506 E storaged: getDiskStats failed with result NOT_SUPPORTED and size 0
12-19 18:10:02.545  2357  2506 E storaged: getDiskStats failed with result NOT_SUPPORTED and size 0
12-19 18:11:02.546  2357  2506 E storaged: getDiskStats failed with result NOT_SUPPORTED and size 0
12-19 18:12:02.548  2357  2506 E storaged: getDiskStats failed with result NOT_SUPPORTED and size 0
12-19 18:13:02.549  2357  2506 E storaged: getDiskStats failed with result NOT_SUPPORTED and size 0
12-19 18:13:15.719  3049  3049 I chatty  : uid=1000 system_server expire 7 lines
12-19 18:13:16.036  3049  3151 I chatty  : uid=1000(system) android.display expire 1 line
12-19 18:13:21.024  3678  3678 V KeyguardStatusView: refresh statusview showing:true
12-19 18:13:21.035  3678  3678 V KeyguardDisplayManager: show
12-19 18:14:02.541  2357  2506 E storaged: getDiskStats failed with result NOT_SUPPORTED and size 0
12-19 18:14:43.636  3049 14526 I chatty  : uid=1000(system) Binder:3049_1F expire 3 lines
12-19 18:14:43.887  3049 15742 I chatty  : uid=1000(system) Binder:3049_20 expire 1 line
12-19 18:14:43.980  3049  5819 I chatty  : uid=1000(system) Binder:3049_15 expire 1 line
12-19 18:14:44.447  3049  4285 I chatty  : uid=1000(system) Binder:3049_9 expire 1 line
12-19 18:15:02.542  2357  2506 E storaged: getDiskStats failed with result NOT_SUPPORTED and size 0
12-19 18:15:44.272  3049  5179 I chatty  : uid=1000(system) Binder:3049_F expire 4 lines
12-19 18:16:02.544  2357  2506 E storaged: getDiskStats failed with result NOT_SUPPORTED and size 0
12-19 18:16:20.667  3049  3049 I chatty  : uid=1000 system_server expire 11 lines
12-19 18:16:20.669  3049  3154 I chatty  : uid=1000(system) PowerManagerSer expire 10 lines
12-19 18:16:20.698  3049  3151 I chatty  : uid=1000(system) android.display expire 8 lines
12-19 18:16:20.945  3049  3123 I chatty  : uid=1000(system) ActivityManager expire 22 lines
12-19 18:16:21.001  3049  3125 I chatty  : uid=1000(system) ActivityManager expire 8 lines
12-19 18:16:21.347  3049  3150 I chatty  : uid=1000(system) android.io expire 2 lines
12-19 18:16:21.404  3049  3122 I chatty  : uid=1000(system) android.bg expire 3 lines
12-19 18:16:21.470  3049 10924 I chatty  : uid=1000(system) UsbDebuggingMan expire 1 line
12-19 18:16:21.471  3049  3148 I chatty  : uid=1000(system) android.fg expire 2 lines
12-19 18:16:21.710  3049  5191 I chatty  : uid=1000(system) Binder:3049_11 expire 4 lines
12-19 18:16:21.823  3049  5158 I chatty  : uid=1000(system) Binder:3049_D expire 8 lines
12-19 18:16:21.826  3678  3678 V KeyguardDisplayManager: hide
12-19 18:16:21.881  3049  4286 I chatty  : uid=1000(system) Binder:3049_A expire 2 lines
12-19 18:16:50.472  3049 15742 I chatty  : uid=1000(system) Binder:3049_20 expire 9 lines
12-19 18:16:50.499  3049  4262 I chatty  : uid=1000(system) Binder:3049_8 expire 3 lines
12-19 18:16:57.549  3049  5178 I chatty  : uid=1000(system) Binder:3049_E expire 2 lines
12-19 18:17:02.546  2357  2506 E storaged: getDiskStats failed with result NOT_SUPPORTED and size 0
12-19 18:18:02.549  2357  2506 E storaged: getDiskStats failed with result NOT_SUPPORTED and size 0
12-19 18:19:02.550  2357  2506 E storaged: getDiskStats failed with result NOT_SUPPORTED and size 0
12-19 18:19:07.944  3049  5376 I chatty  : uid=1000(system) Binder:3049_12 expire 6 lines
12-19 18:19:07.947  3049  3123 I chatty  : uid=1000(system) ActivityManager expire 10 lines
12-19 18:19:59.460  3049  3597 I chatty  : uid=1000(system) ConnectivitySer expire 9 lines
12-19 18:20:01.342  3049  3049 I chatty  : uid=1000 system_server expire 13 lines
12-19 18:20:02.552  2357  2506 E storaged: getDiskStats failed with result NOT_SUPPORTED and size 0
12-19 18:20:04.287 29409 29467 W ActivityThread: ClassLoader.getResources: The class loader returned by Thread.getContextClassLoader() may fail for processes that host multiple applications. You should explicitly specify a context class loader. For example: Thread.setContextClassLoader(getClass().getClassLoader());
12-19 18:21:02.553  2357  2506 E storaged: getDiskStats failed with result NOT_SUPPORTED and size 0
12-19 18:21:31.977  3678  3678 V KeyguardStatusView: refresh statusview showing:true
12-19 18:21:31.982  3678  3678 V KeyguardDisplayManager: show
12-19 18:22:02.555  2357  2506 E storaged: getDiskStats failed with result NOT_SUPPORTED and size 0
12-19 18:23:02.557  2357  2506 E storaged: getDiskStats failed with result NOT_SUPPORTED and size 0
12-19 18:24:02.560  2357  2506 E storaged: getDiskStats failed with result NOT_SUPPORTED and size 0
12-19 18:25:02.562  2357  2506 E storaged: getDiskStats failed with result NOT_SUPPORTED and size 0
12-19 18:25:32.536  3049  3577 I chatty  : uid=1000(system) InputReader expire 5 lines
12-19 18:25:37.245  3049  3073 I chatty  : uid=1000(system) Binder:3049_1 expire 7 lines
12-19 18:25:37.303  3049  3124 I chatty  : uid=1000(system) android.ui expire 1 line
12-19 18:25:37.737  3049  9277 I chatty  : uid=1000(system) Binder:3049_1B expire 3 lines
12-19 18:25:37.754  3049  3557 I chatty  : uid=1000(system) android.anim expire 1 line
12-19 18:25:37.945  3678  3678 V KeyguardDisplayManager: hide
12-19 18:25:37.952  3049  3123 I chatty  : uid=1000(system) ActivityManager expire 23 lines
12-19 18:25:40.246  3049  3049 I chatty  : uid=1000 system_server expire 25 lines
12-19 18:25:43.859  3049  3576 I chatty  : uid=1000(system) InputDispatcher expire 1 line
12-19 18:25:46.893  3049  3154 I chatty  : uid=1000(system) PowerManagerSer expire 13 lines
12-19 18:25:47.730  3678  3678 V KeyguardStatusView: refresh statusview showing:true
12-19 18:25:47.740  3678  3678 V KeyguardDisplayManager: show
12-19 18:27:49.441  2357  2506 E storaged: getDiskStats failed with result NOT_SUPPORTED and size 0
12-19 18:27:51.973  3049  3049 I chatty  : uid=1000 system_server expire 12 lines
12-19 18:27:52.109  3049  4285 I chatty  : uid=1000(system) Binder:3049_9 expire 2 lines
12-19 18:27:52.113  3049  3123 I chatty  : uid=1000(system) ActivityManager expire 25 lines
12-19 18:27:52.388  3049  5156 I chatty  : uid=1000(system) Binder:3049_C expire 5 lines
12-19 18:29:25.449  3678  3678 V KeyguardDisplayManager: hide
12-19 18:29:25.452  3049  3123 I chatty  : uid=1000(system) ActivityManager expire 13 lines
12-19 18:29:26.491  3049  3577 I chatty  : uid=1000(system) InputReader expire 9 lines
12-19 18:29:26.492  3049  3049 I chatty  : uid=1000 system_server expire 14 lines
12-19 18:29:26.493  3049  3154 I chatty  : uid=1000(system) PowerManagerSer expire 11 lines
12-19 18:29:26.851  3049  3151 I chatty  : uid=1000(system) android.display expire 6 lines
12-19 18:29:27.183  3049  5179 I chatty  : uid=1000(system) Binder:3049_F expire 6 lines
12-19 18:29:27.348  3678  3678 V KeyguardStatusView: refresh statusview showing:true
12-19 18:29:27.354  3678  3678 V KeyguardDisplayManager: show
12-19 18:30:04.471  3049  3125 I chatty  : uid=1000(system) ActivityManager expire 5 lines
12-19 18:30:36.401  3049  3148 I chatty  : uid=1000(system) android.fg expire 1 line
12-19 18:30:36.514  3049  3597 I chatty  : uid=1000(system) ConnectivitySer expire 22 lines
