12-19 18:30:36.616  2358  2358 W wificond: Skip match ssid for pno scan: TP-LINK_C6AC, netis_DFF2D7, Rozetka, vt537_guest, Redmi, TP-Link_3428, TOTOLINK N300RT, LenAaaa123, KPI-Telecom-SRS-H19, DozoRfree, Happy Cake, DATAGROUP, TOTOLINK_N300RT, ASUS_F4, Orlan, McDonalds Free WiFi, Redmi, DIR-300, TOR-BA-Free, MOSQUITO, Library, Student, Rivne Free, Globus, bojepomogi2G, AndroidAP272A, _Starinfo, Belka, Beijing style, smi)e, vpn.rinet.ua, RTFnet, Ukrtelecom, dlink, BROVARNYA, Kyiv Zoo Free, dacis, AndroidAP, AkademCity Free, radik, Redmi5, Ramen-02 Public, Pixel_4271, neVdoma, , , .Mister Cat Shulyavka | WIFIBAR, atelier, DIR-300NRUB7, TOTOLINK N150RT, GALKA, RivneFree t, Puri-Guest, 56A, TP-LINK, iPhone, DIR615.2, Sim23Free, WiFi-Mir8, 56a, TP-LINK_66F788, Tenda_3C9EC0, Redmi Note 7, Whiskey, GameInn, Pechat-116, Xperia Z1_72a6, TP-LINK_DC68, Bald, TP-LINK_2EC80C, Starman, Father, RTL8186-default, , , Dickson, DESKTOP-BBMH029 4569, HONOR 10i, avtocivilka.org.ua_guest_free, KyMU_WiFi, 14rovno    , 14rovn
12-19 18:30:36.655  3049  4286 I chatty  : uid=1000(system) Binder:3049_A expire 5 lines
12-19 18:30:36.827  2358  2358 I wificond: Pno scan started
12-19 18:30:36.897  3049  5824 I chatty  : uid=1000(system) Binder:3049_17 expire 2 lines
12-19 18:30:36.898  3049  9277 I chatty  : uid=1000(system) Binder:3049_1B expire 4 lines
12-19 18:30:36.932  3049  3123 I chatty  : uid=1000(system) ActivityManager expire 10 lines
12-19 18:30:36.937  3049  5442 I chatty  : uid=1000(system) Binder:3049_14 expire 1 line
12-19 18:30:37.217  2343  2558 E NetlinkEvent: NetlinkEvent::FindParam(): Parameter 'INTERFACE' not found
12-19 18:30:37.217  2343  2558 E NetlinkEvent: NetlinkEvent::FindParam(): Parameter 'STATE' not found
12-19 18:30:37.217  2343  2558 E NetlinkEvent: NetlinkEvent::FindParam(): Parameter 'TIME_NS' not found
12-19 18:30:37.217  2343  2558 E NetlinkEvent: NetlinkEvent::FindParam(): Parameter 'UID' not found
12-19 18:30:39.915  2358  2358 I wificond: Pno scan result ready event
12-19 18:30:39.962  2358  2358 W wificond: Scan is not started. Ignore abort request
12-19 18:30:40.010  3049  5158 I chatty  : uid=1000(system) Binder:3049_D expire 1 line
12-19 18:30:40.010  3049  5376 I chatty  : uid=1000(system) Binder:3049_12 expire 3 lines
12-19 18:30:40.010  3049  5113 I chatty  : uid=1000(system) Binder:3049_B expire 1 line
12-19 18:30:40.320  2358  2358 I wificond: Pno scan stopped
12-19 18:30:59.098  2343  2558 E NetlinkEvent: NetlinkEvent::FindParam(): Parameter 'INTERFACE' not found
12-19 18:30:59.098  2343  2558 E NetlinkEvent: NetlinkEvent::FindParam(): Parameter 'STATE' not found
12-19 18:30:59.098  2343  2558 E NetlinkEvent: NetlinkEvent::FindParam(): Parameter 'TIME_NS' not found
12-19 18:30:59.098  2343  2558 E NetlinkEvent: NetlinkEvent::FindParam(): Parameter 'UID' not found
12-19 18:31:00.506  3049 12400 I chatty  : uid=1000(system) Binder:3049_1E expire 2 lines
12-19 18:31:00.511  3678  3678 V KeyguardDisplayManager: hide
12-19 18:31:00.520  3049  3123 I chatty  : uid=1000(system) ActivityManager expire 15 lines
12-19 18:31:00.541  3049  3938 I chatty  : uid=1000(system) Binder:3049_6 expire 3 lines
12-19 18:31:02.222  3049 10421 I chatty  : uid=1000(system) Binder:3049_1C expire 2 lines
12-19 18:31:03.523  3049  3049 I chatty  : uid=1000 system_server expire 15 lines
12-19 18:31:05.392 30314 30391 E ActivityThread: Failed to find provider info for com.teslacoilsw.notifier
12-19 18:31:05.436 30314 30391 I chatty  : uid=10183(org.telegram.messenger) Renderer identical 2 lines
12-19 18:31:05.579 30314 30391 E ActivityThread: Failed to find provider info for com.teslacoilsw.notifier
12-19 18:31:06.622  2358  2358 I wificond: Unsubscribe scan result for interface with index: 30
12-19 18:31:06.681   576   576 E android.hardware.wifi@1.0-service: Failed to open directory: Permission denied
12-19 18:31:06.681   576   576 E android.hardware.wifi@1.0-service: Error occurred while deleting old tombstone files
12-19 18:31:06.681   576   576 E android.hardware.wifi@1.0-service: Error writing files to flash
12-19 18:31:06.682   576 19344 I android.hardware.wifi@1.0-service: Legacy HAL stop complete callback received
12-19 18:31:07.422  2343  2559 D NetlinkEvent: Unknown ifindex 30 in RTM_DELADDR
12-19 18:31:07.998  2357  2506 E storaged: getDiskStats failed with result NOT_SUPPORTED and size 0
12-19 18:31:08.450   576   576 I android.hardware.wifi@1.0-service: Wifi HAL stopped
12-19 18:31:08.452  3049  3597 I chatty  : uid=1000(system) ConnectivitySer expire 7 lines
12-19 18:31:08.518  3049  3595 I chatty  : uid=1000(system) WifiP2pService expire 1 line
12-19 18:31:08.945   576   576 I android.hardware.wifi@1.0-service: Wifi HAL started
12-19 18:31:09.175   576   576 I android.hardware.wifi@1.0-service: Adding interface handle for wlan0
12-19 18:31:09.176   576   576 I android.hardware.wifi@1.0-service: Adding interface handle for p2p0
12-19 18:31:09.176   576   576 I android.hardware.wifi@1.0-service: Configured chip in mode 0
12-19 18:31:09.185  2358  2358 I wificond: create scanner for interface with index: 32
12-19 18:31:09.185  2358  2358 I wificond: subscribe scan result for interface with index: 32
12-19 18:31:09.191  2358  2358 E wificond: No Offload Service available
12-19 18:31:09.191  2358  2358 I wificond: Offload HAL not supported 
12-19 18:31:09.464  2358  2358 W wificond: No pno scan started
12-19 18:31:09.465  2358  2358 W wificond: Scheduled scan is not running!
12-19 18:31:09.664  3049  3130 I chatty  : uid=1000(system) batterystats-wo expire 8 lines
12-19 18:31:10.007 30314 30391 E ActivityThread: Failed to find provider info for com.teslacoilsw.notifier
12-19 18:31:27.523  3049  8275 I chatty  : uid=1000(system) Binder:3049_1A expire 2 lines
12-19 18:31:27.652  3049  3610 I chatty  : uid=1000(system) Binder:3049_3 expire 3 lines
12-19 18:31:29.310  3678  3678 V KeyguardDisplayManager: show
12-19 18:31:29.440  3049  3049 I chatty  : uid=1000 system_server expire 20 lines
12-19 18:31:29.485  2358  2358 W wificond: No pno scan started
12-19 18:31:29.485  2358  2358 W wificond: Scheduled scan is not running!
12-19 18:31:29.712  2358  2358 I wificond: Unsubscribe scan result for interface with index: 32
12-19 18:31:29.732  2358  2358 W wificond: No handler for scan result notification from interface with index: 32
12-19 18:31:29.843   576   576 E android.hardware.wifi@1.0-service: Failed to open directory: Permission denied
12-19 18:31:29.843   576   576 E android.hardware.wifi@1.0-service: Error occurred while deleting old tombstone files
12-19 18:31:29.843   576   576 E android.hardware.wifi@1.0-service: Error writing files to flash
12-19 18:31:29.844   576 30481 I android.hardware.wifi@1.0-service: Legacy HAL stop complete callback received
12-19 18:31:31.277   576   576 I android.hardware.wifi@1.0-service: Wifi HAL stopped
12-19 18:31:36.213  3049  3123 I chatty  : uid=1000(system) ActivityManager expire 19 lines
12-19 18:31:36.616   576   576 I android.hardware.wifi@1.0-service: Wifi HAL started
12-19 18:31:36.730   576   576 I android.hardware.wifi@1.0-service: Adding interface handle for wlan0
12-19 18:31:36.730   576   576 I android.hardware.wifi@1.0-service: Adding interface handle for p2p0
12-19 18:31:36.730   576   576 I android.hardware.wifi@1.0-service: Configured chip in mode 0
12-19 18:31:36.738  2358  2358 I wificond: create scanner for interface with index: 34
12-19 18:31:36.738  2358  2358 I wificond: subscribe scan result for interface with index: 34
12-19 18:31:36.739  2358  2358 E wificond: No Offload Service available
12-19 18:31:36.739  2358  2358 I wificond: Offload HAL not supported 
12-19 18:31:37.614  3678  3678 V KeyguardStatusView: refresh statusview showing:true
12-19 18:31:39.501  3049  3154 I chatty  : uid=1000(system) PowerManagerSer expire 6 lines
12-19 18:31:40.136  2358  2358 W wificond: No pno scan started
12-19 18:31:40.136  2358  2358 W wificond: Scheduled scan is not running!
12-19 18:31:40.362  2358  2358 I wificond: Unsubscribe scan result for interface with index: 34
12-19 18:31:40.480   576   576 E android.hardware.wifi@1.0-service: Failed to open directory: Permission denied
12-19 18:31:40.480   576   576 E android.hardware.wifi@1.0-service: Error occurred while deleting old tombstone files
12-19 18:31:40.480   576   576 E android.hardware.wifi@1.0-service: Error writing files to flash
12-19 18:31:40.480   576 30655 I android.hardware.wifi@1.0-service: Legacy HAL stop complete callback received
12-19 18:31:41.708   576   576 I android.hardware.wifi@1.0-service: Wifi HAL stopped
12-19 18:31:49.436  2343  2558 E NetlinkEvent: NetlinkEvent::FindParam(): Parameter 'INTERFACE' not found
12-19 18:31:49.436  2343  2558 E NetlinkEvent: NetlinkEvent::FindParam(): Parameter 'STATE' not found
12-19 18:31:49.436  2343  2558 E NetlinkEvent: NetlinkEvent::FindParam(): Parameter 'TIME_NS' not found
12-19 18:31:49.436  2343  2558 E NetlinkEvent: NetlinkEvent::FindParam(): Parameter 'UID' not found
12-19 18:31:55.208  3049  3049 I chatty  : uid=1000 system_server expire 10 lines
12-19 18:31:55.343  3049  3123 I chatty  : uid=1000(system) ActivityManager expire 20 lines
12-19 18:31:55.809   576   576 I android.hardware.wifi@1.0-service: Wifi HAL started
12-19 18:31:55.950   576   576 I android.hardware.wifi@1.0-service: Adding interface handle for wlan0
12-19 18:31:55.950   576   576 I android.hardware.wifi@1.0-service: Adding interface handle for p2p0
12-19 18:31:55.950   576   576 I android.hardware.wifi@1.0-service: Configured chip in mode 0
12-19 18:31:55.964  2358  2358 I wificond: create scanner for interface with index: 36
12-19 18:31:55.964  2358  2358 I wificond: subscribe scan result for interface with index: 36
12-19 18:31:55.966  2358  2358 E wificond: No Offload Service available
12-19 18:31:55.966  2358  2358 I wificond: Offload HAL not supported 
12-19 18:31:56.549  3049 15742 I chatty  : uid=1000(system) Binder:3049_20 expire 2 lines
12-19 18:31:56.559  3678  3678 V KeyguardDisplayManager: hide
12-19 18:31:56.578  3049  5823 I chatty  : uid=1000(system) Binder:3049_16 expire 2 lines
12-19 18:32:00.528  3049  3124 I chatty  : uid=1000(system) android.ui expire 1 line
12-19 18:32:01.629  3049  3123 I chatty  : uid=1000(system) ActivityManager expire 92 lines
12-19 18:32:01.665  3049  5158 I chatty  : uid=1000(system) Binder:3049_D expire 4 lines
12-19 18:32:01.706  3049 15742 I chatty  : uid=1000(system) Binder:3049_20 expire 9 lines
12-19 18:32:01.727  3049  5823 I chatty  : uid=1000(system) Binder:3049_16 expire 10 lines
12-19 18:32:01.941  3049  3597 I chatty  : uid=1000(system) ConnectivitySer expire 2 lines
12-19 18:32:01.987  3049  3938 I chatty  : uid=1000(system) Binder:3049_6 expire 11 lines
12-19 18:32:02.341  3049  5179 I chatty  : uid=1000(system) Binder:3049_F expire 6 lines
12-19 18:32:07.157  3049  5190 I chatty  : uid=1000(system) Binder:3049_10 expire 10 lines
12-19 18:32:07.186  3049  3610 I chatty  : uid=1000(system) Binder:3049_3 expire 5 lines
12-19 18:32:07.555  3049  5376 I chatty  : uid=1000(system) Binder:3049_12 expire 13 lines
12-19 18:32:10.998  3049  3130 I chatty  : uid=1000(system) batterystats-wo expire 6 lines
12-19 18:32:11.351  2357  2506 E storaged: getDiskStats failed with result NOT_SUPPORTED and size 0
12-19 18:32:13.414  3049  3049 I chatty  : uid=1000 system_server expire 2 lines
12-19 18:32:14.376  3049  8275 I chatty  : uid=1000(system) Binder:3049_1A expire 10 lines
12-19 18:32:29.866  3049  3125 I chatty  : uid=1000(system) ActivityManager expire 2 lines
12-19 18:32:52.215  2343  2558 E NetlinkEvent: NetlinkEvent::FindParam(): Parameter 'INTERFACE' not found
12-19 18:32:52.215  2343  2558 E NetlinkEvent: NetlinkEvent::FindParam(): Parameter 'STATE' not found
12-19 18:32:52.215  2343  2558 E NetlinkEvent: NetlinkEvent::FindParam(): Parameter 'TIME_NS' not found
12-19 18:32:52.215  2343  2558 E NetlinkEvent: NetlinkEvent::FindParam(): Parameter 'UID' not found
12-19 18:32:57.396  2343  2558 E NetlinkEvent: NetlinkEvent::FindParam(): Parameter 'INTERFACE' not found
12-19 18:32:57.396  2343  2558 E NetlinkEvent: NetlinkEvent::FindParam(): Parameter 'STATE' not found
12-19 18:32:57.396  2343  2558 E NetlinkEvent: NetlinkEvent::FindParam(): Parameter 'TIME_NS' not found
12-19 18:32:57.396  2343  2558 E NetlinkEvent: NetlinkEvent::FindParam(): Parameter 'UID' not found
12-19 18:33:11.354  2357  2506 E storaged: getDiskStats failed with result NOT_SUPPORTED and size 0
12-19 18:33:30.570  3049  3123 I chatty  : uid=1000(system) ActivityManager expire 60 lines
12-19 18:33:46.807  2343  2558 E NetlinkEvent: NetlinkEvent::FindParam(): Parameter 'INTERFACE' not found
12-19 18:33:46.808  2343  2558 E NetlinkEvent: NetlinkEvent::FindParam(): Parameter 'STATE' not found
12-19 18:33:46.808  2343  2558 E NetlinkEvent: NetlinkEvent::FindParam(): Parameter 'TIME_NS' not found
12-19 18:33:46.808  2343  2558 E NetlinkEvent: NetlinkEvent::FindParam(): Parameter 'UID' not found
12-19 18:34:11.355  2357  2506 E storaged: getDiskStats failed with result NOT_SUPPORTED and size 0
12-19 18:34:44.847  3049  3576 I chatty  : uid=1000(system) InputDispatcher expire 1 line
12-19 18:35:00.084  3049  5190 I chatty  : uid=1000(system) Binder:3049_10 expire 3 lines
12-19 18:35:02.047  3049  5442 I chatty  : uid=1000(system) Binder:3049_14 expire 4 lines
12-19 18:35:02.748  3049  3817 I chatty  : uid=1000(system) Binder:3049_5 expire 2 lines
12-19 18:35:03.226  3049  5156 I chatty  : uid=1000(system) Binder:3049_C expire 3 lines
12-19 18:35:03.949  3049  3610 I chatty  : uid=1000(system) Binder:3049_3 expire 9 lines
12-19 18:35:04.537  3049  9277 I chatty  : uid=1000(system) Binder:3049_1B expire 2 lines
12-19 18:35:04.538  3049  3123 I chatty  : uid=1000(system) ActivityManager expire 20 lines
12-19 18:35:04.571  3049  3817 I chatty  : uid=1000(system) Binder:3049_5 expire 5 lines
12-19 18:35:05.099  3049  5442 I chatty  : uid=1000(system) Binder:3049_14 expire 6 lines
12-19 18:35:11.357  2357  2506 E storaged: getDiskStats failed with result NOT_SUPPORTED and size 0
12-19 18:35:32.807  3049  3577 I chatty  : uid=1000(system) InputReader expire 4 lines
12-19 18:35:32.807  3049  3049 I chatty  : uid=1000 system_server expire 14 lines
12-19 18:35:32.808  3049  3154 I chatty  : uid=1000(system) PowerManagerSer expire 11 lines
12-19 18:35:33.194  3049  3151 I chatty  : uid=1000(system) android.display expire 6 lines
12-19 18:35:33.487  3049  5158 I chatty  : uid=1000(system) Binder:3049_D expire 3 lines
12-19 18:35:33.561  2358  2358 W wificond: No pno scan started
12-19 18:35:33.561  2358  2358 W wificond: Scheduled scan is not running!
12-19 18:35:33.706  3678  3678 V KeyguardStatusView: refresh statusview showing:true
12-19 18:35:33.713  3678  3678 V KeyguardDisplayManager: show
12-19 18:35:33.774  2358  2358 I wificond: Unsubscribe scan result for interface with index: 36
12-19 18:35:33.894   576   576 E android.hardware.wifi@1.0-service: Failed to open directory: Permission denied
12-19 18:35:33.894   576   576 E android.hardware.wifi@1.0-service: Error occurred while deleting old tombstone files
12-19 18:35:33.894   576   576 E android.hardware.wifi@1.0-service: Error writing files to flash
12-19 18:35:33.895   576 30745 I android.hardware.wifi@1.0-service: Legacy HAL stop complete callback received
12-19 18:35:35.079   576   576 I android.hardware.wifi@1.0-service: Wifi HAL stopped
12-19 18:35:35.085  3049  3130 I chatty  : uid=1000(system) batterystats-wo expire 10 lines
12-19 18:35:39.663  3049  4285 I chatty  : uid=1000(system) Binder:3049_9 expire 1 line
12-19 18:35:46.414  3049  3123 I chatty  : uid=1000(system) ActivityManager expire 14 lines
12-19 18:35:53.380  3049  3965 I chatty  : uid=1000(system) Binder:3049_7 expire 1 line
12-19 18:36:24.354  2343  2558 E NetlinkEvent: NetlinkEvent::FindParam(): Parameter 'INTERFACE' not found
12-19 18:36:24.354  2343  2558 E NetlinkEvent: NetlinkEvent::FindParam(): Parameter 'STATE' not found
12-19 18:36:24.354  2343  2558 E NetlinkEvent: NetlinkEvent::FindParam(): Parameter 'TIME_NS' not found
12-19 18:36:24.354  2343  2558 E NetlinkEvent: NetlinkEvent::FindParam(): Parameter 'UID' not found
12-19 18:36:39.432  3049  4262 I chatty  : uid=1000(system) Binder:3049_8 expire 6 lines
12-19 18:36:39.746  3049  5178 I chatty  : uid=1000(system) Binder:3049_E expire 4 lines
12-19 18:36:44.120  2357  2506 E storaged: getDiskStats failed with result NOT_SUPPORTED and size 0
12-19 18:37:38.493  2343  2558 E NetlinkEvent: NetlinkEvent::FindParam(): Parameter 'INTERFACE' not found
12-19 18:37:38.493  2343  2558 E NetlinkEvent: NetlinkEvent::FindParam(): Parameter 'STATE' not found
12-19 18:37:38.493  2343  2558 E NetlinkEvent: NetlinkEvent::FindParam(): Parameter 'TIME_NS' not found
12-19 18:37:38.493  2343  2558 E NetlinkEvent: NetlinkEvent::FindParam(): Parameter 'UID' not found
12-19 18:37:56.264  3049  3122 I chatty  : uid=1000(system) android.bg expire 1 line
12-19 18:37:56.267  2343  2558 E NetlinkEvent: NetlinkEvent::FindParam(): Parameter 'INTERFACE' not found
12-19 18:37:56.267  2343  2558 E NetlinkEvent: NetlinkEvent::FindParam(): Parameter 'STATE' not found
12-19 18:37:56.267  2343  2558 E NetlinkEvent: NetlinkEvent::FindParam(): Parameter 'TIME_NS' not found
12-19 18:37:56.267  2343  2558 E NetlinkEvent: NetlinkEvent::FindParam(): Parameter 'UID' not found
12-19 18:38:02.022  2343  2558 E NetlinkEvent: NetlinkEvent::FindParam(): Parameter 'INTERFACE' not found
12-19 18:38:02.022  2343  2558 E NetlinkEvent: NetlinkEvent::FindParam(): Parameter 'STATE' not found
12-19 18:38:02.022  2343  2558 E NetlinkEvent: NetlinkEvent::FindParam(): Parameter 'TIME_NS' not found
12-19 18:38:02.022  2343  2558 E NetlinkEvent: NetlinkEvent::FindParam(): Parameter 'UID' not found
12-19 18:38:05.860  2357  2506 E storaged: getDiskStats failed with result NOT_SUPPORTED and size 0
12-19 18:38:06.947  3049  3123 I chatty  : uid=1000(system) ActivityManager expire 17 lines
12-19 18:38:07.088  2343  2558 E NetlinkEvent: NetlinkEvent::FindParam(): Parameter 'INTERFACE' not found
12-19 18:38:07.088  2343  2558 E NetlinkEvent: NetlinkEvent::FindParam(): Parameter 'STATE' not found
12-19 18:38:07.088  2343  2558 E NetlinkEvent: NetlinkEvent::FindParam(): Parameter 'TIME_NS' not found
12-19 18:38:07.088  2343  2558 E NetlinkEvent: NetlinkEvent::FindParam(): Parameter 'UID' not found
12-19 18:38:14.440  2343  2558 E NetlinkEvent: NetlinkEvent::FindParam(): Parameter 'INTERFACE' not found
12-19 18:38:14.440  2343  2558 E NetlinkEvent: NetlinkEvent::FindParam(): Parameter 'STATE' not found
12-19 18:38:14.440  2343  2558 E NetlinkEvent: NetlinkEvent::FindParam(): Parameter 'TIME_NS' not found
12-19 18:38:14.440  2343  2558 E NetlinkEvent: NetlinkEvent::FindParam(): Parameter 'UID' not found
12-19 18:38:33.881  2343  2558 E NetlinkEvent: NetlinkEvent::FindParam(): Parameter 'INTERFACE' not found
12-19 18:38:33.881  2343  2558 E NetlinkEvent: NetlinkEvent::FindParam(): Parameter 'STATE' not found
12-19 18:38:33.881  2343  2558 E NetlinkEvent: NetlinkEvent::FindParam(): Parameter 'TIME_NS' not found
12-19 18:38:33.881  2343  2558 E NetlinkEvent: NetlinkEvent::FindParam(): Parameter 'UID' not found
12-19 18:39:09.388  2343  2558 E NetlinkEvent: NetlinkEvent::FindParam(): Parameter 'INTERFACE' not found
12-19 18:39:09.388  2343  2558 E NetlinkEvent: NetlinkEvent::FindParam(): Parameter 'STATE' not found
12-19 18:39:09.388  2343  2558 E NetlinkEvent: NetlinkEvent::FindParam(): Parameter 'TIME_NS' not found
12-19 18:39:09.388  2343  2558 E NetlinkEvent: NetlinkEvent::FindParam(): Parameter 'UID' not found
12-19 18:39:10.768  3678  3678 V KeyguardStatusView: refresh statusview showing:true
12-19 18:39:10.773  3049  3049 I chatty  : uid=1000 system_server expire 11 lines
12-19 18:39:10.939 30314 30391 E ActivityThread: Failed to find provider info for com.teslacoilsw.notifier
12-19 18:39:11.668  3049  3125 I chatty  : uid=1000(system) ActivityManager expire 2 lines
12-19 18:39:12.123   576   576 I android.hardware.wifi@1.0-service: Wifi HAL started
12-19 18:39:12.337   576   576 I android.hardware.wifi@1.0-service: Adding interface handle for wlan0
12-19 18:39:12.337   576   576 I android.hardware.wifi@1.0-service: Adding interface handle for p2p0
12-19 18:39:12.337   576   576 I android.hardware.wifi@1.0-service: Configured chip in mode 0
12-19 18:39:12.352  2358  2358 I wificond: create scanner for interface with index: 38
12-19 18:39:12.352  2358  2358 I wificond: subscribe scan result for interface with index: 38
12-19 18:39:12.359  2358  2358 E wificond: No Offload Service available
12-19 18:39:12.360  2358  2358 I wificond: Offload HAL not supported 
12-19 18:39:12.562  3049  3130 I chatty  : uid=1000(system) batterystats-wo expire 4 lines
12-19 18:39:21.463  2358  2358 W wificond: No pno scan started
12-19 18:39:21.463  2358  2358 W wificond: Scheduled scan is not running!
12-19 18:39:21.669  2358  2358 I wificond: Unsubscribe scan result for interface with index: 38
12-19 18:39:21.785   576   576 E android.hardware.wifi@1.0-service: Failed to open directory: Permission denied
12-19 18:39:21.785   576   576 E android.hardware.wifi@1.0-service: Error occurred while deleting old tombstone files
12-19 18:39:21.785   576   576 E android.hardware.wifi@1.0-service: Error writing files to flash
12-19 18:39:21.786   576 31985 I android.hardware.wifi@1.0-service: Legacy HAL stop complete callback received
12-19 18:39:22.922   576   576 I android.hardware.wifi@1.0-service: Wifi HAL stopped
12-19 18:39:25.522  3049  3049 I chatty  : uid=1000 system_server expire 22 lines
12-19 18:39:25.913  3049  3154 I chatty  : uid=1000(system) PowerManagerSer expire 6 lines
12-19 18:39:26.030  3049  3123 I chatty  : uid=1000(system) ActivityManager expire 10 lines
12-19 18:39:26.208  3049  4286 I chatty  : uid=1000(system) Binder:3049_A expire 3 lines
12-19 18:39:26.487   576   576 I android.hardware.wifi@1.0-service: Wifi HAL started
12-19 18:39:26.709   576   576 I android.hardware.wifi@1.0-service: Adding interface handle for wlan0
12-19 18:39:26.709   576   576 I android.hardware.wifi@1.0-service: Adding interface handle for p2p0
12-19 18:39:26.709   576   576 I android.hardware.wifi@1.0-service: Configured chip in mode 0
12-19 18:39:26.730  2358  2358 I wificond: create scanner for interface with index: 40
12-19 18:39:26.730  2358  2358 I wificond: subscribe scan result for interface with index: 40
12-19 18:39:26.733  2358  2358 E wificond: No Offload Service available
12-19 18:39:26.733  2358  2358 I wificond: Offload HAL not supported 
12-19 18:39:32.246 30314 30391 E ActivityThread: Failed to find provider info for com.teslacoilsw.notifier
12-19 18:39:32.260 30314 30391 E ActivityThread: Failed to find provider info for com.teslacoilsw.notifier
12-19 18:39:32.461  3049  3597 I chatty  : uid=1000(system) ConnectivitySer expire 16 lines
12-19 18:39:32.485  3678  3678 V KeyguardStatusView: refresh statusview showing:true
12-19 18:39:33.213  2357  2506 E storaged: getDiskStats failed with result NOT_SUPPORTED and size 0
12-19 18:39:36.329  3678  3678 V KeyguardDisplayManager: hide
12-19 18:39:36.333  3049  3123 I chatty  : uid=1000(system) ActivityManager expire 15 lines
12-19 18:39:36.342  3049  3049 I chatty  : uid=1000 system_server expire 11 lines
12-19 18:39:40.015  2358  2358 I wificond: Unsubscribe scan result for interface with index: 40
12-19 18:39:40.136   576   576 E android.hardware.wifi@1.0-service: Failed to open directory: Permission denied
12-19 18:39:40.136   576   576 E android.hardware.wifi@1.0-service: Error occurred while deleting old tombstone files
12-19 18:39:40.136   576   576 E android.hardware.wifi@1.0-service: Error writing files to flash
12-19 18:39:40.137   576 32118 I android.hardware.wifi@1.0-service: Legacy HAL stop complete callback received
12-19 18:39:40.218  3049  3073 I chatty  : uid=1000(system) Binder:3049_1 expire 2 lines
12-19 18:39:40.222  3049  3685 I chatty  : uid=1000(system) Binder:3049_4 expire 1 line
12-19 18:39:41.330  2358  2358 E wificond: Failed to find expected wiphy info from NL80211_CMD_GET_WIPHY responses
12-19 18:39:41.330  2358  2358 E wificond: Failed to get wiphy info from kernel
12-19 18:39:41.331  2358  2358 E wificond: Failed to find expected wiphy info from NL80211_CMD_GET_WIPHY responses
12-19 18:39:41.331  2358  2358 E wificond: Failed to get wiphy info from kernel
12-19 18:39:41.332  2358  2358 E wificond: Failed to find expected wiphy info from NL80211_CMD_GET_WIPHY responses
12-19 18:39:41.332  2358  2358 E wificond: Failed to get wiphy info from kernel
12-19 18:39:41.587   576   576 I android.hardware.wifi@1.0-service: Wifi HAL stopped
12-19 18:39:41.962   576   576 I android.hardware.wifi@1.0-service: Wifi HAL started
12-19 18:39:42.181   576   576 I android.hardware.wifi@1.0-service: Adding interface handle for wlan0
12-19 18:39:42.181   576   576 I android.hardware.wifi@1.0-service: Adding interface handle for p2p0
12-19 18:39:42.182   576   576 I android.hardware.wifi@1.0-service: Configured chip in mode 0
12-19 18:39:42.193  2358  2358 I wificond: create scanner for interface with index: 42
12-19 18:39:42.193  2358  2358 I wificond: subscribe scan result for interface with index: 42
12-19 18:39:42.195  2358  2358 E wificond: No Offload Service available
12-19 18:39:42.195  2358  2358 I wificond: Offload HAL not supported 
12-19 18:39:42.365  2358  2358 W wificond: No pno scan started
12-19 18:39:42.365  2358  2358 W wificond: Scheduled scan is not running!
12-19 18:39:42.532  3049  3595 I chatty  : uid=1000(system) WifiP2pService expire 2 lines
12-19 18:39:44.434  2358  2358 W wificond: Scan is not started. Ignore abort request
12-19 18:39:52.725  2343  2558 E NetlinkEvent: NetlinkEvent::FindParam(): Parameter 'INTERFACE' not found
12-19 18:39:52.725  2343  2558 E NetlinkEvent: NetlinkEvent::FindParam(): Parameter 'STATE' not found
12-19 18:39:52.725  2343  2558 E NetlinkEvent: NetlinkEvent::FindParam(): Parameter 'TIME_NS' not found
12-19 18:39:52.726  2343  2558 E NetlinkEvent: NetlinkEvent::FindParam(): Parameter 'UID' not found
12-19 18:40:05.262  2343  2558 E NetlinkEvent: NetlinkEvent::FindParam(): Parameter 'INTERFACE' not found
12-19 18:40:05.262  2343  2558 E NetlinkEvent: NetlinkEvent::FindParam(): Parameter 'STATE' not found
12-19 18:40:05.262  2343  2558 E NetlinkEvent: NetlinkEvent::FindParam(): Parameter 'TIME_NS' not found
12-19 18:40:05.263  2343  2558 E NetlinkEvent: NetlinkEvent::FindParam(): Parameter 'UID' not found
12-19 18:40:05.321  3049  3597 I chatty  : uid=1000(system) ConnectivitySer expire 6 lines
12-19 18:40:12.009  2343  2558 E NetlinkEvent: NetlinkEvent::FindParam(): Parameter 'INTERFACE' not found
12-19 18:40:12.009  2343  2558 E NetlinkEvent: NetlinkEvent::FindParam(): Parameter 'STATE' not found
12-19 18:40:12.009  2343  2558 E NetlinkEvent: NetlinkEvent::FindParam(): Parameter 'TIME_NS' not found
12-19 18:40:12.009  2343  2558 E NetlinkEvent: NetlinkEvent::FindParam(): Parameter 'UID' not found
12-19 18:40:20.804  2343  2558 E NetlinkEvent: NetlinkEvent::FindParam(): Parameter 'INTERFACE' not found
12-19 18:40:20.804  2343  2558 E NetlinkEvent: NetlinkEvent::FindParam(): Parameter 'STATE' not found
12-19 18:40:20.804  2343  2558 E NetlinkEvent: NetlinkEvent::FindParam(): Parameter 'TIME_NS' not found
12-19 18:40:20.804  2343  2558 E NetlinkEvent: NetlinkEvent::FindParam(): Parameter 'UID' not found
12-19 18:40:33.215  2357  2506 E storaged: getDiskStats failed with result NOT_SUPPORTED and size 0
12-19 18:40:33.928  3049  3049 I chatty  : uid=1000 system_server expire 8 lines
12-19 18:40:38.353  3049  6594 I chatty  : uid=1000(system) Binder:3049_18 expire 1 line
12-19 18:40:38.576  3678  3678 V KeyguardStatusView: refresh statusview showing:true
12-19 18:40:38.581  3678  3678 V KeyguardDisplayManager: show
12-19 18:41:16.129  2343  2558 E NetlinkEvent: NetlinkEvent::FindParam(): Parameter 'INTERFACE' not found
12-19 18:41:16.129  2343  2558 E NetlinkEvent: NetlinkEvent::FindParam(): Parameter 'STATE' not found
12-19 18:41:16.129  2343  2558 E NetlinkEvent: NetlinkEvent::FindParam(): Parameter 'TIME_NS' not found
12-19 18:41:16.129  2343  2558 E NetlinkEvent: NetlinkEvent::FindParam(): Parameter 'UID' not found
12-19 18:41:16.274  3049  3123 I chatty  : uid=1000(system) ActivityManager expire 11 lines
12-19 18:41:16.308  3049  3597 I chatty  : uid=1000(system) ConnectivitySer expire 14 lines
12-19 18:41:16.362  2358  2358 W wificond: Skip match ssid for pno scan: TP-LINK_C6AC, netis_DFF2D7, Rozetka, vt537_guest, Redmi, TP-Link_3428, TOTOLINK N300RT, LenAaaa123, KPI-Telecom-SRS-H19, DozoRfree, Happy Cake, DATAGROUP, TOTOLINK_N300RT, ASUS_F4, Orlan, McDonalds Free WiFi, Redmi, DIR-300, TOR-BA-Free, MOSQUITO, Library, Student, Rivne Free, Globus, bojepomogi2G, AndroidAP272A, _Starinfo, Belka, Beijing style, smi)e, vpn.rinet.ua, RTFnet, Ukrtelecom, dlink, BROVARNYA, Kyiv Zoo Free, dacis, AndroidAP, AkademCity Free, radik, Redmi5, Ramen-02 Public, Pixel_4271, neVdoma, , , .Mister Cat Shulyavka | WIFIBAR, atelier, DIR-300NRUB7, TOTOLINK N150RT, GALKA, RivneFree t, Puri-Guest, 56A, TP-LINK, iPhone, DIR615.2, Sim23Free, WiFi-Mir8, 56a, TP-LINK_66F788, Tenda_3C9EC0, Redmi Note 7, Whiskey, GameInn, Pechat-116, Xperia Z1_72a6, TP-LINK_DC68, Bald, TP-LINK_2EC80C, Starman, Father, RTL8186-default, , , Dickson, DESKTOP-BBMH029 4569, HONOR 10i, avtocivilka.org.ua_guest_free, KyMU_WiFi, 14rovno    , 14rovn
12-19 18:41:16.533  2358  2358 I wificond: Pno scan started
12-19 18:41:16.591  3049  4262 I chatty  : uid=1000(system) Binder:3049_8 expire 2 lines
12-19 18:41:19.620  2358  2358 I wificond: Pno scan result ready event
12-19 18:41:25.674  3049  3577 I chatty  : uid=1000(system) InputReader expire 9 lines
12-19 18:41:25.674  3049  3049 I chatty  : uid=1000 system_server expire 12 lines
12-19 18:41:25.707  3049  3154 I chatty  : uid=1000(system) PowerManagerSer expire 10 lines
12-19 18:41:25.723  3049  3151 I chatty  : uid=1000(system) android.display expire 10 lines
12-19 18:41:25.764  2358  2358 I wificond: Pno scan stopped
12-19 18:41:25.958  3049  3652 I chatty  : uid=1000(system) SyncManager expire 1 line
12-19 18:41:29.085  2358  2358 W wificond: Scan is not started. Ignore abort request
12-19 18:41:29.953  3049  5158 I chatty  : uid=1000(system) Binder:3049_D expire 3 lines
12-19 18:41:29.959  3678  3678 V KeyguardDisplayManager: hide
12-19 18:41:29.963  3049  3123 I chatty  : uid=1000(system) ActivityManager expire 13 lines
12-19 18:41:30.184  3049  3817 I chatty  : uid=1000(system) Binder:3049_5 expire 2 lines
12-19 18:41:30.216  3049  3597 I chatty  : uid=1000(system) ConnectivitySer expire 10 lines
12-19 18:41:32.693  3049  6594 I chatty  : uid=1000(system) Binder:3049_18 expire 1 line
12-19 18:41:37.724  2358  2358 W wificond: Scan aborted
12-19 18:41:37.947  2358  2358 I wificond: Unsubscribe scan result for interface with index: 42
12-19 18:41:37.979   576   576 E android.hardware.wifi@1.0-service: Failed to open directory: Permission denied
12-19 18:41:37.979   576   576 E android.hardware.wifi@1.0-service: Error occurred while deleting old tombstone files
12-19 18:41:37.979   576   576 E android.hardware.wifi@1.0-service: Error writing files to flash
12-19 18:41:37.979   576 32187 I android.hardware.wifi@1.0-service: Legacy HAL stop complete callback received
12-19 18:41:38.617  2343  2559 D NetlinkEvent: Unknown ifindex 42 in RTM_DELADDR
12-19 18:41:39.481   576   576 I android.hardware.wifi@1.0-service: Wifi HAL stopped
12-19 18:41:39.572  3049  3595 I chatty  : uid=1000(system) WifiP2pService expire 1 line
12-19 18:41:39.968   576   576 I android.hardware.wifi@1.0-service: Wifi HAL started
12-19 18:41:40.186   576   576 I android.hardware.wifi@1.0-service: Adding interface handle for wlan0
12-19 18:41:40.186   576   576 I android.hardware.wifi@1.0-service: Adding interface handle for p2p0
12-19 18:41:40.187   576   576 I android.hardware.wifi@1.0-service: Configured chip in mode 0
12-19 18:41:40.207  2358  2358 I wificond: create scanner for interface with index: 44
12-19 18:41:40.207  2358  2358 I wificond: subscribe scan result for interface with index: 44
12-19 18:41:40.215  2358  2358 E wificond: No Offload Service available
12-19 18:41:40.215  2358  2358 I wificond: Offload HAL not supported 
12-19 18:41:40.386  2358  2358 W wificond: No pno scan started
12-19 18:41:40.386  2358  2358 W wificond: Scheduled scan is not running!
12-19 18:41:40.536  3049  3130 I chatty  : uid=1000(system) batterystats-wo expire 11 lines
12-19 18:41:40.759  3049  3049 I chatty  : uid=1000 system_server expire 17 lines
12-19 18:41:41.444  3049  5824 I chatty  : uid=1000(system) Binder:3049_17 expire 1 line
12-19 18:41:41.478  3678  3678 V KeyguardDisplayManager: show
12-19 18:41:41.483  2358  2358 W wificond: No pno scan started
12-19 18:41:41.483  2358  2358 W wificond: Scheduled scan is not running!
12-19 18:41:41.718  2358  2358 I wificond: Unsubscribe scan result for interface with index: 44
12-19 18:41:41.835   576   576 E android.hardware.wifi@1.0-service: Failed to open directory: Permission denied
12-19 18:41:41.835   576   576 E android.hardware.wifi@1.0-service: Error occurred while deleting old tombstone files
12-19 18:41:41.835   576   576 E android.hardware.wifi@1.0-service: Error writing files to flash
12-19 18:41:41.836   576 32640 I android.hardware.wifi@1.0-service: Legacy HAL stop complete callback received
12-19 18:41:43.081   576   576 I android.hardware.wifi@1.0-service: Wifi HAL stopped
12-19 18:42:00.920  2357  2506 E storaged: getDiskStats failed with result NOT_SUPPORTED and size 0
12-19 18:42:29.527  3049  3073 I chatty  : uid=1000(system) Binder:3049_1 expire 3 lines
12-19 18:43:00.921  2357  2506 E storaged: getDiskStats failed with result NOT_SUPPORTED and size 0
12-19 18:44:00.923  2357  2506 E storaged: getDiskStats failed with result NOT_SUPPORTED and size 0
12-19 18:45:00.924  2357  2506 E storaged: getDiskStats failed with result NOT_SUPPORTED and size 0
12-19 18:46:00.925  2357  2506 E storaged: getDiskStats failed with result NOT_SUPPORTED and size 0
12-19 18:47:00.926  2357  2506 E storaged: getDiskStats failed with result NOT_SUPPORTED and size 0
12-19 18:47:24.632  3049  3123 I chatty  : uid=1000(system) ActivityManager expire 15 lines
12-19 18:47:24.751  3049 10566 I chatty  : uid=1000(system) Binder:3049_1D expire 1 line
12-19 18:47:24.751  3049  4286 I chatty  : uid=1000(system) Binder:3049_A expire 1 line
12-19 18:48:00.928  2357  2506 E storaged: getDiskStats failed with result NOT_SUPPORTED and size 0
12-19 18:49:00.929  2357  2506 E storaged: getDiskStats failed with result NOT_SUPPORTED and size 0
12-19 18:49:56.042  3049  5190 I chatty  : uid=1000(system) Binder:3049_10 expire 3 lines
12-19 18:50:00.930  2357  2506 E storaged: getDiskStats failed with result NOT_SUPPORTED and size 0
12-19 18:51:00.931  2357  2506 E storaged: getDiskStats failed with result NOT_SUPPORTED and size 0
12-19 18:52:00.932  2357  2506 E storaged: getDiskStats failed with result NOT_SUPPORTED and size 0
12-19 18:53:01.068  2357  2506 E storaged: getDiskStats failed with result NOT_SUPPORTED and size 0
12-19 18:54:01.069  2357  2506 E storaged: getDiskStats failed with result NOT_SUPPORTED and size 0
12-19 18:55:01.070  2357  2506 E storaged: getDiskStats failed with result NOT_SUPPORTED and size 0
12-19 18:56:01.071  2357  2506 E storaged: getDiskStats failed with result NOT_SUPPORTED and size 0
12-19 18:57:01.072  2357  2506 E storaged: getDiskStats failed with result NOT_SUPPORTED and size 0
12-19 18:57:24.945  3049  5191 I chatty  : uid=1000(system) Binder:3049_11 expire 1 line
12-19 18:58:01.073  2357  2506 E storaged: getDiskStats failed with result NOT_SUPPORTED and size 0
12-19 18:59:01.074  2357  2506 E storaged: getDiskStats failed with result NOT_SUPPORTED and size 0
12-19 18:59:37.410  3049  3122 I chatty  : uid=1000(system) android.bg expire 1 line
12-19 19:00:01.075  2357  2506 E storaged: getDiskStats failed with result NOT_SUPPORTED and size 0
12-19 19:01:01.077  2357  2506 E storaged: getDiskStats failed with result NOT_SUPPORTED and size 0
12-19 19:02:01.078  2357  2506 E storaged: getDiskStats failed with result NOT_SUPPORTED and size 0
12-19 19:03:01.079  2357  2506 E storaged: getDiskStats failed with result NOT_SUPPORTED and size 0
12-19 19:03:22.670  3049  5441 I chatty  : uid=1000(system) Binder:3049_13 expire 2 lines
12-19 19:03:23.565  4677 26057 W PackageParser: Unknown element under <manifest>: queries at /data/user_de/0/com.google.android.gms/app_chimera/m/00000387/dl-AdsFdrDynamite.integ_223712200100000.apk Binary XML file line #11
12-19 19:03:23.679  4677 26057 W PackageParser: Unknown element under <manifest>: queries at /data/user_de/0/com.google.android.gms/app_chimera/m/000003a2/dl-AdsFdrDynamite.integ_224400003100000.apk Binary XML file line #11
12-19 19:03:23.778  4677 26057 W PackageParser: Unknown element under <manifest>: queries at /data/user_de/0/com.google.android.gms/app_chimera/m/00000255/dl-Payments.integ_213380802100408.apk Binary XML file line #5
12-19 19:03:24.157  4677 26057 W PackageParser: Unknown element under <manifest>: queries at /data/user_de/0/com.google.android.gms/app_chimera/m/00000387/dl-AdsFdrDynamite.integ_223712200100000.apk Binary XML file line #11
12-19 19:03:24.225  4677 26057 W PackageParser: Unknown element under <manifest>: queries at /data/user_de/0/com.google.android.gms/app_chimera/m/000003a2/dl-AdsFdrDynamite.integ_224400003100000.apk Binary XML file line #11
12-19 19:03:24.379  4677 26057 W PackageParser: Unknown element under <manifest>: queries at /data/user_de/0/com.google.android.gms/app_chimera/m/00000255/dl-Payments.integ_213380802100408.apk Binary XML file line #5
12-19 19:03:24.600  4677 26057 W PackageParser: Unknown element under <manifest>: queries at /data/user_de/0/com.google.android.gms/app_chimera/m/00000387/dl-AdsFdrDynamite.integ_223712200100000.apk Binary XML file line #11
12-19 19:03:24.677  4677 26057 W PackageParser: Unknown element under <manifest>: queries at /data/user_de/0/com.google.android.gms/app_chimera/m/000003a2/dl-AdsFdrDynamite.integ_224400003100000.apk Binary XML file line #11
12-19 19:03:24.744  4677 26057 W PackageParser: Unknown element under <manifest>: queries at /data/user_de/0/com.google.android.gms/app_chimera/m/00000215/dl-Payments.integ_212480904100408.apk Binary XML file line #5
12-19 19:03:24.987  4677 26057 W PackageParser: Unknown element under <manifest>: queries at /data/user_de/0/com.google.android.gms/app_chimera/m/00000387/dl-AdsFdrDynamite.integ_223712200100000.apk Binary XML file line #11
12-19 19:03:25.064  4677 26057 W PackageParser: Unknown element under <manifest>: queries at /data/user_de/0/com.google.android.gms/app_chimera/m/000003a2/dl-AdsFdrDynamite.integ_224400003100000.apk Binary XML file line #11
12-19 19:03:25.302  4677 26057 W PackageParser: Unknown element under <manifest>: queries at /data/user_de/0/com.google.android.gms/app_chimera/m/00000387/dl-AdsFdrDynamite.integ_223712200100000.apk Binary XML file line #11
12-19 19:03:25.368  4677 26057 W PackageParser: Unknown element under <manifest>: queries at /data/user_de/0/com.google.android.gms/app_chimera/m/000003a2/dl-AdsFdrDynamite.integ_224400003100000.apk Binary XML file line #11
12-19 19:04:01.080  2357  2506 E storaged: getDiskStats failed with result NOT_SUPPORTED and size 0
12-19 19:05:01.082  2357  2506 E storaged: getDiskStats failed with result NOT_SUPPORTED and size 0
12-19 19:05:28.071  3049  3124 I chatty  : uid=1000(system) android.ui expire 1 line
12-19 19:06:01.083  2357  2506 E storaged: getDiskStats failed with result NOT_SUPPORTED and size 0
12-19 19:07:01.084  2357  2506 E storaged: getDiskStats failed with result NOT_SUPPORTED and size 0
12-19 19:07:32.328  3049  3049 I chatty  : uid=1000 system_server expire 20 lines
12-19 19:07:32.342  3049  3154 I chatty  : uid=1000(system) PowerManagerSer expire 6 lines
12-19 19:07:33.136   576   576 I android.hardware.wifi@1.0-service: Wifi HAL started
12-19 19:07:33.357   576   576 I android.hardware.wifi@1.0-service: Adding interface handle for wlan0
12-19 19:07:33.357   576   576 I android.hardware.wifi@1.0-service: Adding interface handle for p2p0
12-19 19:07:33.357   576   576 I android.hardware.wifi@1.0-service: Configured chip in mode 0
12-19 19:07:33.369  2358  2358 I wificond: create scanner for interface with index: 46
12-19 19:07:33.369  2358  2358 I wificond: subscribe scan result for interface with index: 46
12-19 19:07:33.371  2358  2358 E wificond: No Offload Service available
12-19 19:07:33.372  2358  2358 I wificond: Offload HAL not supported 
12-19 19:07:34.054  3049  3597 I chatty  : uid=1000(system) ConnectivitySer expire 1 line
12-19 19:07:34.173  3678  3678 V KeyguardStatusView: refresh statusview showing:true
12-19 19:07:35.452  3049  3123 I chatty  : uid=1000(system) ActivityManager expire 9 lines
12-19 19:07:35.473  2358  2358 W wificond: No pno scan started
12-19 19:07:35.473  2358  2358 W wificond: Scheduled scan is not running!
12-19 19:07:35.818  2358  2358 I wificond: Unsubscribe scan result for interface with index: 46
12-19 19:07:35.933   576   576 E android.hardware.wifi@1.0-service: Failed to open directory: Permission denied
12-19 19:07:35.933   576   576 E android.hardware.wifi@1.0-service: Error occurred while deleting old tombstone files
12-19 19:07:35.933   576   576 E android.hardware.wifi@1.0-service: Error writing files to flash
12-19 19:07:35.934   576   952 I android.hardware.wifi@1.0-service: Legacy HAL stop complete callback received
12-19 19:07:37.184   576   576 I android.hardware.wifi@1.0-service: Wifi HAL stopped
12-19 19:07:37.190  3049  3130 I chatty  : uid=1000(system) batterystats-wo expire 10 lines
12-19 19:08:00.739  2357  2506 E storaged: getDiskStats failed with result NOT_SUPPORTED and size 0
12-19 19:08:15.387  2343  2558 E NetlinkEvent: NetlinkEvent::FindParam(): Parameter 'INTERFACE' not found
12-19 19:08:15.387  2343  2558 E NetlinkEvent: NetlinkEvent::FindParam(): Parameter 'STATE' not found
12-19 19:08:15.387  2343  2558 E NetlinkEvent: NetlinkEvent::FindParam(): Parameter 'TIME_NS' not found
12-19 19:08:15.387  2343  2558 E NetlinkEvent: NetlinkEvent::FindParam(): Parameter 'UID' not found
12-19 19:08:18.427  3049  3125 I chatty  : uid=1000(system) ActivityManager expire 1 line
12-19 19:08:19.638  3049  3049 I chatty  : uid=1000 system_server expire 1 line
12-19 19:08:42.507  2343  2558 E NetlinkEvent: NetlinkEvent::FindParam(): Parameter 'INTERFACE' not found
12-19 19:08:42.507  2343  2558 E NetlinkEvent: NetlinkEvent::FindParam(): Parameter 'STATE' not found
12-19 19:08:42.507  2343  2558 E NetlinkEvent: NetlinkEvent::FindParam(): Parameter 'TIME_NS' not found
12-19 19:08:42.507  2343  2558 E NetlinkEvent: NetlinkEvent::FindParam(): Parameter 'UID' not found
12-19 19:09:00.219  2343  2558 E NetlinkEvent: NetlinkEvent::FindParam(): Parameter 'INTERFACE' not found
12-19 19:09:00.219  2343  2558 E NetlinkEvent: NetlinkEvent::FindParam(): Parameter 'STATE' not found
12-19 19:09:00.219  2343  2558 E NetlinkEvent: NetlinkEvent::FindParam(): Parameter 'TIME_NS' not found
12-19 19:09:00.219  2343  2558 E NetlinkEvent: NetlinkEvent::FindParam(): Parameter 'UID' not found
12-19 19:09:15.085  2343  2558 E NetlinkEvent: NetlinkEvent::FindParam(): Parameter 'INTERFACE' not found
12-19 19:09:15.085  2343  2558 E NetlinkEvent: NetlinkEvent::FindParam(): Parameter 'STATE' not found
12-19 19:09:15.085  2343  2558 E NetlinkEvent: NetlinkEvent::FindParam(): Parameter 'TIME_NS' not found
12-19 19:09:15.085  2343  2558 E NetlinkEvent: NetlinkEvent::FindParam(): Parameter 'UID' not found
12-19 19:09:20.442  2343  2558 E NetlinkEvent: NetlinkEvent::FindParam(): Parameter 'INTERFACE' not found
12-19 19:09:20.442  2343  2558 E NetlinkEvent: NetlinkEvent::FindParam(): Parameter 'STATE' not found
12-19 19:09:20.442  2343  2558 E NetlinkEvent: NetlinkEvent::FindParam(): Parameter 'TIME_NS' not found
12-19 19:09:20.442  2343  2558 E NetlinkEvent: NetlinkEvent::FindParam(): Parameter 'UID' not found
12-19 19:10:35.867  2343  2558 E NetlinkEvent: NetlinkEvent::FindParam(): Parameter 'INTERFACE' not found
12-19 19:10:35.867  2343  2558 E NetlinkEvent: NetlinkEvent::FindParam(): Parameter 'STATE' not found
12-19 19:10:35.867  2343  2558 E NetlinkEvent: NetlinkEvent::FindParam(): Parameter 'TIME_NS' not found
12-19 19:10:35.867  2343  2558 E NetlinkEvent: NetlinkEvent::FindParam(): Parameter 'UID' not found
12-19 19:10:35.869  3049  3130 I chatty  : uid=1000(system) batterystats-wo expire 10 lines
12-19 19:10:56.204  2343  2558 E NetlinkEvent: NetlinkEvent::FindParam(): Parameter 'INTERFACE' not found
12-19 19:10:56.204  2343  2558 E NetlinkEvent: NetlinkEvent::FindParam(): Parameter 'STATE' not found
12-19 19:10:56.204  2343  2558 E NetlinkEvent: NetlinkEvent::FindParam(): Parameter 'TIME_NS' not found
12-19 19:10:56.204  2343  2558 E NetlinkEvent: NetlinkEvent::FindParam(): Parameter 'UID' not found
12-19 19:11:01.099  2343  2558 E NetlinkEvent: NetlinkEvent::FindParam(): Parameter 'INTERFACE' not found
12-19 19:11:01.099  2343  2558 E NetlinkEvent: NetlinkEvent::FindParam(): Parameter 'STATE' not found
12-19 19:11:01.099  2343  2558 E NetlinkEvent: NetlinkEvent::FindParam(): Parameter 'TIME_NS' not found
12-19 19:11:01.099  2343  2558 E NetlinkEvent: NetlinkEvent::FindParam(): Parameter 'UID' not found
12-19 19:11:02.561  2357  2506 E storaged: getDiskStats failed with result NOT_SUPPORTED and size 0
12-19 19:11:06.298  2343  2558 E NetlinkEvent: NetlinkEvent::FindParam(): Parameter 'INTERFACE' not found
12-19 19:11:06.298  2343  2558 E NetlinkEvent: NetlinkEvent::FindParam(): Parameter 'STATE' not found
12-19 19:11:06.299  2343  2558 E NetlinkEvent: NetlinkEvent::FindParam(): Parameter 'TIME_NS' not found
12-19 19:11:06.299  2343  2558 E NetlinkEvent: NetlinkEvent::FindParam(): Parameter 'UID' not found
12-19 19:11:15.546  2343  2558 E NetlinkEvent: NetlinkEvent::FindParam(): Parameter 'INTERFACE' not found
12-19 19:11:15.546  2343  2558 E NetlinkEvent: NetlinkEvent::FindParam(): Parameter 'STATE' not found
12-19 19:11:15.546  2343  2558 E NetlinkEvent: NetlinkEvent::FindParam(): Parameter 'TIME_NS' not found
12-19 19:11:15.546  2343  2558 E NetlinkEvent: NetlinkEvent::FindParam(): Parameter 'UID' not found
12-19 19:11:33.436  2343  2558 E NetlinkEvent: NetlinkEvent::FindParam(): Parameter 'INTERFACE' not found
12-19 19:11:33.436  2343  2558 E NetlinkEvent: NetlinkEvent::FindParam(): Parameter 'STATE' not found
12-19 19:11:33.436  2343  2558 E NetlinkEvent: NetlinkEvent::FindParam(): Parameter 'TIME_NS' not found
12-19 19:11:33.436  2343  2558 E NetlinkEvent: NetlinkEvent::FindParam(): Parameter 'UID' not found
12-19 19:12:48.464  3049 15742 I chatty  : uid=1000(system) Binder:3049_20 expire 3 lines
12-19 19:13:15.747  3049  3577 I chatty  : uid=1000(system) InputReader expire 7 lines
12-19 19:13:15.747  3049  3049 I chatty  : uid=1000 system_server expire 14 lines
12-19 19:13:15.760  3049  3154 I chatty  : uid=1000(system) PowerManagerSer expire 11 lines
12-19 19:13:15.783  3049  3151 I chatty  : uid=1000(system) android.display expire 7 lines
12-19 19:13:15.992  3049  3123 I chatty  : uid=1000(system) ActivityManager expire 17 lines
12-19 19:13:16.458   576   576 I android.hardware.wifi@1.0-service: Wifi HAL started
12-19 19:13:16.575   576   576 I android.hardware.wifi@1.0-service: Adding interface handle for wlan0
12-19 19:13:16.575   576   576 I android.hardware.wifi@1.0-service: Adding interface handle for p2p0
12-19 19:13:16.575   576   576 I android.hardware.wifi@1.0-service: Configured chip in mode 0
12-19 19:13:16.590  2358  2358 I wificond: create scanner for interface with index: 48
12-19 19:13:16.590  2358  2358 I wificond: subscribe scan result for interface with index: 48
12-19 19:13:16.592  2358  2358 E wificond: No Offload Service available
12-19 19:13:16.592  2358  2358 I wificond: Offload HAL not supported 
12-19 19:13:17.585  2358  2358 W wificond: No pno scan started
12-19 19:13:17.585  2358  2358 W wificond: Scheduled scan is not running!
12-19 19:13:17.800  2358  2358 I wificond: Unsubscribe scan result for interface with index: 48
12-19 19:13:17.917   576   576 E android.hardware.wifi@1.0-service: Failed to open directory: Permission denied
12-19 19:13:17.917   576   576 E android.hardware.wifi@1.0-service: Error occurred while deleting old tombstone files
12-19 19:13:17.917   576   576 E android.hardware.wifi@1.0-service: Error writing files to flash
12-19 19:13:17.918   576  1299 I android.hardware.wifi@1.0-service: Legacy HAL stop complete callback received
12-19 19:13:19.147   576   576 I android.hardware.wifi@1.0-service: Wifi HAL stopped
12-19 19:13:19.154  3049  3130 I chatty  : uid=1000(system) batterystats-wo expire 6 lines
12-19 19:13:50.573  2343  2558 E NetlinkEvent: NetlinkEvent::FindParam(): Parameter 'INTERFACE' not found
12-19 19:13:50.574  2343  2558 E NetlinkEvent: NetlinkEvent::FindParam(): Parameter 'STATE' not found
12-19 19:13:50.574  2343  2558 E NetlinkEvent: NetlinkEvent::FindParam(): Parameter 'TIME_NS' not found
12-19 19:13:50.574  2343  2558 E NetlinkEvent: NetlinkEvent::FindParam(): Parameter 'UID' not found
12-19 19:13:51.547  3049  3123 I chatty  : uid=1000(system) ActivityManager expire 22 lines
12-19 19:13:51.744  3049  5376 I chatty  : uid=1000(system) Binder:3049_12 expire 2 lines
12-19 19:13:51.906   576   576 I android.hardware.wifi@1.0-service: Wifi HAL started
12-19 19:13:52.036   576   576 I android.hardware.wifi@1.0-service: Adding interface handle for wlan0
12-19 19:13:52.036   576   576 I android.hardware.wifi@1.0-service: Adding interface handle for p2p0
12-19 19:13:52.036   576   576 I android.hardware.wifi@1.0-service: Configured chip in mode 0
