12-19 20:23:12.591  3049  3576 I chatty  : uid=1000(system) InputDispatcher expire 5 lines
12-19 20:23:12.610 10659 10659 W ViewRootImpl[ProfileViewActivity]: Cancelling event due to no window focus: KeyEvent { action=ACTION_UP, keyCode=KEYCODE_BACK, scanCode=158, metaState=0, flags=0x68, repeatCount=0, eventTime=21929521, downTime=21929448, deviceId=10, source=0x101 }
12-19 20:23:12.611 10659 10659 W ViewRootImpl[ProfileViewActivity]: Cancelling event due to no window focus: KeyEvent { action=ACTION_UP, keyCode=KEYCODE_BACK, scanCode=158, metaState=0, flags=0x68, repeatCount=0, eventTime=21929521, downTime=21929448, deviceId=10, source=0x101 }
12-19 20:23:12.626  3049  7022 I chatty  : uid=1000(system) Binder:3049_19 expire 6 lines
12-19 20:23:14.765  3049  4285 I chatty  : uid=1000(system) Binder:3049_9 expire 2 lines
12-19 20:23:15.041  3049  3597 I chatty  : uid=1000(system) ConnectivitySer expire 10 lines
12-19 20:23:19.552  3049  3049 I chatty  : uid=1000 system_server expire 9 lines
12-19 20:23:19.559  3049  3122 I chatty  : uid=1000(system) android.bg expire 2 lines
12-19 20:23:22.235 10659 10659 D TextClassificationManager: Initialized SystemTextClassifier
12-19 20:23:22.241 10659 10659 W androidtc: TextClassifier called on main thread
12-19 20:23:22.367  3049  3125 I chatty  : uid=1000(system) ActivityManager expire 2 lines
12-19 20:23:25.325  2357  2506 E storaged: getDiskStats failed with result NOT_SUPPORTED and size 0
12-19 20:23:25.358 10659 10659 W androidtc: TextClassifier called on main thread
12-19 20:23:26.367 10659 10659 I chatty  : uid=10125(com.tinder) identical 1 line
12-19 20:23:27.620 10659 10659 W androidtc: TextClassifier called on main thread
12-19 20:23:27.732  3668 11228 D TextClassificationManager: Initialized SystemTextClassifier
12-19 20:23:30.923  3049 14526 I chatty  : uid=1000(system) Binder:3049_1F expire 8 lines
12-19 20:23:31.570  3049 10421 I chatty  : uid=1000(system) Binder:3049_1C expire 7 lines
12-19 20:23:31.572  3049  3123 I chatty  : uid=1000(system) ActivityManager expire 134 lines
12-19 20:23:32.146  3049 10566 I chatty  : uid=1000(system) Binder:3049_1D expire 14 lines
12-19 20:23:38.057  3049  3817 I chatty  : uid=1000(system) Binder:3049_5 expire 1 line
12-19 20:23:38.373  3049  5441 I chatty  : uid=1000(system) Binder:3049_13 expire 8 lines
12-19 20:23:38.616  3049  4262 I chatty  : uid=1000(system) Binder:3049_8 expire 9 lines
12-19 20:23:42.711  3049  5156 I chatty  : uid=1000(system) Binder:3049_C expire 8 lines
12-19 20:23:42.879  3049  3965 I chatty  : uid=1000(system) Binder:3049_7 expire 5 lines
12-19 20:23:43.685  3049  5191 I chatty  : uid=1000(system) Binder:3049_11 expire 7 lines
12-19 20:23:53.648  3049  5190 I chatty  : uid=1000(system) Binder:3049_10 expire 1 line
12-19 20:23:57.502  3049  5376 I chatty  : uid=1000(system) Binder:3049_12 expire 1 line
12-19 20:23:57.672  3049  8275 I chatty  : uid=1000(system) Binder:3049_1A expire 1 line
12-19 20:23:57.880  2343  2558 E NetlinkEvent: NetlinkEvent::FindParam(): Parameter 'INTERFACE' not found
12-19 20:23:57.881  2343  2558 E NetlinkEvent: NetlinkEvent::FindParam(): Parameter 'STATE' not found
12-19 20:23:57.881  2343  2558 E NetlinkEvent: NetlinkEvent::FindParam(): Parameter 'TIME_NS' not found
12-19 20:23:57.881  2343  2558 E NetlinkEvent: NetlinkEvent::FindParam(): Parameter 'UID' not found
12-19 20:23:58.081  3049  5819 I chatty  : uid=1000(system) Binder:3049_15 expire 2 lines
12-19 20:23:58.086  3049  3123 I chatty  : uid=1000(system) ActivityManager expire 11 lines
12-19 20:23:58.136  3049  9277 I chatty  : uid=1000(system) Binder:3049_1B expire 3 lines
12-19 20:23:58.185  3049  3597 I chatty  : uid=1000(system) ConnectivitySer expire 2 lines
12-19 20:23:58.449  3049  5113 I chatty  : uid=1000(system) Binder:3049_B expire 11 lines
12-19 20:24:00.705  2358  2358 W wificond: Scan is not started. Ignore abort request
12-19 20:24:00.720  3049  3123 I chatty  : uid=1000(system) ActivityManager expire 82 lines
12-19 20:24:00.747  3049  5819 I chatty  : uid=1000(system) Binder:3049_15 expire 6 lines
12-19 20:24:00.763  3049  4285 I chatty  : uid=1000(system) Binder:3049_9 expire 3 lines
12-19 20:24:00.908  3049  9277 I chatty  : uid=1000(system) Binder:3049_1B expire 3 lines
12-19 20:24:01.109  3049  3685 I chatty  : uid=1000(system) Binder:3049_4 expire 4 lines
12-19 20:24:01.123  3049  3597 I chatty  : uid=1000(system) ConnectivitySer expire 16 lines
12-19 20:24:02.611  3049  5823 I chatty  : uid=1000(system) Binder:3049_16 expire 13 lines
12-19 20:24:04.323  3049 10421 I chatty  : uid=1000(system) Binder:3049_1C expire 10 lines
12-19 20:24:04.448  3049  5156 I chatty  : uid=1000(system) Binder:3049_C expire 3 lines
12-19 20:24:04.671  3049  3817 I chatty  : uid=1000(system) Binder:3049_5 expire 6 lines
12-19 20:24:09.497  3049  5158 I chatty  : uid=1000(system) Binder:3049_D expire 7 lines
12-19 20:24:25.327  2357  2506 E storaged: getDiskStats failed with result NOT_SUPPORTED and size 0
12-19 20:24:26.093  3049  3123 I chatty  : uid=1000(system) ActivityManager expire 12 lines
12-19 20:24:31.617  3049  3597 I chatty  : uid=1000(system) ConnectivitySer expire 1 line
12-19 20:24:39.303  3049  5190 I chatty  : uid=1000(system) Binder:3049_10 expire 8 lines
12-19 20:24:46.779  2343  2558 E NetlinkEvent: NetlinkEvent::FindParam(): Parameter 'INTERFACE' not found
12-19 20:24:46.779  2343  2558 E NetlinkEvent: NetlinkEvent::FindParam(): Parameter 'STATE' not found
12-19 20:24:46.779  2343  2558 E NetlinkEvent: NetlinkEvent::FindParam(): Parameter 'TIME_NS' not found
12-19 20:24:46.779  2343  2558 E NetlinkEvent: NetlinkEvent::FindParam(): Parameter 'UID' not found
12-19 20:24:49.711  3049  3123 I chatty  : uid=1000(system) ActivityManager expire 64 lines
12-19 20:24:51.916  3049  3576 I chatty  : uid=1000(system) InputDispatcher expire 1 line
12-19 20:24:51.920  3049  5113 I chatty  : uid=1000(system) Binder:3049_B expire 4 lines
12-19 20:24:51.941  3049  5178 I chatty  : uid=1000(system) Binder:3049_E expire 19 lines
12-19 20:24:51.985  2343  2558 E NetlinkEvent: NetlinkEvent::FindParam(): Parameter 'INTERFACE' not found
12-19 20:24:51.985  2343  2558 E NetlinkEvent: NetlinkEvent::FindParam(): Parameter 'STATE' not found
12-19 20:24:51.985  2343  2558 E NetlinkEvent: NetlinkEvent::FindParam(): Parameter 'TIME_NS' not found
12-19 20:24:51.985  2343  2558 E NetlinkEvent: NetlinkEvent::FindParam(): Parameter 'UID' not found
12-19 20:24:52.276  3049  3123 I chatty  : uid=1000(system) ActivityManager expire 40 lines
12-19 20:24:52.289  3049  3817 I chatty  : uid=1000(system) Binder:3049_5 expire 7 lines
12-19 20:24:52.317  3049  5158 I chatty  : uid=1000(system) Binder:3049_D expire 5 lines
12-19 20:24:52.369  3049 10421 I chatty  : uid=1000(system) Binder:3049_1C expire 14 lines
12-19 20:24:53.522  3049  3049 I chatty  : uid=1000 system_server expire 8 lines
12-19 20:24:53.572  3049  3125 I chatty  : uid=1000(system) ActivityManager expire 4 lines
12-19 20:24:55.019  3049  5823 I chatty  : uid=1000(system) Binder:3049_16 expire 8 lines
12-19 20:24:55.914 12944 12998 W ActivityThread: ClassLoader.getResources: The class loader returned by Thread.getContextClassLoader() may fail for processes that host multiple applications. You should explicitly specify a context class loader. For example: Thread.setContextClassLoader(getClass().getClassLoader());
12-19 20:24:56.889  3049  3597 I chatty  : uid=1000(system) ConnectivitySer expire 4 lines
12-19 20:24:57.209  2343  2558 E NetlinkEvent: NetlinkEvent::FindParam(): Parameter 'INTERFACE' not found
12-19 20:24:57.209  2343  2558 E NetlinkEvent: NetlinkEvent::FindParam(): Parameter 'STATE' not found
12-19 20:24:57.209  2343  2558 E NetlinkEvent: NetlinkEvent::FindParam(): Parameter 'TIME_NS' not found
12-19 20:24:57.209  2343  2558 E NetlinkEvent: NetlinkEvent::FindParam(): Parameter 'UID' not found
12-19 20:24:57.774  3049 15742 I chatty  : uid=1000(system) Binder:3049_20 expire 11 lines
12-19 20:25:02.392  2343  2558 E NetlinkEvent: NetlinkEvent::FindParam(): Parameter 'INTERFACE' not found
12-19 20:25:02.392  2343  2558 E NetlinkEvent: NetlinkEvent::FindParam(): Parameter 'STATE' not found
12-19 20:25:02.392  2343  2558 E NetlinkEvent: NetlinkEvent::FindParam(): Parameter 'TIME_NS' not found
12-19 20:25:02.392  2343  2558 E NetlinkEvent: NetlinkEvent::FindParam(): Parameter 'UID' not found
12-19 20:25:07.603  2343  2558 E NetlinkEvent: NetlinkEvent::FindParam(): Parameter 'INTERFACE' not found
12-19 20:25:07.603  2343  2558 E NetlinkEvent: NetlinkEvent::FindParam(): Parameter 'STATE' not found
12-19 20:25:07.603  2343  2558 E NetlinkEvent: NetlinkEvent::FindParam(): Parameter 'TIME_NS' not found
12-19 20:25:07.603  2343  2558 E NetlinkEvent: NetlinkEvent::FindParam(): Parameter 'UID' not found
12-19 20:25:21.731  3049  3576 I chatty  : uid=1000(system) InputDispatcher expire 1 line
12-19 20:25:23.481  3049  3123 I chatty  : uid=1000(system) ActivityManager expire 95 lines
12-19 20:25:24.345  3049  5376 I chatty  : uid=1000(system) Binder:3049_12 expire 8 lines
12-19 20:25:25.331  2357  2506 E storaged: getDiskStats failed with result NOT_SUPPORTED and size 0
12-19 20:25:26.411  3049 10421 I chatty  : uid=1000(system) Binder:3049_1C expire 4 lines
12-19 20:25:26.626  3049  5178 I chatty  : uid=1000(system) Binder:3049_E expire 2 lines
12-19 20:26:25.332  2357  2506 E storaged: getDiskStats failed with result NOT_SUPPORTED and size 0
12-19 20:26:39.705  3049  3123 I chatty  : uid=1000(system) ActivityManager expire 16 lines
12-19 20:26:39.726  3049  5190 I chatty  : uid=1000(system) Binder:3049_10 expire 1 line
12-19 20:27:25.334  2357  2506 E storaged: getDiskStats failed with result NOT_SUPPORTED and size 0
12-19 20:28:11.584  3049  3938 I chatty  : uid=1000(system) Binder:3049_6 expire 2 lines
12-19 20:28:11.610  3049  5113 I chatty  : uid=1000(system) Binder:3049_B expire 3 lines
12-19 20:28:25.336  2357  2506 E storaged: getDiskStats failed with result NOT_SUPPORTED and size 0
12-19 20:29:12.123  3049 15742 I chatty  : uid=1000(system) Binder:3049_20 expire 4 lines
12-19 20:29:25.338  2357  2506 E storaged: getDiskStats failed with result NOT_SUPPORTED and size 0
12-19 20:29:55.213  3049  3123 I chatty  : uid=1000(system) ActivityManager expire 82 lines
12-19 20:29:55.224  3049 14526 I chatty  : uid=1000(system) Binder:3049_1F expire 5 lines
12-19 20:29:55.268  3049  6594 I chatty  : uid=1000(system) Binder:3049_18 expire 7 lines
12-19 20:29:55.320  3049  3938 I chatty  : uid=1000(system) Binder:3049_6 expire 13 lines
12-19 20:29:55.520  3049 15742 I chatty  : uid=1000(system) Binder:3049_20 expire 11 lines
12-19 20:29:55.555  3049  7022 I chatty  : uid=1000(system) Binder:3049_19 expire 4 lines
12-19 20:29:56.362  3049  5376 I chatty  : uid=1000(system) Binder:3049_12 expire 10 lines
12-19 20:30:01.302  3049  5823 I chatty  : uid=1000(system) Binder:3049_16 expire 2 lines
12-19 20:30:05.655  3049  5158 I chatty  : uid=1000(system) Binder:3049_D expire 3 lines
12-19 20:30:19.000  3049  3049 I chatty  : uid=1000 system_server expire 17 lines
12-19 20:30:23.504  3049  4262 I chatty  : uid=1000(system) Binder:3049_8 expire 4 lines
12-19 20:30:23.556  3049  8275 I chatty  : uid=1000(system) Binder:3049_1A expire 9 lines
12-19 20:30:25.339  2357  2506 E storaged: getDiskStats failed with result NOT_SUPPORTED and size 0
12-19 20:30:30.147  3049  3123 I chatty  : uid=1000(system) ActivityManager expire 32 lines
12-19 20:30:34.385  3049  3124 I chatty  : uid=1000(system) android.ui expire 1 line
12-19 20:31:02.308  3049  3597 I chatty  : uid=1000(system) ConnectivitySer expire 12 lines
12-19 20:31:25.340  2357  2506 E storaged: getDiskStats failed with result NOT_SUPPORTED and size 0
12-19 20:31:43.960  3049  4285 I chatty  : uid=1000(system) Binder:3049_9 expire 6 lines
12-19 20:31:53.642  3049  3576 I chatty  : uid=1000(system) InputDispatcher expire 2 lines
12-19 20:31:59.218  3049  3125 I chatty  : uid=1000(system) ActivityManager expire 1 line
12-19 20:32:19.470  3049  3122 I chatty  : uid=1000(system) android.bg expire 7 lines
12-19 20:32:25.342  2357  2506 E storaged: getDiskStats failed with result NOT_SUPPORTED and size 0
12-19 20:32:53.844  3049  3123 I chatty  : uid=1000(system) ActivityManager expire 9 lines
12-19 20:33:15.537  3049  3685 I chatty  : uid=1000(system) Binder:3049_4 expire 1 line
12-19 20:33:16.210 10659 10659 D TextClassificationManager: Initialized SystemTextClassifier
12-19 20:33:16.210 10659 10659 W androidtc: TextClassifier called on main thread
12-19 20:33:16.473  3049  3049 I chatty  : uid=1000 system_server expire 10 lines
12-19 20:33:16.620  3049  3597 I chatty  : uid=1000(system) ConnectivitySer expire 5 lines
12-19 20:33:17.662 10659 10659 W androidtc: TextClassifier called on main thread
12-19 20:33:25.346  2357  2506 E storaged: getDiskStats failed with result NOT_SUPPORTED and size 0
12-19 20:33:26.838  3049  5179 I chatty  : uid=1000(system) Binder:3049_F expire 3 lines
12-19 20:33:38.535  3049 15742 I chatty  : uid=1000(system) Binder:3049_20 expire 13 lines
12-19 20:33:38.832  3049  5179 I chatty  : uid=1000(system) Binder:3049_F expire 4 lines
12-19 20:33:38.833  3049  3123 I chatty  : uid=1000(system) ActivityManager expire 108 lines
12-19 20:33:38.849  3049  6594 I chatty  : uid=1000(system) Binder:3049_18 expire 10 lines
12-19 20:33:38.919  3049  3685 I chatty  : uid=1000(system) Binder:3049_4 expire 10 lines
12-19 20:33:41.349  3049  4285 I chatty  : uid=1000(system) Binder:3049_9 expire 10 lines
12-19 20:33:41.357  3049  3151 I chatty  : uid=1000(system) android.display expire 1 line
12-19 20:33:43.905  3049  7022 I chatty  : uid=1000(system) Binder:3049_19 expire 1 line
12-19 20:33:45.870  3049  5376 I chatty  : uid=1000(system) Binder:3049_12 expire 1 line
12-19 20:33:45.890  3049  4262 I chatty  : uid=1000(system) Binder:3049_8 expire 5 lines
12-19 20:33:46.039  3049  3938 I chatty  : uid=1000(system) Binder:3049_6 expire 1 line
12-19 20:33:48.014  3049  3049 I chatty  : uid=1000 system_server expire 12 lines
12-19 20:33:48.025  3049  3122 I chatty  : uid=1000(system) android.bg expire 1 line
12-19 20:33:49.056  3049  5441 I chatty  : uid=1000(system) Binder:3049_13 expire 9 lines
12-19 20:33:58.055  3049  5823 I chatty  : uid=1000(system) Binder:3049_16 expire 9 lines
12-19 20:34:25.347  2357  2506 E storaged: getDiskStats failed with result NOT_SUPPORTED and size 0
12-19 20:34:27.604  3049  3123 I chatty  : uid=1000(system) ActivityManager expire 44 lines
12-19 20:34:27.626  3049  6594 I chatty  : uid=1000(system) Binder:3049_18 expire 5 lines
12-19 20:34:28.332  3049  4285 I chatty  : uid=1000(system) Binder:3049_9 expire 7 lines
12-19 20:34:36.233  3049  3576 I chatty  : uid=1000(system) InputDispatcher expire 1 line
12-19 20:34:37.837  3049  3125 I chatty  : uid=1000(system) ActivityManager expire 3 lines
12-19 20:34:59.335  3049  3124 I chatty  : uid=1000(system) android.ui expire 2 lines
12-19 20:35:03.656  3049  4051 I chatty  : uid=1000(system) BluetoothRouteM expire 1 line
12-19 20:35:03.682  3049  4053 I chatty  : uid=1000(system) uteStateMachine expire 10 lines
12-19 20:35:03.717  3049  5823 I chatty  : uid=1000(system) Binder:3049_16 expire 2 lines
12-19 20:35:04.026  3049  3049 I chatty  : uid=1000 system_server expire 26 lines
12-19 20:35:05.251  3049  4285 I chatty  : uid=1000(system) Binder:3049_9 expire 6 lines
12-19 20:35:05.583  3049 12400 I chatty  : uid=1000(system) Binder:3049_1E expire 2 lines
12-19 20:35:05.665  3049  5376 I chatty  : uid=1000(system) Binder:3049_12 expire 3 lines
12-19 20:35:06.323  3049  3125 I chatty  : uid=1000(system) ActivityManager expire 8 lines
12-19 20:35:08.140  3049 14526 I chatty  : uid=1000(system) Binder:3049_1F expire 2 lines
12-19 20:35:08.167  3049  6594 I chatty  : uid=1000(system) Binder:3049_18 expire 4 lines
12-19 20:35:08.169  3049  3123 I chatty  : uid=1000(system) ActivityManager expire 10 lines
12-19 20:35:21.951  3049  3577 I chatty  : uid=1000(system) InputReader expire 11 lines
12-19 20:35:21.961  3049  3154 I chatty  : uid=1000(system) PowerManagerSer expire 10 lines
12-19 20:35:22.477  3049  3151 I chatty  : uid=1000(system) android.display expire 8 lines
12-19 20:35:23.060  3678  3678 V KeyguardStatusView: refresh statusview showing:true
12-19 20:35:23.066  3678  3678 V KeyguardDisplayManager: show
12-19 20:35:24.495  3049  3049 I chatty  : uid=1000 system_server expire 28 lines
12-19 20:35:25.348  2357  2506 E storaged: getDiskStats failed with result NOT_SUPPORTED and size 0
12-19 20:35:29.571  3049  5158 I chatty  : uid=1000(system) Binder:3049_D expire 7 lines
12-19 20:35:29.805  3678  3678 V KeyguardDisplayManager: hide
12-19 20:35:34.276  3049  3130 I chatty  : uid=1000(system) batterystats-wo expire 5 lines
12-19 20:35:34.746  3678  3678 V KeyguardStatusView: refresh statusview showing:true
12-19 20:35:34.755  3678  3678 V KeyguardDisplayManager: show
12-19 20:35:40.910  3049  3597 I chatty  : uid=1000(system) ConnectivitySer expire 10 lines
12-19 20:36:25.350  2357  2506 E storaged: getDiskStats failed with result NOT_SUPPORTED and size 0
12-19 20:36:34.191  3049  3122 I chatty  : uid=1000(system) android.bg expire 1 line
12-19 20:37:25.351  2357  2506 E storaged: getDiskStats failed with result NOT_SUPPORTED and size 0
12-19 20:37:35.672  2358  2358 I wificond: Unexpected empty scan result!
12-19 20:37:35.759  2358  2358 W wificond: Skip match ssid for pno scan: TP-LINK_C6AC, netis_DFF2D7, Rozetka, vt537_guest, Redmi, TP-Link_3428, TOTOLINK N300RT, LenAaaa123, KPI-Telecom-SRS-H19, DozoRfree, Happy Cake, DATAGROUP, TOTOLINK_N300RT, ASUS_F4, Orlan, McDonalds Free WiFi, Redmi, DIR-300, TOR-BA-Free, MOSQUITO, Library, Student, Rivne Free, Globus, bojepomogi2G, AndroidAP272A, _Starinfo, Belka, Beijing style, smi)e, vpn.rinet.ua, RTFnet, Ukrtelecom, dlink, BROVARNYA, Kyiv Zoo Free, dacis, AndroidAP, AkademCity Free, radik, Redmi5, Ramen-02 Public, Pixel_4271, neVdoma, , , .Mister Cat Shulyavka | WIFIBAR, atelier, DIR-300NRUB7, TOTOLINK N150RT, GALKA, RivneFree t, Puri-Guest, 56A, TP-LINK, iPhone, DIR615.2, Sim23Free, WiFi-Mir8, 56a, TP-LINK_66F788, Tenda_3C9EC0, Redmi Note 7, Whiskey, GameInn, Pechat-116, Xperia Z1_72a6, TP-LINK_DC68, Bald, TP-LINK_2EC80C, Starman, Father, RTL8186-default, , , Dickson, DESKTOP-BBMH029 4569, HONOR 10i, avtocivilka.org.ua_guest_free, KyMU_WiFi, 14rovno    , 14rovn
12-19 20:37:35.851  3049 10421 I chatty  : uid=1000(system) Binder:3049_1C expire 2 lines
12-19 20:37:36.024  2358  2358 I wificond: Pno scan started
12-19 20:37:36.220  3049  3049 I chatty  : uid=1000 system_server expire 14 lines
12-19 20:37:36.220  3049  3148 I chatty  : uid=1000(system) android.fg expire 3 lines
12-19 20:37:38.895  2358  2358 I wificond: Pno scan stopped
12-19 20:37:38.922  3049  3154 I chatty  : uid=1000(system) PowerManagerSer expire 12 lines
12-19 20:38:00.760  2358  2358 W wificond: Skip match ssid for pno scan: TP-LINK_C6AC, netis_DFF2D7, Rozetka, vt537_guest, Redmi, TP-Link_3428, TOTOLINK N300RT, LenAaaa123, KPI-Telecom-SRS-H19, DozoRfree, Happy Cake, DATAGROUP, TOTOLINK_N300RT, ASUS_F4, Orlan, McDonalds Free WiFi, Redmi, DIR-300, TOR-BA-Free, MOSQUITO, Library, Student, Rivne Free, Globus, bojepomogi2G, AndroidAP272A, _Starinfo, Belka, Beijing style, smi)e, vpn.rinet.ua, RTFnet, Ukrtelecom, dlink, BROVARNYA, Kyiv Zoo Free, dacis, AndroidAP, AkademCity Free, radik, Redmi5, Ramen-02 Public, Pixel_4271, neVdoma, , , .Mister Cat Shulyavka | WIFIBAR, atelier, DIR-300NRUB7, TOTOLINK N150RT, GALKA, RivneFree t, Puri-Guest, 56A, TP-LINK, iPhone, DIR615.2, Sim23Free, WiFi-Mir8, 56a, TP-LINK_66F788, Tenda_3C9EC0, Redmi Note 7, Whiskey, GameInn, Pechat-116, Xperia Z1_72a6, TP-LINK_DC68, Bald, TP-LINK_2EC80C, Starman, Father, RTL8186-default, , , Dickson, DESKTOP-BBMH029 4569, HONOR 10i, avtocivilka.org.ua_guest_free, KyMU_WiFi, 14rovno    , 14rovn
12-19 20:38:01.017  2358  2358 I wificond: Pno scan started
12-19 20:38:01.035  2358  2358 W wificond: Scan aborted
12-19 20:38:04.693  2358  2358 I wificond: Pno scan result ready event
12-19 20:38:06.081  2358  2358 E wificond: NL80211_CMD_TRIGGER_SCAN failed: Device or resource busy
12-19 20:38:11.114  2358  2358 I chatty  : uid=1010(wifi) /system/bin/wificond identical 8 lines
12-19 20:38:16.132  2358  2358 E wificond: NL80211_CMD_TRIGGER_SCAN failed: Device or resource busy
12-19 20:38:19.775  3049  3049 I chatty  : uid=1000 system_server expire 10 lines
12-19 20:38:21.146  2358  2358 E wificond: NL80211_CMD_TRIGGER_SCAN failed: Device or resource busy
12-19 20:38:22.988  3049  5824 I chatty  : uid=1000(system) Binder:3049_17 expire 2 lines
12-19 20:38:22.999  3049  5179 I chatty  : uid=1000(system) Binder:3049_F expire 1 line
12-19 20:38:25.353  2357  2506 E storaged: getDiskStats failed with result NOT_SUPPORTED and size 0
12-19 20:38:26.202  2358  2358 I wificond: Pno scan stopped
12-19 20:38:26.224  2358  2358 W wificond: Skip match ssid for pno scan: TP-LINK_C6AC, netis_DFF2D7, Rozetka, vt537_guest, Redmi, TP-Link_3428, TOTOLINK N300RT, LenAaaa123, KPI-Telecom-SRS-H19, DozoRfree, Happy Cake, DATAGROUP, TOTOLINK_N300RT, ASUS_F4, Orlan, McDonalds Free WiFi, Redmi, DIR-300, TOR-BA-Free, MOSQUITO, Library, Student, Rivne Free, Globus, bojepomogi2G, AndroidAP272A, _Starinfo, Belka, Beijing style, smi)e, vpn.rinet.ua, RTFnet, Ukrtelecom, dlink, BROVARNYA, Kyiv Zoo Free, dacis, AndroidAP, AkademCity Free, radik, Redmi5, Ramen-02 Public, Pixel_4271, neVdoma, , , .Mister Cat Shulyavka | WIFIBAR, atelier, DIR-300NRUB7, TOTOLINK N150RT, GALKA, RivneFree t, Puri-Guest, 56A, TP-LINK, iPhone, DIR615.2, Sim23Free, WiFi-Mir8, 56a, TP-LINK_66F788, Tenda_3C9EC0, Redmi Note 7, Whiskey, GameInn, Pechat-116, Xperia Z1_72a6, TP-LINK_DC68, Bald, TP-LINK_2EC80C, Starman, Father, RTL8186-default, , , Dickson, DESKTOP-BBMH029 4569, HONOR 10i, avtocivilka.org.ua_guest_free, KyMU_WiFi, 14rovno    , 14rovn
12-19 20:38:26.486  2358  2358 I wificond: Pno scan started
12-19 20:38:26.495  2358  2358 E wificond: NL80211_CMD_TRIGGER_SCAN failed: Device or resource busy
12-19 20:38:30.196  2358  2358 I wificond: Pno scan result ready event
12-19 20:38:30.226  2358  2358 W wificond: Scan is not started. Ignore abort request
12-19 20:38:30.644  2358  2358 I wificond: Pno scan stopped
12-19 20:38:30.668  3049  3597 I chatty  : uid=1000(system) ConnectivitySer expire 15 lines
12-19 20:38:31.358  3049  3965 I chatty  : uid=1000(system) Binder:3049_7 expire 3 lines
12-19 20:39:21.302  3049  3123 I chatty  : uid=1000(system) ActivityManager expire 10 lines
12-19 20:39:25.353  2357  2506 E storaged: getDiskStats failed with result NOT_SUPPORTED and size 0
12-19 20:39:25.939 15752 15752 D ActivityThread: Loading provider com.google.android.gm.sapi: com.google.android.gm.sapi.SapiUiProvider
12-19 20:39:36.388  3049  5441 I chatty  : uid=1000(system) Binder:3049_13 expire 4 lines
12-19 20:40:02.354  3049  3597 I chatty  : uid=1000(system) ConnectivitySer expire 11 lines
12-19 20:40:03.691  3049  3817 I chatty  : uid=1000(system) Binder:3049_5 expire 1 line
12-19 20:40:25.355  2357  2506 E storaged: getDiskStats failed with result NOT_SUPPORTED and size 0
12-19 20:40:49.627  3049 15742 I chatty  : uid=1000(system) Binder:3049_20 expire 1 line
12-19 20:40:49.628  3049  5442 I chatty  : uid=1000(system) Binder:3049_14 expire 2 lines
12-19 20:41:25.356  2357  2506 E storaged: getDiskStats failed with result NOT_SUPPORTED and size 0
12-19 20:41:42.084  2343  2558 E NetlinkEvent: NetlinkEvent::FindParam(): Parameter 'INTERFACE' not found
12-19 20:41:42.084  2343  2558 E NetlinkEvent: NetlinkEvent::FindParam(): Parameter 'STATE' not found
12-19 20:41:42.084  2343  2558 E NetlinkEvent: NetlinkEvent::FindParam(): Parameter 'TIME_NS' not found
12-19 20:41:42.084  2343  2558 E NetlinkEvent: NetlinkEvent::FindParam(): Parameter 'UID' not found
12-19 20:41:57.742  2343  2558 E NetlinkEvent: NetlinkEvent::FindParam(): Parameter 'INTERFACE' not found
12-19 20:41:57.742  2343  2558 E NetlinkEvent: NetlinkEvent::FindParam(): Parameter 'STATE' not found
12-19 20:41:57.742  2343  2558 E NetlinkEvent: NetlinkEvent::FindParam(): Parameter 'TIME_NS' not found
12-19 20:41:57.742  2343  2558 E NetlinkEvent: NetlinkEvent::FindParam(): Parameter 'UID' not found
12-19 20:42:02.937  2343  2558 E NetlinkEvent: NetlinkEvent::FindParam(): Parameter 'INTERFACE' not found
12-19 20:42:02.937  2343  2558 E NetlinkEvent: NetlinkEvent::FindParam(): Parameter 'STATE' not found
12-19 20:42:02.937  2343  2558 E NetlinkEvent: NetlinkEvent::FindParam(): Parameter 'TIME_NS' not found
12-19 20:42:02.937  2343  2558 E NetlinkEvent: NetlinkEvent::FindParam(): Parameter 'UID' not found
12-19 20:42:11.444  2343  2558 E NetlinkEvent: NetlinkEvent::FindParam(): Parameter 'INTERFACE' not found
12-19 20:42:11.444  2343  2558 E NetlinkEvent: NetlinkEvent::FindParam(): Parameter 'STATE' not found
12-19 20:42:11.444  2343  2558 E NetlinkEvent: NetlinkEvent::FindParam(): Parameter 'TIME_NS' not found
12-19 20:42:11.444  2343  2558 E NetlinkEvent: NetlinkEvent::FindParam(): Parameter 'UID' not found
12-19 20:42:16.795  2343  2558 E NetlinkEvent: NetlinkEvent::FindParam(): Parameter 'INTERFACE' not found
12-19 20:42:16.795  2343  2558 E NetlinkEvent: NetlinkEvent::FindParam(): Parameter 'STATE' not found
12-19 20:42:16.795  2343  2558 E NetlinkEvent: NetlinkEvent::FindParam(): Parameter 'TIME_NS' not found
12-19 20:42:16.795  2343  2558 E NetlinkEvent: NetlinkEvent::FindParam(): Parameter 'UID' not found
12-19 20:42:22.004  2343  2558 E NetlinkEvent: NetlinkEvent::FindParam(): Parameter 'INTERFACE' not found
12-19 20:42:22.004  2343  2558 E NetlinkEvent: NetlinkEvent::FindParam(): Parameter 'STATE' not found
12-19 20:42:22.004  2343  2558 E NetlinkEvent: NetlinkEvent::FindParam(): Parameter 'TIME_NS' not found
12-19 20:42:22.004  2343  2558 E NetlinkEvent: NetlinkEvent::FindParam(): Parameter 'UID' not found
12-19 20:42:25.358  2357  2506 E storaged: getDiskStats failed with result NOT_SUPPORTED and size 0
12-19 20:42:36.725  2343  2558 E NetlinkEvent: NetlinkEvent::FindParam(): Parameter 'INTERFACE' not found
12-19 20:42:36.725  2343  2558 E NetlinkEvent: NetlinkEvent::FindParam(): Parameter 'STATE' not found
12-19 20:42:36.725  2343  2558 E NetlinkEvent: NetlinkEvent::FindParam(): Parameter 'TIME_NS' not found
12-19 20:42:36.725  2343  2558 E NetlinkEvent: NetlinkEvent::FindParam(): Parameter 'UID' not found
12-19 20:42:51.962  2343  2558 E NetlinkEvent: NetlinkEvent::FindParam(): Parameter 'INTERFACE' not found
12-19 20:42:51.962  2343  2558 E NetlinkEvent: NetlinkEvent::FindParam(): Parameter 'STATE' not found
12-19 20:42:51.962  2343  2558 E NetlinkEvent: NetlinkEvent::FindParam(): Parameter 'TIME_NS' not found
12-19 20:42:51.962  2343  2558 E NetlinkEvent: NetlinkEvent::FindParam(): Parameter 'UID' not found
12-19 20:42:57.185  2343  2558 E NetlinkEvent: NetlinkEvent::FindParam(): Parameter 'INTERFACE' not found
12-19 20:42:57.185  2343  2558 E NetlinkEvent: NetlinkEvent::FindParam(): Parameter 'STATE' not found
12-19 20:42:57.185  2343  2558 E NetlinkEvent: NetlinkEvent::FindParam(): Parameter 'TIME_NS' not found
12-19 20:42:57.185  2343  2558 E NetlinkEvent: NetlinkEvent::FindParam(): Parameter 'UID' not found
12-19 20:43:24.494  2343  2558 E NetlinkEvent: NetlinkEvent::FindParam(): Parameter 'INTERFACE' not found
12-19 20:43:24.494  2343  2558 E NetlinkEvent: NetlinkEvent::FindParam(): Parameter 'STATE' not found
12-19 20:43:24.495  2343  2558 E NetlinkEvent: NetlinkEvent::FindParam(): Parameter 'TIME_NS' not found
12-19 20:43:24.495  2343  2558 E NetlinkEvent: NetlinkEvent::FindParam(): Parameter 'UID' not found
12-19 20:43:25.359  2357  2506 E storaged: getDiskStats failed with result NOT_SUPPORTED and size 0
12-19 20:43:33.834  2343  2558 E NetlinkEvent: NetlinkEvent::FindParam(): Parameter 'INTERFACE' not found
12-19 20:43:33.834  2343  2558 E NetlinkEvent: NetlinkEvent::FindParam(): Parameter 'STATE' not found
12-19 20:43:33.834  2343  2558 E NetlinkEvent: NetlinkEvent::FindParam(): Parameter 'TIME_NS' not found
12-19 20:43:33.834  2343  2558 E NetlinkEvent: NetlinkEvent::FindParam(): Parameter 'UID' not found
12-19 20:43:44.062  2343  2558 E NetlinkEvent: NetlinkEvent::FindParam(): Parameter 'INTERFACE' not found
12-19 20:43:44.062  2343  2558 E NetlinkEvent: NetlinkEvent::FindParam(): Parameter 'STATE' not found
12-19 20:43:44.062  2343  2558 E NetlinkEvent: NetlinkEvent::FindParam(): Parameter 'TIME_NS' not found
12-19 20:43:44.062  2343  2558 E NetlinkEvent: NetlinkEvent::FindParam(): Parameter 'UID' not found
12-19 20:44:01.545  3049  3597 I chatty  : uid=1000(system) ConnectivitySer expire 4 lines
12-19 20:44:01.855  2343  2558 E NetlinkEvent: NetlinkEvent::FindParam(): Parameter 'INTERFACE' not found
12-19 20:44:01.855  2343  2558 E NetlinkEvent: NetlinkEvent::FindParam(): Parameter 'STATE' not found
12-19 20:44:01.855  2343  2558 E NetlinkEvent: NetlinkEvent::FindParam(): Parameter 'TIME_NS' not found
12-19 20:44:01.855  2343  2558 E NetlinkEvent: NetlinkEvent::FindParam(): Parameter 'UID' not found
12-19 20:44:03.183  2358  2358 W wificond: Skip match ssid for pno scan: netis_DFF2D7, Rozetka, vt537_guest, Redmi, TP-Link_3428, TOTOLINK N300RT, LenAaaa123, KPI-Telecom-SRS-H19, DozoRfree, Happy Cake, DATAGROUP, TOTOLINK_N300RT, ASUS_F4, Orlan, McDonalds Free WiFi, Redmi, DIR-300, TOR-BA-Free, MOSQUITO, Library, Student, Rivne Free, Globus, bojepomogi2G, AndroidAP272A, _Starinfo, Belka, Beijing style, smi)e, vpn.rinet.ua, RTFnet, Ukrtelecom, dlink, BROVARNYA, Kyiv Zoo Free, dacis, AndroidAP, AkademCity Free, radik, Redmi5, Ramen-02 Public, Pixel_4271, neVdoma, , , .Mister Cat Shulyavka | WIFIBAR, atelier, DIR-300NRUB7, TOTOLINK N150RT, GALKA, RivneFree t, Puri-Guest, 56A, TP-LINK, iPhone, DIR615.2, Sim23Free, WiFi-Mir8, 56a, TP-LINK_66F788, Tenda_3C9EC0, Redmi Note 7, Whiskey, GameInn, Pechat-116, Xperia Z1_72a6, TP-LINK_DC68, Bald, TP-LINK_2EC80C, Starman, Father, RTL8186-default, , , Dickson, DESKTOP-BBMH029 4569, HONOR 10i, avtocivilka.org.ua_guest_free, KyMU_WiFi, 14rovno    , 14rovno    ,
12-19 20:44:03.432  2358  2358 I wificond: Pno scan started
12-19 20:44:07.135  2358  2358 I wificond: Pno scan result ready event
12-19 20:44:25.361  2357  2506 E storaged: getDiskStats failed with result NOT_SUPPORTED and size 0
12-19 20:44:27.089  2343  2558 E NetlinkEvent: NetlinkEvent::FindParam(): Parameter 'INTERFACE' not found
12-19 20:44:27.089  2343  2558 E NetlinkEvent: NetlinkEvent::FindParam(): Parameter 'STATE' not found
12-19 20:44:27.089  2343  2558 E NetlinkEvent: NetlinkEvent::FindParam(): Parameter 'TIME_NS' not found
12-19 20:44:27.089  2343  2558 E NetlinkEvent: NetlinkEvent::FindParam(): Parameter 'UID' not found
12-19 20:44:27.203  2358  2358 I wificond: Pno scan stopped
12-19 20:44:27.216  2358  2358 W wificond: Skip match ssid for pno scan: netis_DFF2D7, Rozetka, vt537_guest, Redmi, TP-Link_3428, TOTOLINK N300RT, LenAaaa123, KPI-Telecom-SRS-H19, DozoRfree, Happy Cake, DATAGROUP, TOTOLINK_N300RT, ASUS_F4, Orlan, McDonalds Free WiFi, Redmi, DIR-300, TOR-BA-Free, MOSQUITO, Library, Student, Rivne Free, Globus, bojepomogi2G, AndroidAP272A, _Starinfo, Belka, Beijing style, smi)e, vpn.rinet.ua, RTFnet, Ukrtelecom, dlink, BROVARNYA, Kyiv Zoo Free, dacis, AndroidAP, AkademCity Free, radik, Redmi5, Ramen-02 Public, Pixel_4271, neVdoma, , , .Mister Cat Shulyavka | WIFIBAR, atelier, DIR-300NRUB7, TOTOLINK N150RT, GALKA, RivneFree t, Puri-Guest, 56A, TP-LINK, iPhone, DIR615.2, Sim23Free, WiFi-Mir8, 56a, TP-LINK_66F788, Tenda_3C9EC0, Redmi Note 7, Whiskey, GameInn, Pechat-116, Xperia Z1_72a6, TP-LINK_DC68, Bald, TP-LINK_2EC80C, Starman, Father, RTL8186-default, , , Dickson, DESKTOP-BBMH029 4569, HONOR 10i, avtocivilka.org.ua_guest_free, KyMU_WiFi, 14rovno    , 14rovno    ,
12-19 20:44:27.483  2358  2358 I wificond: Pno scan started
12-19 20:44:32.648  2343  2558 E NetlinkEvent: NetlinkEvent::FindParam(): Parameter 'INTERFACE' not found
12-19 20:44:32.648  2343  2558 E NetlinkEvent: NetlinkEvent::FindParam(): Parameter 'STATE' not found
12-19 20:44:32.648  2343  2558 E NetlinkEvent: NetlinkEvent::FindParam(): Parameter 'TIME_NS' not found
12-19 20:44:32.648  2343  2558 E NetlinkEvent: NetlinkEvent::FindParam(): Parameter 'UID' not found
12-19 20:44:37.872  2343  2558 E NetlinkEvent: NetlinkEvent::FindParam(): Parameter 'INTERFACE' not found
12-19 20:44:37.872  2343  2558 E NetlinkEvent: NetlinkEvent::FindParam(): Parameter 'STATE' not found
12-19 20:44:37.872  2343  2558 E NetlinkEvent: NetlinkEvent::FindParam(): Parameter 'TIME_NS' not found
12-19 20:44:37.872  2343  2558 E NetlinkEvent: NetlinkEvent::FindParam(): Parameter 'UID' not found
12-19 20:44:43.106  2343  2558 E NetlinkEvent: NetlinkEvent::FindParam(): Parameter 'INTERFACE' not found
12-19 20:44:43.107  2343  2558 E NetlinkEvent: NetlinkEvent::FindParam(): Parameter 'STATE' not found
12-19 20:44:43.107  2343  2558 E NetlinkEvent: NetlinkEvent::FindParam(): Parameter 'TIME_NS' not found
12-19 20:44:43.107  2343  2558 E NetlinkEvent: NetlinkEvent::FindParam(): Parameter 'UID' not found
12-19 20:44:48.312  2343  2558 E NetlinkEvent: NetlinkEvent::FindParam(): Parameter 'INTERFACE' not found
12-19 20:44:48.312  2343  2558 E NetlinkEvent: NetlinkEvent::FindParam(): Parameter 'STATE' not found
12-19 20:44:48.312  2343  2558 E NetlinkEvent: NetlinkEvent::FindParam(): Parameter 'TIME_NS' not found
12-19 20:44:48.312  2343  2558 E NetlinkEvent: NetlinkEvent::FindParam(): Parameter 'UID' not found
12-19 20:44:53.005  2358  2358 E wificond: NL80211_CMD_TRIGGER_SCAN failed: Device or resource busy
12-19 20:44:53.118  3049  3049 I chatty  : uid=1000 system_server expire 2 lines
12-19 20:44:53.158  2358  2358 E wificond: NL80211_CMD_TRIGGER_SCAN failed: Device or resource busy
12-19 20:45:18.102  2358  2358 E wificond: NL80211_CMD_TRIGGER_SCAN failed: Device or resource busy
12-19 20:45:23.110  2358  2358 E wificond: NL80211_CMD_TRIGGER_SCAN failed: Device or resource busy
12-19 20:45:25.363  2357  2506 E storaged: getDiskStats failed with result NOT_SUPPORTED and size 0
12-19 20:45:28.129  2358  2358 E wificond: NL80211_CMD_TRIGGER_SCAN failed: Device or resource busy
12-19 20:45:38.174  2358  2358 E wificond: NL80211_CMD_TRIGGER_SCAN failed: Device or resource busy
12-19 20:45:38.756  3049  3577 I chatty  : uid=1000(system) InputReader expire 1 line
12-19 20:45:38.770  3049  3154 I chatty  : uid=1000(system) PowerManagerSer expire 18 lines
12-19 20:45:38.837  2358  2358 I wificond: Pno scan stopped
12-19 20:45:38.959  3049  3049 I chatty  : uid=1000 system_server expire 21 lines
12-19 20:45:39.192  3049  3150 I chatty  : uid=1000(system) android.io expire 6 lines
12-19 20:45:39.194  3049  3123 I chatty  : uid=1000(system) ActivityManager expire 14 lines
12-19 20:45:39.365  3049  3125 I chatty  : uid=1000(system) ActivityManager expire 10 lines
12-19 20:45:40.053  3049  3148 I chatty  : uid=1000(system) android.fg expire 7 lines
12-19 20:45:40.461  3049 10924 I chatty  : uid=1000(system) UsbDebuggingMan expire 3 lines
12-19 20:45:41.305  3049  5441 I chatty  : uid=1000(system) Binder:3049_13 expire 5 lines
12-19 20:45:41.332  3049 14526 I chatty  : uid=1000(system) Binder:3049_1F expire 4 lines
12-19 20:45:41.559  3678  3678 V KeyguardDisplayManager: hide
12-19 20:45:41.566  3049  4262 I chatty  : uid=1000(system) Binder:3049_8 expire 2 lines
12-19 20:45:41.919  2343  2558 E NetlinkEvent: NetlinkEvent::FindParam(): Parameter 'INTERFACE' not found
12-19 20:45:41.919  2343  2558 E NetlinkEvent: NetlinkEvent::FindParam(): Parameter 'STATE' not found
12-19 20:45:41.919  2343  2558 E NetlinkEvent: NetlinkEvent::FindParam(): Parameter 'TIME_NS' not found
12-19 20:45:41.919  2343  2558 E NetlinkEvent: NetlinkEvent::FindParam(): Parameter 'UID' not found
12-19 20:45:42.319  2358  2358 W wificond: Scan is not started. Ignore abort request
12-19 20:45:42.847  3049  3597 I chatty  : uid=1000(system) ConnectivitySer expire 15 lines
12-19 20:45:44.014  3049  3938 I chatty  : uid=1000(system) Binder:3049_6 expire 2 lines
12-19 20:45:44.086  3049  3576 I chatty  : uid=1000(system) InputDispatcher expire 1 line
12-19 20:45:56.588  3049  6594 I chatty  : uid=1000(system) Binder:3049_18 expire 6 lines
12-19 20:45:59.884  2343  2558 E NetlinkEvent: NetlinkEvent::FindParam(): Parameter 'INTERFACE' not found
12-19 20:45:59.884  2343  2558 E NetlinkEvent: NetlinkEvent::FindParam(): Parameter 'STATE' not found
12-19 20:45:59.884  2343  2558 E NetlinkEvent: NetlinkEvent::FindParam(): Parameter 'TIME_NS' not found
12-19 20:45:59.884  2343  2558 E NetlinkEvent: NetlinkEvent::FindParam(): Parameter 'UID' not found
12-19 20:46:05.090  2343  2558 E NetlinkEvent: NetlinkEvent::FindParam(): Parameter 'INTERFACE' not found
12-19 20:46:05.090  2343  2558 E NetlinkEvent: NetlinkEvent::FindParam(): Parameter 'STATE' not found
12-19 20:46:05.090  2343  2558 E NetlinkEvent: NetlinkEvent::FindParam(): Parameter 'TIME_NS' not found
12-19 20:46:05.090  2343  2558 E NetlinkEvent: NetlinkEvent::FindParam(): Parameter 'UID' not found
12-19 20:46:11.012  2343  2558 E NetlinkEvent: NetlinkEvent::FindParam(): Parameter 'INTERFACE' not found
12-19 20:46:11.012  2343  2558 E NetlinkEvent: NetlinkEvent::FindParam(): Parameter 'STATE' not found
12-19 20:46:11.012  2343  2558 E NetlinkEvent: NetlinkEvent::FindParam(): Parameter 'TIME_NS' not found
12-19 20:46:11.012  2343  2558 E NetlinkEvent: NetlinkEvent::FindParam(): Parameter 'UID' not found
12-19 20:46:13.775  3049  3597 I chatty  : uid=1000(system) ConnectivitySer expire 10 lines
12-19 20:46:18.916  2343  2558 E NetlinkEvent: NetlinkEvent::FindParam(): Parameter 'INTERFACE' not found
12-19 20:46:18.916  2343  2558 E NetlinkEvent: NetlinkEvent::FindParam(): Parameter 'STATE' not found
12-19 20:46:18.916  2343  2558 E NetlinkEvent: NetlinkEvent::FindParam(): Parameter 'TIME_NS' not found
12-19 20:46:18.916  2343  2558 E NetlinkEvent: NetlinkEvent::FindParam(): Parameter 'UID' not found
12-19 20:46:24.097  2343  2558 E NetlinkEvent: NetlinkEvent::FindParam(): Parameter 'INTERFACE' not found
12-19 20:46:24.097  2343  2558 E NetlinkEvent: NetlinkEvent::FindParam(): Parameter 'STATE' not found
12-19 20:46:24.097  2343  2558 E NetlinkEvent: NetlinkEvent::FindParam(): Parameter 'TIME_NS' not found
12-19 20:46:24.097  2343  2558 E NetlinkEvent: NetlinkEvent::FindParam(): Parameter 'UID' not found
12-19 20:46:25.365  2357  2506 E storaged: getDiskStats failed with result NOT_SUPPORTED and size 0
12-19 20:46:30.629 16660 16680 F libc    : Fatal signal 11 (SIGSEGV), code 1 (SEGV_MAPERR), fault addr 0x38 in tid 16680 (SDLThread), pid 16660 (aappdomain.aapp)
12-19 20:46:30.782 16771 16771 F DEBUG   : *** *** *** *** *** *** *** *** *** *** *** *** *** *** *** ***
12-19 20:46:30.782 16771 16771 F DEBUG   : Build fingerprint: 'xiaomi/tissot/tissot_sprout:9/PKQ1.180917.001/V10.0.24.0.PDHMIXM:user/release-keys'
12-19 20:46:30.782 16771 16771 F DEBUG   : Revision: '0'
12-19 20:46:30.783 16771 16771 F DEBUG   : ABI: 'arm64'
12-19 20:46:30.783 16771 16771 F DEBUG   : pid: 16660, tid: 16680, name: SDLThread  >>> org.aappdomain.aapp <<<
12-19 20:46:30.783 16771 16771 F DEBUG   : signal 11 (SIGSEGV), code 1 (SEGV_MAPERR), fault addr 0x38
12-19 20:46:30.783 16771 16771 F DEBUG   : Cause: null pointer dereference
12-19 20:46:30.783 16771 16771 F DEBUG   :     x0  000000794e6ae600  x1  0000000000000003  x2  0000000000000000  x3  0000000000000000
12-19 20:46:30.783 16771 16771 F DEBUG   :     x4  0000000000008cd5  x5  000000794bcb0100  x6  0000000000008cd5  x7  000000794df4d6c0
12-19 20:46:30.783 16771 16771 F DEBUG   :     x8  0000000000000040  x9  0000000000000001  x10 0000000000000001  x11 0000000000000000
12-19 20:46:30.783 16771 16771 F DEBUG   :     x12 0000000000000001  x13 000000794bcb0190  x14 00000000000000ff  x15 0000000000000000
12-19 20:46:30.783 16771 16771 F DEBUG   :     x16 0000000000000000  x17 0000000000000001  x18 0000000000000002  x19 000000794df4d6c0
12-19 20:46:30.783 16771 16771 F DEBUG   :     x20 0000000000000000  x21 0000000000008be7  x22 0000000000000001  x23 0000000000000000
12-19 20:46:30.783 16771 16771 F DEBUG   :     x24 000000794bcb0190  x25 000000000000003c  x26 000000794df4da50  x27 0000000000000058
12-19 20:46:30.783 16771 16771 F DEBUG   :     x28 0000000000000000  x29 000000794f7500a0
12-19 20:46:30.783 16771 16771 F DEBUG   :     sp  000000794f750040  lr  000000795f223630  pc  000000795f223bd8
12-19 20:46:30.841 16771 16771 F DEBUG   : 
12-19 20:46:30.841 16771 16771 F DEBUG   : backtrace:
12-19 20:46:30.841 16771 16771 F DEBUG   :     #00 pc 000000000037abd8  /system/vendor/lib64/egl/libGLESv2_adreno.so (EsxContext::DrawParamValidate(unsigned int, int, int, int, int)+1704)
12-19 20:46:30.841 16771 16771 F DEBUG   :     #01 pc 000000000013caa4  /system/vendor/lib64/egl/libGLESv2_adreno.so (EsxGlApiParamValidate::GlDrawElements(EsxDispatch*, unsigned int, int, unsigned int, void const*)+156)
12-19 20:46:30.841 16771 16771 F DEBUG   :     #02 pc 0000000000005080  /data/data/org.aappdomain.aapp/files/app/_python_bundle/site-packages/kivy/graphics/vbo.so (offset 0x5000)
12-19 20:46:32.641  3049 16774 I chatty  : uid=1000 system_server expire 1 line
12-19 20:46:32.674  3049 16775 I chatty  : uid=1000 system_server expire 1 line
12-19 20:46:32.677  3049  3123 I chatty  : uid=1000(system) ActivityManager expire 15 lines
12-19 20:46:32.728  3049  3610 I chatty  : uid=1000(system) Binder:3049_3 expire 9 lines
12-19 20:46:32.796  3049  3151 I chatty  : uid=1000(system) android.display expire 5 lines
12-19 20:47:16.357  3049  8275 I chatty  : uid=1000(system) Binder:3049_1A expire 4 lines
12-19 20:47:25.366  2357  2506 E storaged: getDiskStats failed with result NOT_SUPPORTED and size 0
12-19 20:47:32.262  3049  3049 I chatty  : uid=1000 system_server expire 17 lines
12-19 20:47:36.995 16952 17027 W ActivityThread: ClassLoader.getResources: The class loader returned by Thread.getContextClassLoader() may fail for processes that host multiple applications. You should explicitly specify a context class loader. For example: Thread.setContextClassLoader(getClass().getClassLoader());
12-19 20:47:37.362  3049  7022 I chatty  : uid=1000(system) Binder:3049_19 expire 1 line
12-19 20:47:54.015  3049 15742 I chatty  : uid=1000(system) Binder:3049_20 expire 2 lines
12-19 20:48:13.050  3049  4285 I chatty  : uid=1000(system) Binder:3049_9 expire 8 lines
12-19 20:48:13.222  3049  5442 I chatty  : uid=1000(system) Binder:3049_14 expire 5 lines
12-19 20:48:25.368  2357  2506 E storaged: getDiskStats failed with result NOT_SUPPORTED and size 0
12-19 20:48:34.273  3049  3597 I chatty  : uid=1000(system) ConnectivitySer expire 4 lines
12-19 20:49:25.370  2357  2506 E storaged: getDiskStats failed with result NOT_SUPPORTED and size 0
12-19 20:49:52.158  3049  5179 I chatty  : uid=1000(system) Binder:3049_F expire 9 lines
12-19 20:50:25.371  2357  2506 E storaged: getDiskStats failed with result NOT_SUPPORTED and size 0
12-19 20:51:25.372  2357  2506 E storaged: getDiskStats failed with result NOT_SUPPORTED and size 0
12-19 20:51:35.755  3678  3678 V KeyguardStatusView: refresh statusview showing:true
12-19 20:51:35.760  3678  3678 V KeyguardDisplayManager: show
12-19 20:52:03.893  3049  3123 I chatty  : uid=1000(system) ActivityManager expire 13 lines
12-19 20:52:20.353  3049  3577 I chatty  : uid=1000(system) InputReader expire 1 line
12-19 20:52:23.729  3678  3678 V KeyguardDisplayManager: hide
12-19 20:52:23.735  3049  3049 I chatty  : uid=1000 system_server expire 10 lines
12-19 20:52:25.373  2357  2506 E storaged: getDiskStats failed with result NOT_SUPPORTED and size 0
12-19 20:52:34.544  3049  3557 I chatty  : uid=1000(system) android.anim expire 1 line
12-19 20:52:34.835 17461 17480 E ActivityThread: Failed to find provider info for com.qti.smq.Feedback.provider
12-19 20:52:34.881  3049  3125 I chatty  : uid=1000(system) ActivityManager expire 1 line
12-19 20:52:38.707 17461 17483 E ActivityThread: Failed to find provider info for com.qti.smq.Feedback.provider
12-19 20:52:42.974 17461 17480 E ActivityThread: Failed to find provider info for com.qti.smq.Feedback.provider
12-19 20:52:43.179  3049  5824 I chatty  : uid=1000(system) Binder:3049_17 expire 1 line
12-19 20:52:56.066  3049  3049 I chatty  : uid=1000 system_server expire 1 line
12-19 20:53:09.823  3049  3123 I chatty  : uid=1000(system) ActivityManager expire 28 lines
12-19 20:53:13.277  3049 10924 I chatty  : uid=1000(system) UsbDebuggingMan expire 1 line
12-19 20:53:13.278  3049  3148 I chatty  : uid=1000(system) android.fg expire 2 lines
12-19 20:53:14.589  3049  3074 I chatty  : uid=1000(system) Binder:3049_2 expire 5 lines
12-19 20:53:15.518  3049  5179 I chatty  : uid=1000(system) Binder:3049_F expire 6 lines
12-19 20:53:15.615  3049  3597 I chatty  : uid=1000(system) ConnectivitySer expire 10 lines
12-19 20:53:16.005  3049  3049 I chatty  : uid=1000 system_server expire 11 lines
12-19 20:53:25.374  2357  2506 E storaged: getDiskStats failed with result NOT_SUPPORTED and size 0
12-19 20:53:52.993  3049  3576 I chatty  : uid=1000(system) InputDispatcher expire 2 lines
12-19 20:53:57.734  3049  3125 I chatty  : uid=1000(system) ActivityManager expire 10 lines
12-19 20:54:00.253  3049  4285 I chatty  : uid=1000(system) Binder:3049_9 expire 4 lines
12-19 20:54:10.853  3049 15742 I chatty  : uid=1000(system) Binder:3049_20 expire 10 lines
12-19 20:54:25.379  2357  2506 E storaged: getDiskStats failed with result NOT_SUPPORTED and size 0
12-19 20:54:34.007 17461 17893 E ActivityThread: Failed to find provider info for com.qti.smq.Feedback.provider
12-19 20:54:34.839 17461 17461 W ContextImpl: Calling a method in the system process without a qualified user: android.app.ContextImpl.bindService:1611 android.content.ContextWrapper.bindService:698 android.content.pm.permission.RuntimePermissionPresenter$RemoteService.processMessage:171 android.content.pm.permission.RuntimePermissionPresenter.getAppPermissions:118 com.android.settingslib.applications.PermissionsSummaryHelper.getPermissionSummary:34 
12-19 20:54:39.845  3049  6594 I chatty  : uid=1000(system) Binder:3049_18 expire 1 line
12-19 20:54:39.845  3049  3817 I chatty  : uid=1000(system) Binder:3049_5 expire 4 lines
12-19 20:54:39.845  3049  5442 I chatty  : uid=1000(system) Binder:3049_14 expire 5 lines
12-19 20:54:42.182  3049  5158 I chatty  : uid=1000(system) Binder:3049_D expire 10 lines
12-19 20:54:42.184  3049  3123 I chatty  : uid=1000(system) ActivityManager expire 23 lines
12-19 20:54:43.033 17461 17897 E ActivityThread: Failed to find provider info for com.qti.smq.Feedback.provider
12-19 20:54:48.023 17461 17895 E ActivityThread: Failed to find provider info for com.qti.smq.Feedback.provider
12-19 20:54:49.599  3049  5824 I chatty  : uid=1000(system) Binder:3049_17 expire 6 lines
12-19 20:54:49.601  3049 12400 I chatty  : uid=1000(system) Binder:3049_1E expire 1 line
12-19 20:54:49.601  3049  5190 I chatty  : uid=1000(system) Binder:3049_10 expire 11 lines
12-19 20:54:49.601  3049  4262 I chatty  : uid=1000(system) Binder:3049_8 expire 1 line
12-19 20:54:49.607  3049  3073 I chatty  : uid=1000(system) Binder:3049_1 expire 5 lines
12-19 20:54:49.620  3049  3151 I chatty  : uid=1000(system) android.display expire 5 lines
12-19 20:54:52.896  3049  5376 I chatty  : uid=1000(system) Binder:3049_12 expire 4 lines
12-19 20:55:24.195 18001 18093 E ActivityThread: Failed to find provider info for com.miui.systemAdSolution.adSwitch
12-19 20:55:24.195 18001 18095 E ActivityThread: Failed to find provider info for com.miui.systemAdSolution.adSwitch
12-19 20:55:24.389  3049  4286 I chatty  : uid=1000(system) Binder:3049_A expire 8 lines
12-19 20:55:25.391  2357  2506 E storaged: getDiskStats failed with result NOT_SUPPORTED and size 0
12-19 20:55:28.230 18001 18281 E ActivityThread: Failed to find provider info for com.miui.systemAdSolution.adSwitch
12-19 20:55:36.255 18001 18058 W PackageParser: Ignoring duplicate uses-permissions/uses-permissions-sdk-m: android.permission.SYSTEM_ALERT_WINDOW in package: org.xbet.client1 at: Binary XML file line #25
12-19 20:55:36.256 18001 18058 W PackageParser: Ignoring duplicate uses-permissions/uses-permissions-sdk-m: android.permission.ACCESS_ALL_DOWNLOADS in package: org.xbet.client1 at: Binary XML file line #26
12-19 20:55:36.256 18001 18058 W PackageParser: Unknown element under <manifest>: queries at /storage/emulated/0/Download/1xbet (1).apk Binary XML file line #32
12-19 20:55:36.396 18001 18088 W PackageParser: Ignoring duplicate uses-permissions/uses-permissions-sdk-m: android.permission.SYSTEM_ALERT_WINDOW in package: org.xbet.client1 at: Binary XML file line #25
12-19 20:55:36.396 18001 18088 W PackageParser: Ignoring duplicate uses-permissions/uses-permissions-sdk-m: android.permission.ACCESS_ALL_DOWNLOADS in package: org.xbet.client1 at: Binary XML file line #26
12-19 20:55:36.396 18001 18088 W PackageParser: Unknown element under <manifest>: queries at /storage/emulated/0/Download/1xbet.apk Binary XML file line #32
12-19 20:56:25.191  2357  2506 E storaged: getDiskStats failed with result NOT_SUPPORTED and size 0
12-19 20:56:36.620  3049  3049 I chatty  : uid=1000 system_server expire 10 lines
12-19 20:56:44.882  3049  7022 I chatty  : uid=1000(system) Binder:3049_19 expire 6 lines
12-19 20:56:57.166  3049 14526 I chatty  : uid=1000(system) Binder:3049_1F expire 1 line
12-19 20:57:25.192  2357  2506 E storaged: getDiskStats failed with result NOT_SUPPORTED and size 0
12-19 20:57:36.003  3049  3122 I chatty  : uid=1000(system) android.bg expire 1 line
12-19 20:57:52.433  3049  3150 I chatty  : uid=1000(system) android.io expire 1 line
12-19 20:58:25.194  2357  2506 E storaged: getDiskStats failed with result NOT_SUPPORTED and size 0
12-19 20:58:51.771  3049  3049 I chatty  : uid=1000 system_server expire 10 lines
